[0.019s] Invoking command in '/dev_ws/build/ur': CMAKE_PREFIX_PATH=${CMAKE_PREFIX_PATH}:/opt/ros/humble PATH=/dev_ws/install/bin:${PATH} PYTHONPATH=/dev_ws/install/lib/python3.10/site-packages:/dev_ws/build/easy_handeye2:/dev_ws/install/local/lib/python3.10/dist-packages:/opt/ros/humble/lib/python3.10/site-packages:/opt/ros/humble/local/lib/python3.10/dist-packages /usr/bin/cmake /dev_ws/src/moveit2-introduction/Universal_Robots_ROS2_Driver/ur -DCMAKE_INSTALL_PREFIX=/dev_ws/install
[0.103s] -- The C compiler identification is GNU 11.4.0
[0.169s] -- The CXX compiler identification is GNU 11.4.0
[0.174s] -- Detecting C compiler ABI info
[0.291s] -- Detecting C compiler ABI info - done
[0.296s] -- Check for working C compiler: /usr/bin/cc - skipped
[0.296s] -- Detecting C compile features
[0.296s] -- Detecting C compile features - done
[0.298s] -- Detecting CXX compiler ABI info
[0.409s] -- Detecting CXX compiler ABI info - done
[0.416s] -- Check for working CXX compiler: /usr/bin/c++ - skipped
[0.416s] -- Detecting CXX compile features
[0.417s] -- Detecting CXX compile features - done
[0.418s] -- Found ament_cmake: 1.3.11 (/opt/ros/humble/share/ament_cmake/cmake)
[0.572s] -- Found Python3: /usr/bin/python3 (found version "3.10.12") found components: Interpreter 
[0.641s] -- Found ament_lint_auto: 0.12.12 (/opt/ros/humble/share/ament_lint_auto/cmake)
[0.697s] -- Added test 'lint_cmake' to check CMake code style
[0.698s] -- Added test 'xmllint' to check XML markup files
[0.699s] -- Configuring done
[0.701s] -- Generating done
[0.702s] -- Build files have been written to: /dev_ws/build/ur
[0.705s] Invoked command in '/dev_ws/build/ur' returned '0': CMAKE_PREFIX_PATH=${CMAKE_PREFIX_PATH}:/opt/ros/humble PATH=/dev_ws/install/bin:${PATH} PYTHONPATH=/dev_ws/install/lib/python3.10/site-packages:/dev_ws/build/easy_handeye2:/dev_ws/install/local/lib/python3.10/dist-packages:/opt/ros/humble/lib/python3.10/site-packages:/opt/ros/humble/local/lib/python3.10/dist-packages /usr/bin/cmake /dev_ws/src/moveit2-introduction/Universal_Robots_ROS2_Driver/ur -DCMAKE_INSTALL_PREFIX=/dev_ws/install
[0.706s] Invoking command in '/dev_ws/build/ur': CMAKE_PREFIX_PATH=${CMAKE_PREFIX_PATH}:/opt/ros/humble PATH=/dev_ws/install/bin:${PATH} PYTHONPATH=/dev_ws/install/lib/python3.10/site-packages:/dev_ws/build/easy_handeye2:/dev_ws/install/local/lib/python3.10/dist-packages:/opt/ros/humble/lib/python3.10/site-packages:/opt/ros/humble/local/lib/python3.10/dist-packages /usr/bin/cmake --build /dev_ws/build/ur -- -j20 -l20
[0.746s] Invoked command in '/dev_ws/build/ur' returned '0': CMAKE_PREFIX_PATH=${CMAKE_PREFIX_PATH}:/opt/ros/humble PATH=/dev_ws/install/bin:${PATH} PYTHONPATH=/dev_ws/install/lib/python3.10/site-packages:/dev_ws/build/easy_handeye2:/dev_ws/install/local/lib/python3.10/dist-packages:/opt/ros/humble/lib/python3.10/site-packages:/opt/ros/humble/local/lib/python3.10/dist-packages /usr/bin/cmake --build /dev_ws/build/ur -- -j20 -l20
[0.750s] Invoking command in '/dev_ws/build/ur': CMAKE_PREFIX_PATH=${CMAKE_PREFIX_PATH}:/opt/ros/humble PATH=/dev_ws/install/bin:${PATH} PYTHONPATH=/dev_ws/install/lib/python3.10/site-packages:/dev_ws/build/easy_handeye2:/dev_ws/install/local/lib/python3.10/dist-packages:/opt/ros/humble/lib/python3.10/site-packages:/opt/ros/humble/local/lib/python3.10/dist-packages /usr/bin/cmake --install /dev_ws/build/ur
[0.766s] -- Install configuration: ""
[0.767s] -- Installing: /dev_ws/install/share/ament_index/resource_index/package_run_dependencies/ur
[0.767s] -- Installing: /dev_ws/install/share/ament_index/resource_index/parent_prefix_path/ur
[0.767s] -- Installing: /dev_ws/install/share/ur/environment/ament_prefix_path.sh
[0.768s] -- Installing: /dev_ws/install/share/ur/environment/ament_prefix_path.dsv
[0.768s] -- Installing: /dev_ws/install/share/ur/environment/path.sh
[0.768s] -- Installing: /dev_ws/install/share/ur/environment/path.dsv
[0.768s] -- Installing: /dev_ws/install/share/ur/local_setup.bash
[0.768s] -- Installing: /dev_ws/install/share/ur/local_setup.sh
[0.768s] -- Installing: /dev_ws/install/share/ur/local_setup.zsh
[0.768s] -- Installing: /dev_ws/install/share/ur/local_setup.dsv
[0.768s] -- Installing: /dev_ws/install/share/ur/package.dsv
[0.769s] -- Installing: /dev_ws/install/share/ament_index/resource_index/packages/ur
[0.769s] -- Installing: /dev_ws/install/share/ur/cmake/urConfig.cmake
[0.769s] -- Installing: /dev_ws/install/share/ur/cmake/urConfig-version.cmake
[0.769s] -- Installing: /dev_ws/install/share/ur/package.xml
[0.771s] Invoked command in '/dev_ws/build/ur' returned '0': CMAKE_PREFIX_PATH=${CMAKE_PREFIX_PATH}:/opt/ros/humble PATH=/dev_ws/install/bin:${PATH} PYTHONPATH=/dev_ws/install/lib/python3.10/site-packages:/dev_ws/build/easy_handeye2:/dev_ws/install/local/lib/python3.10/dist-packages:/opt/ros/humble/lib/python3.10/site-packages:/opt/ros/humble/local/lib/python3.10/dist-packages /usr/bin/cmake --install /dev_ws/build/ur
