[0.066s] DEBUG:colcon:Command line arguments: ['/usr/bin/colcon', 'build', '--merge-install']
[0.066s] DEBUG:colcon:Parsed command line arguments: Namespace(log_base=None, log_level=None, verb_name='build', build_base='build', install_base='install', merge_install=True, symlink_install=False, test_result_base=None, continue_on_error=False, executor='parallel', parallel_workers=20, event_handlers=None, ignore_user_meta=False, metas=['./colcon.meta'], base_paths=['.'], packages_ignore=None, packages_ignore_regex=None, paths=None, packages_up_to=None, packages_up_to_regex=None, packages_above=None, packages_above_and_dependencies=None, packages_above_depth=None, packages_select_by_dep=None, packages_skip_by_dep=None, packages_skip_up_to=None, packages_select_build_failed=False, packages_skip_build_finished=False, packages_select_test_failures=False, packages_skip_test_passed=False, packages_select=None, packages_skip=None, packages_select_regex=None, packages_skip_regex=None, packages_start=None, packages_end=None, cmake_args=None, cmake_target=None, cmake_target_skip_unavailable=False, cmake_clean_cache=False, cmake_clean_first=False, cmake_force_configure=False, ament_cmake_args=None, catkin_cmake_args=None, catkin_skip_building_tests=False, mixin_files=None, mixin=None, verb_parser=<colcon_mixin.mixin.mixin_argument.MixinArgumentDecorator object at 0x773bdd071b10>, verb_extension=<colcon_core.verb.build.BuildVerb object at 0x773bdd071090>, main=<bound method BuildVerb.main of <colcon_core.verb.build.BuildVerb object at 0x773bdd071090>>, mixin_verb=('build',))
[0.163s] Level 1:colcon.colcon_core.package_discovery:discover_packages(colcon_meta) check parameters
[0.163s] Level 1:colcon.colcon_core.package_discovery:discover_packages(recursive) check parameters
[0.163s] Level 1:colcon.colcon_core.package_discovery:discover_packages(ignore) check parameters
[0.163s] Level 1:colcon.colcon_core.package_discovery:discover_packages(path) check parameters
[0.163s] Level 1:colcon.colcon_core.package_discovery:discover_packages(colcon_meta) discover
[0.163s] Level 1:colcon.colcon_core.package_discovery:discover_packages(recursive) discover
[0.163s] INFO:colcon.colcon_core.package_discovery:Crawling recursively for packages in '/dev_ws'
[0.163s] Level 1:colcon.colcon_core.package_identification:_identify(.) by extensions ['ignore', 'ignore_ament_install']
[0.163s] Level 1:colcon.colcon_core.package_identification:_identify(.) by extension 'ignore'
[0.163s] Level 1:colcon.colcon_core.package_identification:_identify(.) by extension 'ignore_ament_install'
[0.163s] Level 1:colcon.colcon_core.package_identification:_identify(.) by extensions ['colcon_pkg']
[0.163s] Level 1:colcon.colcon_core.package_identification:_identify(.) by extension 'colcon_pkg'
[0.163s] Level 1:colcon.colcon_core.package_identification:_identify(.) by extensions ['colcon_meta']
[0.163s] Level 1:colcon.colcon_core.package_identification:_identify(.) by extension 'colcon_meta'
[0.163s] Level 1:colcon.colcon_core.package_identification:_identify(.) by extensions ['ros']
[0.163s] Level 1:colcon.colcon_core.package_identification:_identify(.) by extension 'ros'
[0.170s] Level 1:colcon.colcon_core.package_identification:_identify(.) by extensions ['cmake', 'python']
[0.170s] Level 1:colcon.colcon_core.package_identification:_identify(.) by extension 'cmake'
[0.170s] Level 1:colcon.colcon_core.package_identification:_identify(.) by extension 'python'
[0.170s] Level 1:colcon.colcon_core.package_identification:_identify(.) by extensions ['python_setup_py']
[0.170s] Level 1:colcon.colcon_core.package_identification:_identify(.) by extension 'python_setup_py'
[0.171s] Level 1:colcon.colcon_core.package_identification:_identify(build) by extensions ['ignore', 'ignore_ament_install']
[0.171s] Level 1:colcon.colcon_core.package_identification:_identify(build) by extension 'ignore'
[0.171s] Level 1:colcon.colcon_core.package_identification:_identify(build) ignored
[0.171s] Level 1:colcon.colcon_core.package_identification:_identify(install) by extensions ['ignore', 'ignore_ament_install']
[0.171s] Level 1:colcon.colcon_core.package_identification:_identify(install) by extension 'ignore'
[0.171s] Level 1:colcon.colcon_core.package_identification:_identify(install) ignored
[0.171s] Level 1:colcon.colcon_core.package_identification:_identify(log) by extensions ['ignore', 'ignore_ament_install']
[0.171s] Level 1:colcon.colcon_core.package_identification:_identify(log) by extension 'ignore'
[0.171s] Level 1:colcon.colcon_core.package_identification:_identify(log) ignored
[0.171s] Level 1:colcon.colcon_core.package_identification:_identify(src) by extensions ['ignore', 'ignore_ament_install']
[0.171s] Level 1:colcon.colcon_core.package_identification:_identify(src) by extension 'ignore'
[0.171s] Level 1:colcon.colcon_core.package_identification:_identify(src) by extension 'ignore_ament_install'
[0.171s] Level 1:colcon.colcon_core.package_identification:_identify(src) by extensions ['colcon_pkg']
[0.171s] Level 1:colcon.colcon_core.package_identification:_identify(src) by extension 'colcon_pkg'
[0.171s] Level 1:colcon.colcon_core.package_identification:_identify(src) by extensions ['colcon_meta']
[0.171s] Level 1:colcon.colcon_core.package_identification:_identify(src) by extension 'colcon_meta'
[0.171s] Level 1:colcon.colcon_core.package_identification:_identify(src) by extensions ['ros']
[0.171s] Level 1:colcon.colcon_core.package_identification:_identify(src) by extension 'ros'
[0.171s] Level 1:colcon.colcon_core.package_identification:_identify(src) by extensions ['cmake', 'python']
[0.171s] Level 1:colcon.colcon_core.package_identification:_identify(src) by extension 'cmake'
[0.171s] Level 1:colcon.colcon_core.package_identification:_identify(src) by extension 'python'
[0.171s] Level 1:colcon.colcon_core.package_identification:_identify(src) by extensions ['python_setup_py']
[0.171s] Level 1:colcon.colcon_core.package_identification:_identify(src) by extension 'python_setup_py'
[0.171s] Level 1:colcon.colcon_core.package_identification:_identify(src/easy_handeye2) by extensions ['ignore', 'ignore_ament_install']
[0.171s] Level 1:colcon.colcon_core.package_identification:_identify(src/easy_handeye2) by extension 'ignore'
[0.171s] Level 1:colcon.colcon_core.package_identification:_identify(src/easy_handeye2) by extension 'ignore_ament_install'
[0.171s] Level 1:colcon.colcon_core.package_identification:_identify(src/easy_handeye2) by extensions ['colcon_pkg']
[0.171s] Level 1:colcon.colcon_core.package_identification:_identify(src/easy_handeye2) by extension 'colcon_pkg'
[0.171s] Level 1:colcon.colcon_core.package_identification:_identify(src/easy_handeye2) by extensions ['colcon_meta']
[0.171s] Level 1:colcon.colcon_core.package_identification:_identify(src/easy_handeye2) by extension 'colcon_meta'
[0.171s] Level 1:colcon.colcon_core.package_identification:_identify(src/easy_handeye2) by extensions ['ros']
[0.172s] Level 1:colcon.colcon_core.package_identification:_identify(src/easy_handeye2) by extension 'ros'
[0.172s] Level 1:colcon.colcon_core.package_identification:_identify(src/easy_handeye2) by extensions ['cmake', 'python']
[0.172s] Level 1:colcon.colcon_core.package_identification:_identify(src/easy_handeye2) by extension 'cmake'
[0.172s] Level 1:colcon.colcon_core.package_identification:_identify(src/easy_handeye2) by extension 'python'
[0.172s] Level 1:colcon.colcon_core.package_identification:_identify(src/easy_handeye2) by extensions ['python_setup_py']
[0.172s] Level 1:colcon.colcon_core.package_identification:_identify(src/easy_handeye2) by extension 'python_setup_py'
[0.172s] Level 1:colcon.colcon_core.package_identification:_identify(src/easy_handeye2/docs) by extensions ['ignore', 'ignore_ament_install']
[0.172s] Level 1:colcon.colcon_core.package_identification:_identify(src/easy_handeye2/docs) by extension 'ignore'
[0.172s] Level 1:colcon.colcon_core.package_identification:_identify(src/easy_handeye2/docs) by extension 'ignore_ament_install'
[0.172s] Level 1:colcon.colcon_core.package_identification:_identify(src/easy_handeye2/docs) by extensions ['colcon_pkg']
[0.172s] Level 1:colcon.colcon_core.package_identification:_identify(src/easy_handeye2/docs) by extension 'colcon_pkg'
[0.172s] Level 1:colcon.colcon_core.package_identification:_identify(src/easy_handeye2/docs) by extensions ['colcon_meta']
[0.172s] Level 1:colcon.colcon_core.package_identification:_identify(src/easy_handeye2/docs) by extension 'colcon_meta'
[0.172s] Level 1:colcon.colcon_core.package_identification:_identify(src/easy_handeye2/docs) by extensions ['ros']
[0.172s] Level 1:colcon.colcon_core.package_identification:_identify(src/easy_handeye2/docs) by extension 'ros'
[0.172s] Level 1:colcon.colcon_core.package_identification:_identify(src/easy_handeye2/docs) by extensions ['cmake', 'python']
[0.172s] Level 1:colcon.colcon_core.package_identification:_identify(src/easy_handeye2/docs) by extension 'cmake'
[0.172s] Level 1:colcon.colcon_core.package_identification:_identify(src/easy_handeye2/docs) by extension 'python'
[0.172s] Level 1:colcon.colcon_core.package_identification:_identify(src/easy_handeye2/docs) by extensions ['python_setup_py']
[0.172s] Level 1:colcon.colcon_core.package_identification:_identify(src/easy_handeye2/docs) by extension 'python_setup_py'
[0.172s] Level 1:colcon.colcon_core.package_identification:_identify(src/easy_handeye2/docs/img) by extensions ['ignore', 'ignore_ament_install']
[0.172s] Level 1:colcon.colcon_core.package_identification:_identify(src/easy_handeye2/docs/img) by extension 'ignore'
[0.172s] Level 1:colcon.colcon_core.package_identification:_identify(src/easy_handeye2/docs/img) by extension 'ignore_ament_install'
[0.172s] Level 1:colcon.colcon_core.package_identification:_identify(src/easy_handeye2/docs/img) by extensions ['colcon_pkg']
[0.172s] Level 1:colcon.colcon_core.package_identification:_identify(src/easy_handeye2/docs/img) by extension 'colcon_pkg'
[0.172s] Level 1:colcon.colcon_core.package_identification:_identify(src/easy_handeye2/docs/img) by extensions ['colcon_meta']
[0.172s] Level 1:colcon.colcon_core.package_identification:_identify(src/easy_handeye2/docs/img) by extension 'colcon_meta'
[0.172s] Level 1:colcon.colcon_core.package_identification:_identify(src/easy_handeye2/docs/img) by extensions ['ros']
[0.172s] Level 1:colcon.colcon_core.package_identification:_identify(src/easy_handeye2/docs/img) by extension 'ros'
[0.172s] Level 1:colcon.colcon_core.package_identification:_identify(src/easy_handeye2/docs/img) by extensions ['cmake', 'python']
[0.172s] Level 1:colcon.colcon_core.package_identification:_identify(src/easy_handeye2/docs/img) by extension 'cmake'
[0.172s] Level 1:colcon.colcon_core.package_identification:_identify(src/easy_handeye2/docs/img) by extension 'python'
[0.172s] Level 1:colcon.colcon_core.package_identification:_identify(src/easy_handeye2/docs/img) by extensions ['python_setup_py']
[0.172s] Level 1:colcon.colcon_core.package_identification:_identify(src/easy_handeye2/docs/img) by extension 'python_setup_py'
[0.172s] Level 1:colcon.colcon_core.package_identification:_identify(src/easy_handeye2/easy_handeye2) by extensions ['ignore', 'ignore_ament_install']
[0.172s] Level 1:colcon.colcon_core.package_identification:_identify(src/easy_handeye2/easy_handeye2) by extension 'ignore'
[0.173s] Level 1:colcon.colcon_core.package_identification:_identify(src/easy_handeye2/easy_handeye2) by extension 'ignore_ament_install'
[0.173s] Level 1:colcon.colcon_core.package_identification:_identify(src/easy_handeye2/easy_handeye2) by extensions ['colcon_pkg']
[0.173s] Level 1:colcon.colcon_core.package_identification:_identify(src/easy_handeye2/easy_handeye2) by extension 'colcon_pkg'
[0.173s] Level 1:colcon.colcon_core.package_identification:_identify(src/easy_handeye2/easy_handeye2) by extensions ['colcon_meta']
[0.173s] Level 1:colcon.colcon_core.package_identification:_identify(src/easy_handeye2/easy_handeye2) by extension 'colcon_meta'
[0.173s] Level 1:colcon.colcon_core.package_identification:_identify(src/easy_handeye2/easy_handeye2) by extensions ['ros']
[0.173s] Level 1:colcon.colcon_core.package_identification:_identify(src/easy_handeye2/easy_handeye2) by extension 'ros'
[0.174s] DEBUG:colcon.colcon_core.package_identification:Package 'src/easy_handeye2/easy_handeye2' with type 'ros.ament_python' and name 'easy_handeye2'
[0.174s] Level 1:colcon.colcon_core.package_identification:_identify(src/easy_handeye2/easy_handeye2_msgs) by extensions ['ignore', 'ignore_ament_install']
[0.174s] Level 1:colcon.colcon_core.package_identification:_identify(src/easy_handeye2/easy_handeye2_msgs) by extension 'ignore'
[0.174s] Level 1:colcon.colcon_core.package_identification:_identify(src/easy_handeye2/easy_handeye2_msgs) by extension 'ignore_ament_install'
[0.174s] Level 1:colcon.colcon_core.package_identification:_identify(src/easy_handeye2/easy_handeye2_msgs) by extensions ['colcon_pkg']
[0.174s] Level 1:colcon.colcon_core.package_identification:_identify(src/easy_handeye2/easy_handeye2_msgs) by extension 'colcon_pkg'
[0.174s] Level 1:colcon.colcon_core.package_identification:_identify(src/easy_handeye2/easy_handeye2_msgs) by extensions ['colcon_meta']
[0.174s] Level 1:colcon.colcon_core.package_identification:_identify(src/easy_handeye2/easy_handeye2_msgs) by extension 'colcon_meta'
[0.174s] Level 1:colcon.colcon_core.package_identification:_identify(src/easy_handeye2/easy_handeye2_msgs) by extensions ['ros']
[0.174s] Level 1:colcon.colcon_core.package_identification:_identify(src/easy_handeye2/easy_handeye2_msgs) by extension 'ros'
[0.175s] DEBUG:colcon.colcon_core.package_identification:Package 'src/easy_handeye2/easy_handeye2_msgs' with type 'ros.ament_cmake' and name 'easy_handeye2_msgs'
[0.175s] Level 1:colcon.colcon_core.package_identification:_identify(src/moveit2-introduction) by extensions ['ignore', 'ignore_ament_install']
[0.175s] Level 1:colcon.colcon_core.package_identification:_identify(src/moveit2-introduction) by extension 'ignore'
[0.175s] Level 1:colcon.colcon_core.package_identification:_identify(src/moveit2-introduction) by extension 'ignore_ament_install'
[0.175s] Level 1:colcon.colcon_core.package_identification:_identify(src/moveit2-introduction) by extensions ['colcon_pkg']
[0.175s] Level 1:colcon.colcon_core.package_identification:_identify(src/moveit2-introduction) by extension 'colcon_pkg'
[0.175s] Level 1:colcon.colcon_core.package_identification:_identify(src/moveit2-introduction) by extensions ['colcon_meta']
[0.175s] Level 1:colcon.colcon_core.package_identification:_identify(src/moveit2-introduction) by extension 'colcon_meta'
[0.175s] Level 1:colcon.colcon_core.package_identification:_identify(src/moveit2-introduction) by extensions ['ros']
[0.175s] Level 1:colcon.colcon_core.package_identification:_identify(src/moveit2-introduction) by extension 'ros'
[0.175s] Level 1:colcon.colcon_core.package_identification:_identify(src/moveit2-introduction) by extensions ['cmake', 'python']
[0.175s] Level 1:colcon.colcon_core.package_identification:_identify(src/moveit2-introduction) by extension 'cmake'
[0.175s] Level 1:colcon.colcon_core.package_identification:_identify(src/moveit2-introduction) by extension 'python'
[0.175s] Level 1:colcon.colcon_core.package_identification:_identify(src/moveit2-introduction) by extensions ['python_setup_py']
[0.175s] Level 1:colcon.colcon_core.package_identification:_identify(src/moveit2-introduction) by extension 'python_setup_py'
[0.175s] Level 1:colcon.colcon_core.package_identification:_identify(src/moveit2-introduction/Universal_Robots_ROS2_Driver) by extensions ['ignore', 'ignore_ament_install']
[0.176s] Level 1:colcon.colcon_core.package_identification:_identify(src/moveit2-introduction/Universal_Robots_ROS2_Driver) by extension 'ignore'
[0.176s] Level 1:colcon.colcon_core.package_identification:_identify(src/moveit2-introduction/Universal_Robots_ROS2_Driver) by extension 'ignore_ament_install'
[0.176s] Level 1:colcon.colcon_core.package_identification:_identify(src/moveit2-introduction/Universal_Robots_ROS2_Driver) by extensions ['colcon_pkg']
[0.176s] Level 1:colcon.colcon_core.package_identification:_identify(src/moveit2-introduction/Universal_Robots_ROS2_Driver) by extension 'colcon_pkg'
[0.176s] Level 1:colcon.colcon_core.package_identification:_identify(src/moveit2-introduction/Universal_Robots_ROS2_Driver) by extensions ['colcon_meta']
[0.176s] Level 1:colcon.colcon_core.package_identification:_identify(src/moveit2-introduction/Universal_Robots_ROS2_Driver) by extension 'colcon_meta'
[0.176s] Level 1:colcon.colcon_core.package_identification:_identify(src/moveit2-introduction/Universal_Robots_ROS2_Driver) by extensions ['ros']
[0.176s] Level 1:colcon.colcon_core.package_identification:_identify(src/moveit2-introduction/Universal_Robots_ROS2_Driver) by extension 'ros'
[0.176s] Level 1:colcon.colcon_core.package_identification:_identify(src/moveit2-introduction/Universal_Robots_ROS2_Driver) by extensions ['cmake', 'python']
[0.176s] Level 1:colcon.colcon_core.package_identification:_identify(src/moveit2-introduction/Universal_Robots_ROS2_Driver) by extension 'cmake'
[0.176s] Level 1:colcon.colcon_core.package_identification:_identify(src/moveit2-introduction/Universal_Robots_ROS2_Driver) by extension 'python'
[0.176s] Level 1:colcon.colcon_core.package_identification:_identify(src/moveit2-introduction/Universal_Robots_ROS2_Driver) by extensions ['python_setup_py']
[0.176s] Level 1:colcon.colcon_core.package_identification:_identify(src/moveit2-introduction/Universal_Robots_ROS2_Driver) by extension 'python_setup_py'
[0.176s] Level 1:colcon.colcon_core.package_identification:_identify(src/moveit2-introduction/pymoveit2) by extensions ['ignore', 'ignore_ament_install']
[0.176s] Level 1:colcon.colcon_core.package_identification:_identify(src/moveit2-introduction/pymoveit2) by extension 'ignore'
[0.176s] Level 1:colcon.colcon_core.package_identification:_identify(src/moveit2-introduction/pymoveit2) by extension 'ignore_ament_install'
[0.176s] Level 1:colcon.colcon_core.package_identification:_identify(src/moveit2-introduction/pymoveit2) by extensions ['colcon_pkg']
[0.176s] Level 1:colcon.colcon_core.package_identification:_identify(src/moveit2-introduction/pymoveit2) by extension 'colcon_pkg'
[0.176s] Level 1:colcon.colcon_core.package_identification:_identify(src/moveit2-introduction/pymoveit2) by extensions ['colcon_meta']
[0.176s] Level 1:colcon.colcon_core.package_identification:_identify(src/moveit2-introduction/pymoveit2) by extension 'colcon_meta'
[0.176s] Level 1:colcon.colcon_core.package_identification:_identify(src/moveit2-introduction/pymoveit2) by extensions ['ros']
[0.176s] Level 1:colcon.colcon_core.package_identification:_identify(src/moveit2-introduction/pymoveit2) by extension 'ros'
[0.176s] Level 1:colcon.colcon_core.package_identification:_identify(src/moveit2-introduction/pymoveit2) by extensions ['cmake', 'python']
[0.176s] Level 1:colcon.colcon_core.package_identification:_identify(src/moveit2-introduction/pymoveit2) by extension 'cmake'
[0.176s] Level 1:colcon.colcon_core.package_identification:_identify(src/moveit2-introduction/pymoveit2) by extension 'python'
[0.176s] Level 1:colcon.colcon_core.package_identification:_identify(src/moveit2-introduction/pymoveit2) by extensions ['python_setup_py']
[0.176s] Level 1:colcon.colcon_core.package_identification:_identify(src/moveit2-introduction/pymoveit2) by extension 'python_setup_py'
[0.176s] Level 1:colcon.colcon_core.package_identification:_identify(src/moveit2-introduction/ur_commander) by extensions ['ignore', 'ignore_ament_install']
[0.176s] Level 1:colcon.colcon_core.package_identification:_identify(src/moveit2-introduction/ur_commander) by extension 'ignore'
[0.176s] Level 1:colcon.colcon_core.package_identification:_identify(src/moveit2-introduction/ur_commander) by extension 'ignore_ament_install'
[0.176s] Level 1:colcon.colcon_core.package_identification:_identify(src/moveit2-introduction/ur_commander) by extensions ['colcon_pkg']
[0.176s] Level 1:colcon.colcon_core.package_identification:_identify(src/moveit2-introduction/ur_commander) by extension 'colcon_pkg'
[0.176s] Level 1:colcon.colcon_core.package_identification:_identify(src/moveit2-introduction/ur_commander) by extensions ['colcon_meta']
[0.176s] Level 1:colcon.colcon_core.package_identification:_identify(src/moveit2-introduction/ur_commander) by extension 'colcon_meta'
[0.176s] Level 1:colcon.colcon_core.package_identification:_identify(src/moveit2-introduction/ur_commander) by extensions ['ros']
[0.176s] Level 1:colcon.colcon_core.package_identification:_identify(src/moveit2-introduction/ur_commander) by extension 'ros'
[0.177s] DEBUG:colcon.colcon_core.package_identification:Package 'src/moveit2-introduction/ur_commander' with type 'ros.ament_cmake' and name 'ur_commander'
[0.177s] Level 1:colcon.colcon_core.package_discovery:discover_packages(recursive) using defaults
[0.177s] Level 1:colcon.colcon_core.package_discovery:discover_packages(ignore) discover
[0.177s] Level 1:colcon.colcon_core.package_discovery:discover_packages(ignore) using defaults
[0.177s] Level 1:colcon.colcon_core.package_discovery:discover_packages(path) discover
[0.177s] Level 1:colcon.colcon_core.package_discovery:discover_packages(path) using defaults
[0.196s] Level 5:colcon.colcon_core.verb:set package 'easy_handeye2_msgs' build argument 'cmake_args' from command line to 'None'
[0.196s] Level 5:colcon.colcon_core.verb:set package 'easy_handeye2_msgs' build argument 'cmake_target' from command line to 'None'
[0.196s] Level 5:colcon.colcon_core.verb:set package 'easy_handeye2_msgs' build argument 'cmake_target_skip_unavailable' from command line to 'False'
[0.196s] Level 5:colcon.colcon_core.verb:set package 'easy_handeye2_msgs' build argument 'cmake_clean_cache' from command line to 'False'
[0.196s] Level 5:colcon.colcon_core.verb:set package 'easy_handeye2_msgs' build argument 'cmake_clean_first' from command line to 'False'
[0.196s] Level 5:colcon.colcon_core.verb:set package 'easy_handeye2_msgs' build argument 'cmake_force_configure' from command line to 'False'
[0.196s] Level 5:colcon.colcon_core.verb:set package 'easy_handeye2_msgs' build argument 'ament_cmake_args' from command line to 'None'
[0.196s] Level 5:colcon.colcon_core.verb:set package 'easy_handeye2_msgs' build argument 'catkin_cmake_args' from command line to 'None'
[0.196s] Level 5:colcon.colcon_core.verb:set package 'easy_handeye2_msgs' build argument 'catkin_skip_building_tests' from command line to 'False'
[0.196s] DEBUG:colcon.colcon_core.verb:Building package 'easy_handeye2_msgs' with the following arguments: {'ament_cmake_args': None, 'build_base': '/dev_ws/build/easy_handeye2_msgs', 'catkin_cmake_args': None, 'catkin_skip_building_tests': False, 'cmake_args': None, 'cmake_clean_cache': False, 'cmake_clean_first': False, 'cmake_force_configure': False, 'cmake_target': None, 'cmake_target_skip_unavailable': False, 'install_base': '/dev_ws/install', 'merge_install': True, 'path': '/dev_ws/src/easy_handeye2/easy_handeye2_msgs', 'symlink_install': False, 'test_result_base': None}
[0.196s] Level 5:colcon.colcon_core.verb:set package 'ur_commander' build argument 'cmake_args' from command line to 'None'
[0.196s] Level 5:colcon.colcon_core.verb:set package 'ur_commander' build argument 'cmake_target' from command line to 'None'
[0.196s] Level 5:colcon.colcon_core.verb:set package 'ur_commander' build argument 'cmake_target_skip_unavailable' from command line to 'False'
[0.196s] Level 5:colcon.colcon_core.verb:set package 'ur_commander' build argument 'cmake_clean_cache' from command line to 'False'
[0.196s] Level 5:colcon.colcon_core.verb:set package 'ur_commander' build argument 'cmake_clean_first' from command line to 'False'
[0.197s] Level 5:colcon.colcon_core.verb:set package 'ur_commander' build argument 'cmake_force_configure' from command line to 'False'
[0.197s] Level 5:colcon.colcon_core.verb:set package 'ur_commander' build argument 'ament_cmake_args' from command line to 'None'
[0.197s] Level 5:colcon.colcon_core.verb:set package 'ur_commander' build argument 'catkin_cmake_args' from command line to 'None'
[0.197s] Level 5:colcon.colcon_core.verb:set package 'ur_commander' build argument 'catkin_skip_building_tests' from command line to 'False'
[0.197s] DEBUG:colcon.colcon_core.verb:Building package 'ur_commander' with the following arguments: {'ament_cmake_args': None, 'build_base': '/dev_ws/build/ur_commander', 'catkin_cmake_args': None, 'catkin_skip_building_tests': False, 'cmake_args': None, 'cmake_clean_cache': False, 'cmake_clean_first': False, 'cmake_force_configure': False, 'cmake_target': None, 'cmake_target_skip_unavailable': False, 'install_base': '/dev_ws/install', 'merge_install': True, 'path': '/dev_ws/src/moveit2-introduction/ur_commander', 'symlink_install': False, 'test_result_base': None}
[0.197s] Level 5:colcon.colcon_core.verb:set package 'easy_handeye2' build argument 'cmake_args' from command line to 'None'
[0.197s] Level 5:colcon.colcon_core.verb:set package 'easy_handeye2' build argument 'cmake_target' from command line to 'None'
[0.197s] Level 5:colcon.colcon_core.verb:set package 'easy_handeye2' build argument 'cmake_target_skip_unavailable' from command line to 'False'
[0.197s] Level 5:colcon.colcon_core.verb:set package 'easy_handeye2' build argument 'cmake_clean_cache' from command line to 'False'
[0.197s] Level 5:colcon.colcon_core.verb:set package 'easy_handeye2' build argument 'cmake_clean_first' from command line to 'False'
[0.197s] Level 5:colcon.colcon_core.verb:set package 'easy_handeye2' build argument 'cmake_force_configure' from command line to 'False'
[0.197s] Level 5:colcon.colcon_core.verb:set package 'easy_handeye2' build argument 'ament_cmake_args' from command line to 'None'
[0.197s] Level 5:colcon.colcon_core.verb:set package 'easy_handeye2' build argument 'catkin_cmake_args' from command line to 'None'
[0.197s] Level 5:colcon.colcon_core.verb:set package 'easy_handeye2' build argument 'catkin_skip_building_tests' from command line to 'False'
[0.197s] DEBUG:colcon.colcon_core.verb:Building package 'easy_handeye2' with the following arguments: {'ament_cmake_args': None, 'build_base': '/dev_ws/build/easy_handeye2', 'catkin_cmake_args': None, 'catkin_skip_building_tests': False, 'cmake_args': None, 'cmake_clean_cache': False, 'cmake_clean_first': False, 'cmake_force_configure': False, 'cmake_target': None, 'cmake_target_skip_unavailable': False, 'install_base': '/dev_ws/install', 'merge_install': True, 'path': '/dev_ws/src/easy_handeye2/easy_handeye2', 'symlink_install': False, 'test_result_base': None}
[0.197s] INFO:colcon.colcon_core.executor:Executing jobs using 'parallel' executor
[0.198s] DEBUG:colcon.colcon_parallel_executor.executor.parallel:run_until_complete
[0.198s] INFO:colcon.colcon_ros.task.ament_cmake.build:Building ROS package in '/dev_ws/src/easy_handeye2/easy_handeye2_msgs' with build type 'ament_cmake'
[0.198s] INFO:colcon.colcon_cmake.task.cmake.build:Building CMake package in '/dev_ws/src/easy_handeye2/easy_handeye2_msgs'
[0.199s] INFO:colcon.colcon_core.plugin_system:Skipping extension 'colcon_core.shell.bat': Not used on non-Windows systems
[0.199s] INFO:colcon.colcon_core.shell:Skip shell extension 'powershell' for command environment: Not usable outside of PowerShell
[0.200s] DEBUG:colcon.colcon_core.shell:Skip shell extension 'dsv' for command environment
[0.202s] INFO:colcon.colcon_ros.task.ament_cmake.build:Building ROS package in '/dev_ws/src/moveit2-introduction/ur_commander' with build type 'ament_cmake'
[0.202s] INFO:colcon.colcon_cmake.task.cmake.build:Building CMake package in '/dev_ws/src/moveit2-introduction/ur_commander'
[0.203s] INFO:colcon.colcon_core.shell:Skip shell extension 'powershell' for command environment: Not usable outside of PowerShell
[0.203s] DEBUG:colcon.colcon_core.shell:Skip shell extension 'dsv' for command environment
[0.209s] DEBUG:colcon.colcon_core.event_handler.log_command:Invoking command in '/dev_ws/build/easy_handeye2_msgs': CMAKE_PREFIX_PATH=${CMAKE_PREFIX_PATH}:/opt/ros/humble /usr/bin/cmake --build /dev_ws/build/easy_handeye2_msgs -- -j20 -l20
[0.210s] DEBUG:colcon.colcon_core.event_handler.log_command:Invoking command in '/dev_ws/build/ur_commander': CMAKE_PREFIX_PATH=${CMAKE_PREFIX_PATH}:/opt/ros/humble /usr/bin/cmake /dev_ws/src/moveit2-introduction/ur_commander -DCMAKE_INSTALL_PREFIX=/dev_ws/install
[0.472s] DEBUG:colcon.colcon_core.event_handler.log_command:Invoked command in '/dev_ws/build/easy_handeye2_msgs' returned '0': CMAKE_PREFIX_PATH=${CMAKE_PREFIX_PATH}:/opt/ros/humble /usr/bin/cmake --build /dev_ws/build/easy_handeye2_msgs -- -j20 -l20
[0.480s] DEBUG:colcon.colcon_core.event_handler.log_command:Invoking command in '/dev_ws/build/easy_handeye2_msgs': CMAKE_PREFIX_PATH=${CMAKE_PREFIX_PATH}:/opt/ros/humble /usr/bin/cmake --install /dev_ws/build/easy_handeye2_msgs
[0.528s] Level 1:colcon.colcon_core.environment:create_environment_scripts_only(easy_handeye2_msgs)
[0.528s] DEBUG:colcon.colcon_core.event_handler.log_command:Invoked command in '/dev_ws/build/easy_handeye2_msgs' returned '0': CMAKE_PREFIX_PATH=${CMAKE_PREFIX_PATH}:/opt/ros/humble /usr/bin/cmake --install /dev_ws/build/easy_handeye2_msgs
[0.529s] Level 1:colcon.colcon_core.environment:checking '/dev_ws/install' for CMake module files
[0.530s] Level 1:colcon.colcon_core.environment:checking '/dev_ws/install' for CMake config files
[0.530s] Level 1:colcon.colcon_core.shell:create_environment_hook('easy_handeye2_msgs', 'cmake_prefix_path')
[0.530s] INFO:colcon.colcon_core.shell:Creating environment hook '/dev_ws/install/share/easy_handeye2_msgs/hook/cmake_prefix_path.ps1'
[0.531s] INFO:colcon.colcon_core.shell:Creating environment descriptor '/dev_ws/install/share/easy_handeye2_msgs/hook/cmake_prefix_path.dsv'
[0.531s] INFO:colcon.colcon_core.shell:Creating environment hook '/dev_ws/install/share/easy_handeye2_msgs/hook/cmake_prefix_path.sh'
[0.532s] Level 1:colcon.colcon_core.environment:checking '/dev_ws/install/lib'
[0.532s] Level 1:colcon.colcon_core.shell:create_environment_hook('easy_handeye2_msgs', 'ld_library_path_lib')
[0.532s] INFO:colcon.colcon_core.shell:Creating environment hook '/dev_ws/install/share/easy_handeye2_msgs/hook/ld_library_path_lib.ps1'
[0.532s] INFO:colcon.colcon_core.shell:Creating environment descriptor '/dev_ws/install/share/easy_handeye2_msgs/hook/ld_library_path_lib.dsv'
[0.532s] INFO:colcon.colcon_core.shell:Creating environment hook '/dev_ws/install/share/easy_handeye2_msgs/hook/ld_library_path_lib.sh'
[0.533s] Level 1:colcon.colcon_core.environment:checking '/dev_ws/install/bin'
[0.533s] Level 1:colcon.colcon_core.environment:checking '/dev_ws/install/lib/pkgconfig/easy_handeye2_msgs.pc'
[0.534s] Level 1:colcon.colcon_core.environment:checking '/dev_ws/install/lib/python3.10/site-packages'
[0.534s] Level 1:colcon.colcon_core.shell:create_environment_hook('easy_handeye2_msgs', 'pythonpath')
[0.534s] INFO:colcon.colcon_core.shell:Creating environment hook '/dev_ws/install/share/easy_handeye2_msgs/hook/pythonpath.ps1'
[0.534s] INFO:colcon.colcon_core.shell:Creating environment descriptor '/dev_ws/install/share/easy_handeye2_msgs/hook/pythonpath.dsv'
[0.534s] INFO:colcon.colcon_core.shell:Creating environment hook '/dev_ws/install/share/easy_handeye2_msgs/hook/pythonpath.sh'
[0.535s] Level 1:colcon.colcon_core.environment:checking '/dev_ws/install/bin'
[0.535s] INFO:colcon.colcon_core.shell:Creating package script '/dev_ws/install/share/easy_handeye2_msgs/package.ps1'
[0.535s] INFO:colcon.colcon_core.shell:Creating package descriptor '/dev_ws/install/share/easy_handeye2_msgs/package.dsv'
[0.536s] INFO:colcon.colcon_core.shell:Creating package script '/dev_ws/install/share/easy_handeye2_msgs/package.sh'
[0.536s] INFO:colcon.colcon_core.shell:Creating package script '/dev_ws/install/share/easy_handeye2_msgs/package.bash'
[0.537s] INFO:colcon.colcon_core.shell:Creating package script '/dev_ws/install/share/easy_handeye2_msgs/package.zsh'
[0.537s] Level 1:colcon.colcon_core.environment:create_file_with_runtime_dependencies(/dev_ws/install/share/colcon-core/packages/easy_handeye2_msgs)
[0.537s] Level 1:colcon.colcon_core.environment:create_environment_scripts_only(easy_handeye2_msgs)
[0.537s] Level 1:colcon.colcon_core.environment:checking '/dev_ws/install' for CMake module files
[0.538s] Level 1:colcon.colcon_core.environment:checking '/dev_ws/install' for CMake config files
[0.538s] Level 1:colcon.colcon_core.shell:create_environment_hook('easy_handeye2_msgs', 'cmake_prefix_path')
[0.538s] INFO:colcon.colcon_core.shell:Creating environment hook '/dev_ws/install/share/easy_handeye2_msgs/hook/cmake_prefix_path.ps1'
[0.539s] INFO:colcon.colcon_core.shell:Creating environment descriptor '/dev_ws/install/share/easy_handeye2_msgs/hook/cmake_prefix_path.dsv'
[0.539s] INFO:colcon.colcon_core.shell:Creating environment hook '/dev_ws/install/share/easy_handeye2_msgs/hook/cmake_prefix_path.sh'
[0.539s] Level 1:colcon.colcon_core.environment:checking '/dev_ws/install/lib'
[0.539s] Level 1:colcon.colcon_core.shell:create_environment_hook('easy_handeye2_msgs', 'ld_library_path_lib')
[0.539s] INFO:colcon.colcon_core.shell:Creating environment hook '/dev_ws/install/share/easy_handeye2_msgs/hook/ld_library_path_lib.ps1'
[0.540s] INFO:colcon.colcon_core.shell:Creating environment descriptor '/dev_ws/install/share/easy_handeye2_msgs/hook/ld_library_path_lib.dsv'
[0.540s] INFO:colcon.colcon_core.shell:Creating environment hook '/dev_ws/install/share/easy_handeye2_msgs/hook/ld_library_path_lib.sh'
[0.540s] Level 1:colcon.colcon_core.environment:checking '/dev_ws/install/bin'
[0.540s] Level 1:colcon.colcon_core.environment:checking '/dev_ws/install/lib/pkgconfig/easy_handeye2_msgs.pc'
[0.540s] Level 1:colcon.colcon_core.environment:checking '/dev_ws/install/lib/python3.10/site-packages'
[0.540s] Level 1:colcon.colcon_core.shell:create_environment_hook('easy_handeye2_msgs', 'pythonpath')
[0.540s] INFO:colcon.colcon_core.shell:Creating environment hook '/dev_ws/install/share/easy_handeye2_msgs/hook/pythonpath.ps1'
[0.541s] INFO:colcon.colcon_core.shell:Creating environment descriptor '/dev_ws/install/share/easy_handeye2_msgs/hook/pythonpath.dsv'
[0.541s] INFO:colcon.colcon_core.shell:Creating environment hook '/dev_ws/install/share/easy_handeye2_msgs/hook/pythonpath.sh'
[0.541s] Level 1:colcon.colcon_core.environment:checking '/dev_ws/install/bin'
[0.541s] INFO:colcon.colcon_core.shell:Creating package script '/dev_ws/install/share/easy_handeye2_msgs/package.ps1'
[0.542s] INFO:colcon.colcon_core.shell:Creating package descriptor '/dev_ws/install/share/easy_handeye2_msgs/package.dsv'
[0.542s] INFO:colcon.colcon_core.shell:Creating package script '/dev_ws/install/share/easy_handeye2_msgs/package.sh'
[0.542s] INFO:colcon.colcon_core.shell:Creating package script '/dev_ws/install/share/easy_handeye2_msgs/package.bash'
[0.543s] INFO:colcon.colcon_core.shell:Creating package script '/dev_ws/install/share/easy_handeye2_msgs/package.zsh'
[0.543s] Level 1:colcon.colcon_core.environment:create_file_with_runtime_dependencies(/dev_ws/install/share/colcon-core/packages/easy_handeye2_msgs)
[0.543s] INFO:colcon.colcon_ros.task.ament_python.build:Building ROS package in '/dev_ws/src/easy_handeye2/easy_handeye2' with build type 'ament_python'
[0.543s] Level 1:colcon.colcon_core.shell:create_environment_hook('easy_handeye2', 'ament_prefix_path')
[0.543s] INFO:colcon.colcon_core.shell:Creating environment hook '/dev_ws/install/share/easy_handeye2/hook/ament_prefix_path.ps1'
[0.544s] INFO:colcon.colcon_core.shell:Creating environment descriptor '/dev_ws/install/share/easy_handeye2/hook/ament_prefix_path.dsv'
[0.544s] INFO:colcon.colcon_core.shell:Creating environment hook '/dev_ws/install/share/easy_handeye2/hook/ament_prefix_path.sh'
[0.544s] INFO:colcon.colcon_core.shell:Skip shell extension 'powershell' for command environment: Not usable outside of PowerShell
[0.544s] DEBUG:colcon.colcon_core.shell:Skip shell extension 'dsv' for command environment
[0.713s] INFO:colcon.colcon_core.task.python.build:Building Python package in '/dev_ws/src/easy_handeye2/easy_handeye2'
[0.713s] INFO:colcon.colcon_core.shell:Skip shell extension 'powershell' for command environment: Not usable outside of PowerShell
[0.713s] DEBUG:colcon.colcon_core.shell:Skip shell extension 'dsv' for command environment
[0.959s] DEBUG:colcon.colcon_core.event_handler.log_command:Invoking command in '/dev_ws/src/easy_handeye2/easy_handeye2': PYTHONPATH=/dev_ws/build/easy_handeye2/prefix_override:/usr/lib/python3/dist-packages/colcon_core/task/python/colcon_distutils_commands:/dev_ws/install/lib/python3.10/site-packages:/dev_ws/install/lib/python3.10/site-packages:/dev_ws/build/easy_handeye2:/dev_ws/install/local/lib/python3.10/dist-packages:/opt/ros/humble/lib/python3.10/site-packages:/opt/ros/humble/local/lib/python3.10/dist-packages /usr/bin/python3 -W ignore:setup.py install is deprecated -W ignore:easy_install command is deprecated setup.py egg_info --egg-base ../../../build/easy_handeye2 build --build-base /dev_ws/build/easy_handeye2/build install --record /dev_ws/build/easy_handeye2/install.log --single-version-externally-managed install_data
[1.147s] Level 1:colcon.colcon_core.environment:checking '/dev_ws/install' for CMake module files
[1.147s] DEBUG:colcon.colcon_core.event_handler.log_command:Invoked command in '/dev_ws/src/easy_handeye2/easy_handeye2' returned '0': PYTHONPATH=/dev_ws/build/easy_handeye2/prefix_override:/usr/lib/python3/dist-packages/colcon_core/task/python/colcon_distutils_commands:/dev_ws/install/lib/python3.10/site-packages:/dev_ws/install/lib/python3.10/site-packages:/dev_ws/build/easy_handeye2:/dev_ws/install/local/lib/python3.10/dist-packages:/opt/ros/humble/lib/python3.10/site-packages:/opt/ros/humble/local/lib/python3.10/dist-packages /usr/bin/python3 -W ignore:setup.py install is deprecated -W ignore:easy_install command is deprecated setup.py egg_info --egg-base ../../../build/easy_handeye2 build --build-base /dev_ws/build/easy_handeye2/build install --record /dev_ws/build/easy_handeye2/install.log --single-version-externally-managed install_data
[1.148s] Level 1:colcon.colcon_core.environment:checking '/dev_ws/install' for CMake config files
[1.148s] Level 1:colcon.colcon_core.shell:create_environment_hook('easy_handeye2', 'cmake_prefix_path')
[1.148s] INFO:colcon.colcon_core.shell:Creating environment hook '/dev_ws/install/share/easy_handeye2/hook/cmake_prefix_path.ps1'
[1.149s] INFO:colcon.colcon_core.shell:Creating environment descriptor '/dev_ws/install/share/easy_handeye2/hook/cmake_prefix_path.dsv'
[1.149s] INFO:colcon.colcon_core.shell:Creating environment hook '/dev_ws/install/share/easy_handeye2/hook/cmake_prefix_path.sh'
[1.149s] Level 1:colcon.colcon_core.environment:checking '/dev_ws/install/lib'
[1.149s] Level 1:colcon.colcon_core.shell:create_environment_hook('easy_handeye2', 'ld_library_path_lib')
[1.149s] INFO:colcon.colcon_core.shell:Creating environment hook '/dev_ws/install/share/easy_handeye2/hook/ld_library_path_lib.ps1'
[1.150s] INFO:colcon.colcon_core.shell:Creating environment descriptor '/dev_ws/install/share/easy_handeye2/hook/ld_library_path_lib.dsv'
[1.150s] INFO:colcon.colcon_core.shell:Creating environment hook '/dev_ws/install/share/easy_handeye2/hook/ld_library_path_lib.sh'
[1.150s] Level 1:colcon.colcon_core.environment:checking '/dev_ws/install/bin'
[1.150s] Level 1:colcon.colcon_core.environment:checking '/dev_ws/install/lib/pkgconfig/easy_handeye2.pc'
[1.150s] Level 1:colcon.colcon_core.environment:checking '/dev_ws/install/lib/python3.10/site-packages'
[1.150s] Level 1:colcon.colcon_core.shell:create_environment_hook('easy_handeye2', 'pythonpath')
[1.150s] INFO:colcon.colcon_core.shell:Creating environment hook '/dev_ws/install/share/easy_handeye2/hook/pythonpath.ps1'
[1.151s] INFO:colcon.colcon_core.shell:Creating environment descriptor '/dev_ws/install/share/easy_handeye2/hook/pythonpath.dsv'
[1.151s] INFO:colcon.colcon_core.shell:Creating environment hook '/dev_ws/install/share/easy_handeye2/hook/pythonpath.sh'
[1.151s] Level 1:colcon.colcon_core.environment:checking '/dev_ws/install/bin'
[1.151s] Level 1:colcon.colcon_core.environment:create_environment_scripts_only(easy_handeye2)
[1.151s] INFO:colcon.colcon_core.shell:Creating package script '/dev_ws/install/share/easy_handeye2/package.ps1'
[1.152s] INFO:colcon.colcon_core.shell:Creating package descriptor '/dev_ws/install/share/easy_handeye2/package.dsv'
[1.152s] INFO:colcon.colcon_core.shell:Creating package script '/dev_ws/install/share/easy_handeye2/package.sh'
[1.152s] INFO:colcon.colcon_core.shell:Creating package script '/dev_ws/install/share/easy_handeye2/package.bash'
[1.152s] INFO:colcon.colcon_core.shell:Creating package script '/dev_ws/install/share/easy_handeye2/package.zsh'
[1.152s] Level 1:colcon.colcon_core.environment:create_file_with_runtime_dependencies(/dev_ws/install/share/colcon-core/packages/easy_handeye2)
[1.577s] DEBUG:colcon.colcon_core.event_handler.log_command:Invoked command in '/dev_ws/build/ur_commander' returned '0': CMAKE_PREFIX_PATH=${CMAKE_PREFIX_PATH}:/opt/ros/humble /usr/bin/cmake /dev_ws/src/moveit2-introduction/ur_commander -DCMAKE_INSTALL_PREFIX=/dev_ws/install
[1.578s] DEBUG:colcon.colcon_core.event_handler.log_command:Invoking command in '/dev_ws/build/ur_commander': CMAKE_PREFIX_PATH=${CMAKE_PREFIX_PATH}:/opt/ros/humble /usr/bin/cmake --build /dev_ws/build/ur_commander -- -j20 -l20
[2.970s] DEBUG:colcon.colcon_core.event_handler.log_command:Invoked command in '/dev_ws/build/ur_commander' returned '0': CMAKE_PREFIX_PATH=${CMAKE_PREFIX_PATH}:/opt/ros/humble /usr/bin/cmake --build /dev_ws/build/ur_commander -- -j20 -l20
[2.971s] DEBUG:colcon.colcon_core.event_handler.log_command:Invoking command in '/dev_ws/build/ur_commander': CMAKE_PREFIX_PATH=${CMAKE_PREFIX_PATH}:/opt/ros/humble /usr/bin/cmake --install /dev_ws/build/ur_commander
[3.025s] Level 1:colcon.colcon_core.environment:create_environment_scripts_only(ur_commander)
[3.025s] DEBUG:colcon.colcon_core.event_handler.log_command:Invoked command in '/dev_ws/build/ur_commander' returned '0': CMAKE_PREFIX_PATH=${CMAKE_PREFIX_PATH}:/opt/ros/humble /usr/bin/cmake --install /dev_ws/build/ur_commander
[3.025s] Level 1:colcon.colcon_core.environment:checking '/dev_ws/install' for CMake module files
[3.026s] Level 1:colcon.colcon_core.environment:checking '/dev_ws/install' for CMake config files
[3.026s] Level 1:colcon.colcon_core.shell:create_environment_hook('ur_commander', 'cmake_prefix_path')
[3.027s] INFO:colcon.colcon_core.shell:Creating environment hook '/dev_ws/install/share/ur_commander/hook/cmake_prefix_path.ps1'
[3.027s] INFO:colcon.colcon_core.shell:Creating environment descriptor '/dev_ws/install/share/ur_commander/hook/cmake_prefix_path.dsv'
[3.027s] INFO:colcon.colcon_core.shell:Creating environment hook '/dev_ws/install/share/ur_commander/hook/cmake_prefix_path.sh'
[3.027s] Level 1:colcon.colcon_core.environment:checking '/dev_ws/install/lib'
[3.027s] Level 1:colcon.colcon_core.shell:create_environment_hook('ur_commander', 'ld_library_path_lib')
[3.028s] INFO:colcon.colcon_core.shell:Creating environment hook '/dev_ws/install/share/ur_commander/hook/ld_library_path_lib.ps1'
[3.028s] INFO:colcon.colcon_core.shell:Creating environment descriptor '/dev_ws/install/share/ur_commander/hook/ld_library_path_lib.dsv'
[3.028s] INFO:colcon.colcon_core.shell:Creating environment hook '/dev_ws/install/share/ur_commander/hook/ld_library_path_lib.sh'
[3.028s] Level 1:colcon.colcon_core.environment:checking '/dev_ws/install/bin'
[3.028s] Level 1:colcon.colcon_core.environment:checking '/dev_ws/install/lib/pkgconfig/ur_commander.pc'
[3.028s] Level 1:colcon.colcon_core.environment:checking '/dev_ws/install/lib/python3.10/site-packages'
[3.028s] Level 1:colcon.colcon_core.shell:create_environment_hook('ur_commander', 'pythonpath')
[3.028s] INFO:colcon.colcon_core.shell:Creating environment hook '/dev_ws/install/share/ur_commander/hook/pythonpath.ps1'
[3.029s] INFO:colcon.colcon_core.shell:Creating environment descriptor '/dev_ws/install/share/ur_commander/hook/pythonpath.dsv'
[3.029s] INFO:colcon.colcon_core.shell:Creating environment hook '/dev_ws/install/share/ur_commander/hook/pythonpath.sh'
[3.029s] Level 1:colcon.colcon_core.environment:checking '/dev_ws/install/bin'
[3.029s] INFO:colcon.colcon_core.shell:Creating package script '/dev_ws/install/share/ur_commander/package.ps1'
[3.030s] INFO:colcon.colcon_core.shell:Creating package descriptor '/dev_ws/install/share/ur_commander/package.dsv'
[3.030s] INFO:colcon.colcon_core.shell:Creating package script '/dev_ws/install/share/ur_commander/package.sh'
[3.030s] INFO:colcon.colcon_core.shell:Creating package script '/dev_ws/install/share/ur_commander/package.bash'
[3.030s] INFO:colcon.colcon_core.shell:Creating package script '/dev_ws/install/share/ur_commander/package.zsh'
[3.031s] Level 1:colcon.colcon_core.environment:create_file_with_runtime_dependencies(/dev_ws/install/share/colcon-core/packages/ur_commander)
[3.031s] Level 1:colcon.colcon_core.environment:create_environment_scripts_only(ur_commander)
[3.031s] Level 1:colcon.colcon_core.environment:checking '/dev_ws/install' for CMake module files
[3.031s] Level 1:colcon.colcon_core.environment:checking '/dev_ws/install' for CMake config files
[3.032s] Level 1:colcon.colcon_core.shell:create_environment_hook('ur_commander', 'cmake_prefix_path')
[3.032s] INFO:colcon.colcon_core.shell:Creating environment hook '/dev_ws/install/share/ur_commander/hook/cmake_prefix_path.ps1'
[3.032s] INFO:colcon.colcon_core.shell:Creating environment descriptor '/dev_ws/install/share/ur_commander/hook/cmake_prefix_path.dsv'
[3.033s] INFO:colcon.colcon_core.shell:Creating environment hook '/dev_ws/install/share/ur_commander/hook/cmake_prefix_path.sh'
[3.033s] Level 1:colcon.colcon_core.environment:checking '/dev_ws/install/lib'
[3.033s] Level 1:colcon.colcon_core.shell:create_environment_hook('ur_commander', 'ld_library_path_lib')
[3.033s] INFO:colcon.colcon_core.shell:Creating environment hook '/dev_ws/install/share/ur_commander/hook/ld_library_path_lib.ps1'
[3.033s] INFO:colcon.colcon_core.shell:Creating environment descriptor '/dev_ws/install/share/ur_commander/hook/ld_library_path_lib.dsv'
[3.033s] INFO:colcon.colcon_core.shell:Creating environment hook '/dev_ws/install/share/ur_commander/hook/ld_library_path_lib.sh'
[3.034s] Level 1:colcon.colcon_core.environment:checking '/dev_ws/install/bin'
[3.034s] Level 1:colcon.colcon_core.environment:checking '/dev_ws/install/lib/pkgconfig/ur_commander.pc'
[3.034s] Level 1:colcon.colcon_core.environment:checking '/dev_ws/install/lib/python3.10/site-packages'
[3.034s] Level 1:colcon.colcon_core.shell:create_environment_hook('ur_commander', 'pythonpath')
[3.034s] INFO:colcon.colcon_core.shell:Creating environment hook '/dev_ws/install/share/ur_commander/hook/pythonpath.ps1'
[3.034s] INFO:colcon.colcon_core.shell:Creating environment descriptor '/dev_ws/install/share/ur_commander/hook/pythonpath.dsv'
[3.034s] INFO:colcon.colcon_core.shell:Creating environment hook '/dev_ws/install/share/ur_commander/hook/pythonpath.sh'
[3.035s] Level 1:colcon.colcon_core.environment:checking '/dev_ws/install/bin'
[3.035s] INFO:colcon.colcon_core.shell:Creating package script '/dev_ws/install/share/ur_commander/package.ps1'
[3.035s] INFO:colcon.colcon_core.shell:Creating package descriptor '/dev_ws/install/share/ur_commander/package.dsv'
[3.035s] INFO:colcon.colcon_core.shell:Creating package script '/dev_ws/install/share/ur_commander/package.sh'
[3.036s] INFO:colcon.colcon_core.shell:Creating package script '/dev_ws/install/share/ur_commander/package.bash'
[3.036s] INFO:colcon.colcon_core.shell:Creating package script '/dev_ws/install/share/ur_commander/package.zsh'
[3.036s] Level 1:colcon.colcon_core.environment:create_file_with_runtime_dependencies(/dev_ws/install/share/colcon-core/packages/ur_commander)
[3.036s] DEBUG:colcon.colcon_parallel_executor.executor.parallel:closing loop
[3.036s] DEBUG:colcon.colcon_parallel_executor.executor.parallel:loop closed
[3.036s] DEBUG:colcon.colcon_parallel_executor.executor.parallel:run_until_complete finished with '0'
[3.036s] DEBUG:colcon.colcon_core.event_reactor:joining thread
[3.040s] INFO:colcon.colcon_core.plugin_system:Skipping extension 'colcon_notification.desktop_notification.notify_send': Could not find 'notify-send'
[3.040s] INFO:colcon.colcon_core.plugin_system:Skipping extension 'colcon_notification.desktop_notification.terminal_notifier': Not used on non-Darwin systems
[3.040s] INFO:colcon.colcon_core.plugin_system:Skipping extension 'colcon_notification.desktop_notification.win32': Not used on non-Windows systems
[3.040s] INFO:colcon.colcon_notification.desktop_notification:Sending desktop notification using 'notify2'
[3.042s] DEBUG:colcon.colcon_notification.desktop_notification.notify2:Failed to initialize notify2: org.freedesktop.DBus.Error.Spawn.ExecFailed: /usr/bin/dbus-launch terminated abnormally without any error message
[3.042s] DEBUG:colcon.colcon_core.event_reactor:joined thread
[3.043s] INFO:colcon.colcon_core.shell:Creating prefix script '/dev_ws/install/local_setup.ps1'
[3.043s] INFO:colcon.colcon_core.shell:Creating prefix util module '/dev_ws/install/_local_setup_util_ps1.py'
[3.044s] INFO:colcon.colcon_core.shell:Creating prefix chain script '/dev_ws/install/setup.ps1'
[3.045s] INFO:colcon.colcon_core.shell:Creating prefix script '/dev_ws/install/local_setup.sh'
[3.045s] INFO:colcon.colcon_core.shell:Creating prefix util module '/dev_ws/install/_local_setup_util_sh.py'
[3.045s] INFO:colcon.colcon_core.shell:Creating prefix chain script '/dev_ws/install/setup.sh'
[3.046s] INFO:colcon.colcon_core.shell:Creating prefix script '/dev_ws/install/local_setup.bash'
[3.046s] INFO:colcon.colcon_core.shell:Creating prefix chain script '/dev_ws/install/setup.bash'
[3.047s] INFO:colcon.colcon_core.shell:Creating prefix script '/dev_ws/install/local_setup.zsh'
[3.047s] INFO:colcon.colcon_core.shell:Creating prefix chain script '/dev_ws/install/setup.zsh'
