-- The C compiler identification is GNU 11.4.0
-- The CXX compiler identification is GNU 11.4.0
-- Detecting C compiler ABI info
-- Detecting C compiler ABI info - done
-- Check for working C compiler: /usr/bin/cc - skipped
-- Detecting C compile features
-- Detecting C compile features - done
-- Detecting CXX compiler ABI info
-- Detecting CXX compiler ABI info - done
-- Check for working CXX compiler: /usr/bin/c++ - skipped
-- Detecting CXX compile features
-- Detecting CXX compile features - done
-- Found ament_cmake: 1.3.11 (/opt/ros/humble/share/ament_cmake/cmake)
-- Found Python3: /usr/bin/python3 (found version "3.10.12") found components: Interpreter 
-- Found rosidl_default_generators: 1.2.0 (/opt/ros/humble/share/rosidl_default_generators/cmake)
-- Using all available rosidl_typesupport_c: rosidl_typesupport_fastrtps_c;rosidl_typesupport_introspection_c
-- Found rosidl_adapter: 3.1.6 (/opt/ros/humble/share/rosidl_adapter/cmake)
-- Using all available rosidl_typesupport_cpp: rosidl_typesupport_fastrtps_cpp;rosidl_typesupport_introspection_cpp
-- Found std_msgs: 4.8.0 (/opt/ros/humble/share/std_msgs/cmake)
-- Found geometry_msgs: 4.8.0 (/opt/ros/humble/share/geometry_msgs/cmake)
-- Found ament_cmake_ros: 0.10.0 (/opt/ros/humble/share/ament_cmake_ros/cmake)
-- Using all available rosidl_typesupport_c: rosidl_typesupport_fastrtps_c;rosidl_typesupport_introspection_c
-- Using all available rosidl_typesupport_cpp: rosidl_typesupport_fastrtps_cpp;rosidl_typesupport_introspection_cpp
-- Found PythonInterp: /usr/bin/python3 (found suitable version "3.10.12", minimum required is "3.6") 
-- Found python_cmake_module: 0.10.0 (/opt/ros/humble/share/python_cmake_module/cmake)
-- Found PythonLibs: /usr/lib/x86_64-linux-gnu/libpython3.10.so (found suitable version "3.10.12", minimum required is "3.5") 
-- Using PYTHON_EXECUTABLE: /usr/bin/python3
-- Using PYTHON_INCLUDE_DIRS: /usr/include/python3.10
-- Using PYTHON_LIBRARIES: /usr/lib/x86_64-linux-gnu/libpython3.10.so
-- Found PythonExtra: .so  
-- Configuring done
-- Generating done
-- Build files have been written to: /dev_ws/build/easy_handeye2_msgs
[  0%] [34m[1mGenerating C code for ROS interfaces[0m
[  0%] [34m[1mGenerating C++ code for ROS interfaces[0m
[  0%] Built target ament_cmake_python_copy_easy_handeye2_msgs
running egg_info
creating easy_handeye2_msgs.egg-info
writing easy_handeye2_msgs.egg-info/PKG-INFO
writing dependency_links to easy_handeye2_msgs.egg-info/dependency_links.txt
writing top-level names to easy_handeye2_msgs.egg-info/top_level.txt
writing manifest file 'easy_handeye2_msgs.egg-info/SOURCES.txt'
reading manifest file 'easy_handeye2_msgs.egg-info/SOURCES.txt'
writing manifest file 'easy_handeye2_msgs.egg-info/SOURCES.txt'
[  0%] Built target ament_cmake_python_build_easy_handeye2_msgs_egg
[  0%] Built target easy_handeye2_msgs__cpp
[  1%] [34m[1mGenerating C++ type support for eProsima Fast-RTPS[0m
[  2%] [34m[1mGenerating C++ introspection for ROS interfaces[0m
[  2%] [34m[1mGenerating C++ type support dispatch for ROS interfaces[0m
[  2%] [32mBuilding C object CMakeFiles/easy_handeye2_msgs__rosidl_generator_c.dir/rosidl_generator_c/easy_handeye2_msgs/srv/detail/set_algorithm__functions.c.o[0m
[  3%] [32mBuilding C object CMakeFiles/easy_handeye2_msgs__rosidl_generator_c.dir/rosidl_generator_c/easy_handeye2_msgs/msg/detail/sample__functions.c.o[0m
[  4%] [32mBuilding C object CMakeFiles/easy_handeye2_msgs__rosidl_generator_c.dir/rosidl_generator_c/easy_handeye2_msgs/msg/detail/sample_list__functions.c.o[0m
[  4%] [32mBuilding C object CMakeFiles/easy_handeye2_msgs__rosidl_generator_c.dir/rosidl_generator_c/easy_handeye2_msgs/msg/detail/target_pose_list__functions.c.o[0m
[  5%] [32mBuilding C object CMakeFiles/easy_handeye2_msgs__rosidl_generator_c.dir/rosidl_generator_c/easy_handeye2_msgs/srv/detail/list_algorithms__functions.c.o[0m
[  6%] [32mBuilding C object CMakeFiles/easy_handeye2_msgs__rosidl_generator_c.dir/rosidl_generator_c/easy_handeye2_msgs/msg/detail/handeye_calibration_parameters__functions.c.o[0m
[  6%] [32mBuilding C object CMakeFiles/easy_handeye2_msgs__rosidl_generator_c.dir/rosidl_generator_c/easy_handeye2_msgs/msg/detail/handeye_calibration__functions.c.o[0m
[  6%] [32mBuilding C object CMakeFiles/easy_handeye2_msgs__rosidl_generator_c.dir/rosidl_generator_c/easy_handeye2_msgs/srv/detail/remove_sample__functions.c.o[0m
[  7%] [32mBuilding C object CMakeFiles/easy_handeye2_msgs__rosidl_generator_c.dir/rosidl_generator_c/easy_handeye2_msgs/srv/detail/save_calibration__functions.c.o[0m
[  8%] [32mBuilding C object CMakeFiles/easy_handeye2_msgs__rosidl_generator_c.dir/rosidl_generator_c/easy_handeye2_msgs/srv/detail/take_sample__functions.c.o[0m
[  9%] [32mBuilding C object CMakeFiles/easy_handeye2_msgs__rosidl_generator_c.dir/rosidl_generator_c/easy_handeye2_msgs/srv/detail/compute_calibration__functions.c.o[0m
[  9%] [32mBuilding C object CMakeFiles/easy_handeye2_msgs__rosidl_generator_c.dir/rosidl_generator_c/easy_handeye2_msgs/srv/detail/enumerate_target_poses__functions.c.o[0m
[ 10%] [32mBuilding C object CMakeFiles/easy_handeye2_msgs__rosidl_generator_c.dir/rosidl_generator_c/easy_handeye2_msgs/srv/detail/select_target_pose__functions.c.o[0m
[ 11%] [32mBuilding C object CMakeFiles/easy_handeye2_msgs__rosidl_generator_c.dir/rosidl_generator_c/easy_handeye2_msgs/srv/detail/load_samples__functions.c.o[0m
[ 12%] [32mBuilding C object CMakeFiles/easy_handeye2_msgs__rosidl_generator_c.dir/rosidl_generator_c/easy_handeye2_msgs/srv/detail/check_starting_pose__functions.c.o[0m
[ 12%] [32mBuilding C object CMakeFiles/easy_handeye2_msgs__rosidl_generator_c.dir/rosidl_generator_c/easy_handeye2_msgs/srv/detail/plan_to_selected_target_pose__functions.c.o[0m
[ 12%] [32mBuilding C object CMakeFiles/easy_handeye2_msgs__rosidl_generator_c.dir/rosidl_generator_c/easy_handeye2_msgs/srv/detail/save_samples__functions.c.o[0m
[ 13%] [32mBuilding C object CMakeFiles/easy_handeye2_msgs__rosidl_generator_c.dir/rosidl_generator_c/easy_handeye2_msgs/srv/detail/execute_plan__functions.c.o[0m
[ 14%] [32m[1mLinking C shared library libeasy_handeye2_msgs__rosidl_generator_c.so[0m
[ 14%] Built target easy_handeye2_msgs__rosidl_generator_c
[ 17%] [34m[1mGenerating C introspection for ROS interfaces[0m
[ 17%] [34m[1mGenerating C type support for eProsima Fast-RTPS[0m
[ 17%] [34m[1mGenerating C type support dispatch for ROS interfaces[0m
[ 19%] [32mBuilding CXX object CMakeFiles/easy_handeye2_msgs__rosidl_typesupport_cpp.dir/rosidl_typesupport_cpp/easy_handeye2_msgs/msg/handeye_calibration_parameters__type_support.cpp.o[0m
[ 19%] [32mBuilding CXX object CMakeFiles/easy_handeye2_msgs__rosidl_typesupport_cpp.dir/rosidl_typesupport_cpp/easy_handeye2_msgs/srv/compute_calibration__type_support.cpp.o[0m
[ 19%] [32mBuilding CXX object CMakeFiles/easy_handeye2_msgs__rosidl_typesupport_cpp.dir/rosidl_typesupport_cpp/easy_handeye2_msgs/msg/handeye_calibration__type_support.cpp.o[0m
[ 19%] [32mBuilding CXX object CMakeFiles/easy_handeye2_msgs__rosidl_typesupport_cpp.dir/rosidl_typesupport_cpp/easy_handeye2_msgs/srv/save_calibration__type_support.cpp.o[0m
[ 21%] [32mBuilding CXX object CMakeFiles/easy_handeye2_msgs__rosidl_typesupport_cpp.dir/rosidl_typesupport_cpp/easy_handeye2_msgs/srv/remove_sample__type_support.cpp.o[0m
[ 21%] [32mBuilding CXX object CMakeFiles/easy_handeye2_msgs__rosidl_typesupport_cpp.dir/rosidl_typesupport_cpp/easy_handeye2_msgs/msg/sample_list__type_support.cpp.o[0m
[ 22%] [32mBuilding CXX object CMakeFiles/easy_handeye2_msgs__rosidl_typesupport_cpp.dir/rosidl_typesupport_cpp/easy_handeye2_msgs/srv/save_samples__type_support.cpp.o[0m
[ 22%] [32mBuilding CXX object CMakeFiles/easy_handeye2_msgs__rosidl_typesupport_cpp.dir/rosidl_typesupport_cpp/easy_handeye2_msgs/srv/list_algorithms__type_support.cpp.o[0m
[ 23%] [32mBuilding CXX object CMakeFiles/easy_handeye2_msgs__rosidl_typesupport_cpp.dir/rosidl_typesupport_cpp/easy_handeye2_msgs/msg/sample__type_support.cpp.o[0m
[ 23%] [32mBuilding CXX object CMakeFiles/easy_handeye2_msgs__rosidl_typesupport_cpp.dir/rosidl_typesupport_cpp/easy_handeye2_msgs/msg/target_pose_list__type_support.cpp.o[0m
[ 25%] [32mBuilding CXX object CMakeFiles/easy_handeye2_msgs__rosidl_typesupport_cpp.dir/rosidl_typesupport_cpp/easy_handeye2_msgs/srv/set_algorithm__type_support.cpp.o[0m
[ 25%] [32mBuilding CXX object CMakeFiles/easy_handeye2_msgs__rosidl_typesupport_cpp.dir/rosidl_typesupport_cpp/easy_handeye2_msgs/srv/check_starting_pose__type_support.cpp.o[0m
[ 26%] [32mBuilding CXX object CMakeFiles/easy_handeye2_msgs__rosidl_typesupport_cpp.dir/rosidl_typesupport_cpp/easy_handeye2_msgs/srv/load_samples__type_support.cpp.o[0m
[ 26%] [32mBuilding CXX object CMakeFiles/easy_handeye2_msgs__rosidl_typesupport_cpp.dir/rosidl_typesupport_cpp/easy_handeye2_msgs/srv/enumerate_target_poses__type_support.cpp.o[0m
[ 26%] [32mBuilding CXX object CMakeFiles/easy_handeye2_msgs__rosidl_typesupport_cpp.dir/rosidl_typesupport_cpp/easy_handeye2_msgs/srv/take_sample__type_support.cpp.o[0m
[ 26%] [32mBuilding CXX object CMakeFiles/easy_handeye2_msgs__rosidl_typesupport_c.dir/rosidl_typesupport_c/easy_handeye2_msgs/msg/handeye_calibration__type_support.cpp.o[0m
[ 27%] [32mBuilding CXX object CMakeFiles/easy_handeye2_msgs__rosidl_typesupport_c.dir/rosidl_typesupport_c/easy_handeye2_msgs/msg/handeye_calibration_parameters__type_support.cpp.o[0m
[ 27%] [32mBuilding CXX object CMakeFiles/easy_handeye2_msgs__rosidl_typesupport_c.dir/rosidl_typesupport_c/easy_handeye2_msgs/msg/sample__type_support.cpp.o[0m
[ 28%] [32mBuilding CXX object CMakeFiles/easy_handeye2_msgs__rosidl_typesupport_c.dir/rosidl_typesupport_c/easy_handeye2_msgs/msg/sample_list__type_support.cpp.o[0m
[ 29%] [32mBuilding CXX object CMakeFiles/easy_handeye2_msgs__rosidl_typesupport_c.dir/rosidl_typesupport_c/easy_handeye2_msgs/msg/target_pose_list__type_support.cpp.o[0m
[ 29%] [32mBuilding CXX object CMakeFiles/easy_handeye2_msgs__rosidl_typesupport_cpp.dir/rosidl_typesupport_cpp/easy_handeye2_msgs/srv/select_target_pose__type_support.cpp.o[0m
[ 29%] [32mBuilding CXX object CMakeFiles/easy_handeye2_msgs__rosidl_typesupport_c.dir/rosidl_typesupport_c/easy_handeye2_msgs/srv/list_algorithms__type_support.cpp.o[0m
[ 30%] [32mBuilding CXX object CMakeFiles/easy_handeye2_msgs__rosidl_typesupport_c.dir/rosidl_typesupport_c/easy_handeye2_msgs/srv/compute_calibration__type_support.cpp.o[0m
[ 30%] [32mBuilding CXX object CMakeFiles/easy_handeye2_msgs__rosidl_typesupport_c.dir/rosidl_typesupport_c/easy_handeye2_msgs/srv/set_algorithm__type_support.cpp.o[0m
[ 31%] [32mBuilding CXX object CMakeFiles/easy_handeye2_msgs__rosidl_typesupport_cpp.dir/rosidl_typesupport_cpp/easy_handeye2_msgs/srv/plan_to_selected_target_pose__type_support.cpp.o[0m
[ 32%] [32mBuilding CXX object CMakeFiles/easy_handeye2_msgs__rosidl_typesupport_c.dir/rosidl_typesupport_c/easy_handeye2_msgs/srv/save_calibration__type_support.cpp.o[0m
[ 33%] [32mBuilding CXX object CMakeFiles/easy_handeye2_msgs__rosidl_typesupport_cpp.dir/rosidl_typesupport_cpp/easy_handeye2_msgs/srv/execute_plan__type_support.cpp.o[0m
[ 34%] [32mBuilding CXX object CMakeFiles/easy_handeye2_msgs__rosidl_typesupport_c.dir/rosidl_typesupport_c/easy_handeye2_msgs/srv/remove_sample__type_support.cpp.o[0m
[ 34%] [32mBuilding CXX object CMakeFiles/easy_handeye2_msgs__rosidl_typesupport_c.dir/rosidl_typesupport_c/easy_handeye2_msgs/srv/take_sample__type_support.cpp.o[0m
[ 35%] [32mBuilding CXX object CMakeFiles/easy_handeye2_msgs__rosidl_typesupport_c.dir/rosidl_typesupport_c/easy_handeye2_msgs/srv/save_samples__type_support.cpp.o[0m
[ 35%] [32mBuilding CXX object CMakeFiles/easy_handeye2_msgs__rosidl_typesupport_c.dir/rosidl_typesupport_c/easy_handeye2_msgs/srv/load_samples__type_support.cpp.o[0m
[ 36%] [32mBuilding CXX object CMakeFiles/easy_handeye2_msgs__rosidl_typesupport_c.dir/rosidl_typesupport_c/easy_handeye2_msgs/srv/check_starting_pose__type_support.cpp.o[0m
[ 37%] [32mBuilding CXX object CMakeFiles/easy_handeye2_msgs__rosidl_typesupport_c.dir/rosidl_typesupport_c/easy_handeye2_msgs/srv/enumerate_target_poses__type_support.cpp.o[0m
[ 37%] [32mBuilding CXX object CMakeFiles/easy_handeye2_msgs__rosidl_typesupport_c.dir/rosidl_typesupport_c/easy_handeye2_msgs/srv/select_target_pose__type_support.cpp.o[0m
[ 38%] [32mBuilding CXX object CMakeFiles/easy_handeye2_msgs__rosidl_typesupport_c.dir/rosidl_typesupport_c/easy_handeye2_msgs/srv/plan_to_selected_target_pose__type_support.cpp.o[0m
[ 38%] [32mBuilding CXX object CMakeFiles/easy_handeye2_msgs__rosidl_typesupport_c.dir/rosidl_typesupport_c/easy_handeye2_msgs/srv/execute_plan__type_support.cpp.o[0m
[ 40%] [32mBuilding CXX object CMakeFiles/easy_handeye2_msgs__rosidl_typesupport_introspection_cpp.dir/rosidl_typesupport_introspection_cpp/easy_handeye2_msgs/msg/detail/handeye_calibration_parameters__type_support.cpp.o[0m
[ 41%] [32mBuilding CXX object CMakeFiles/easy_handeye2_msgs__rosidl_typesupport_introspection_cpp.dir/rosidl_typesupport_introspection_cpp/easy_handeye2_msgs/msg/detail/target_pose_list__type_support.cpp.o[0m
[ 41%] [32mBuilding CXX object CMakeFiles/easy_handeye2_msgs__rosidl_typesupport_introspection_cpp.dir/rosidl_typesupport_introspection_cpp/easy_handeye2_msgs/msg/detail/sample__type_support.cpp.o[0m
[ 40%] [32mBuilding CXX object CMakeFiles/easy_handeye2_msgs__rosidl_typesupport_introspection_cpp.dir/rosidl_typesupport_introspection_cpp/easy_handeye2_msgs/msg/detail/sample_list__type_support.cpp.o[0m
[ 41%] [32mBuilding CXX object CMakeFiles/easy_handeye2_msgs__rosidl_typesupport_introspection_cpp.dir/rosidl_typesupport_introspection_cpp/easy_handeye2_msgs/srv/detail/set_algorithm__type_support.cpp.o[0m
[ 41%] [32mBuilding CXX object CMakeFiles/easy_handeye2_msgs__rosidl_typesupport_introspection_cpp.dir/rosidl_typesupport_introspection_cpp/easy_handeye2_msgs/msg/detail/handeye_calibration__type_support.cpp.o[0m
[ 42%] [32mBuilding CXX object CMakeFiles/easy_handeye2_msgs__rosidl_typesupport_introspection_cpp.dir/rosidl_typesupport_introspection_cpp/easy_handeye2_msgs/srv/detail/list_algorithms__type_support.cpp.o[0m
[ 43%] [32m[1mLinking CXX shared library libeasy_handeye2_msgs__rosidl_typesupport_c.so[0m
[ 43%] Built target easy_handeye2_msgs__rosidl_typesupport_c
[ 44%] [32mBuilding CXX object CMakeFiles/easy_handeye2_msgs__rosidl_typesupport_introspection_cpp.dir/rosidl_typesupport_introspection_cpp/easy_handeye2_msgs/srv/detail/compute_calibration__type_support.cpp.o[0m
[ 45%] [32mBuilding CXX object CMakeFiles/easy_handeye2_msgs__rosidl_typesupport_introspection_cpp.dir/rosidl_typesupport_introspection_cpp/easy_handeye2_msgs/srv/detail/save_calibration__type_support.cpp.o[0m
[ 45%] [32mBuilding CXX object CMakeFiles/easy_handeye2_msgs__rosidl_typesupport_introspection_cpp.dir/rosidl_typesupport_introspection_cpp/easy_handeye2_msgs/srv/detail/remove_sample__type_support.cpp.o[0m
[ 46%] [32mBuilding CXX object CMakeFiles/easy_handeye2_msgs__rosidl_typesupport_introspection_cpp.dir/rosidl_typesupport_introspection_cpp/easy_handeye2_msgs/srv/detail/take_sample__type_support.cpp.o[0m
[ 47%] [32mBuilding CXX object CMakeFiles/easy_handeye2_msgs__rosidl_typesupport_introspection_cpp.dir/rosidl_typesupport_introspection_cpp/easy_handeye2_msgs/srv/detail/load_samples__type_support.cpp.o[0m
[ 47%] [32mBuilding CXX object CMakeFiles/easy_handeye2_msgs__rosidl_typesupport_introspection_cpp.dir/rosidl_typesupport_introspection_cpp/easy_handeye2_msgs/srv/detail/save_samples__type_support.cpp.o[0m
[ 48%] [32mBuilding CXX object CMakeFiles/easy_handeye2_msgs__rosidl_typesupport_introspection_cpp.dir/rosidl_typesupport_introspection_cpp/easy_handeye2_msgs/srv/detail/check_starting_pose__type_support.cpp.o[0m
[ 48%] [32mBuilding CXX object CMakeFiles/easy_handeye2_msgs__rosidl_typesupport_introspection_cpp.dir/rosidl_typesupport_introspection_cpp/easy_handeye2_msgs/srv/detail/enumerate_target_poses__type_support.cpp.o[0m
[ 49%] [32mBuilding CXX object CMakeFiles/easy_handeye2_msgs__rosidl_typesupport_introspection_cpp.dir/rosidl_typesupport_introspection_cpp/easy_handeye2_msgs/srv/detail/select_target_pose__type_support.cpp.o[0m
[ 49%] [32m[1mLinking CXX shared library libeasy_handeye2_msgs__rosidl_typesupport_cpp.so[0m
[ 49%] Built target easy_handeye2_msgs__rosidl_typesupport_cpp
[ 49%] [32mBuilding CXX object CMakeFiles/easy_handeye2_msgs__rosidl_typesupport_introspection_cpp.dir/rosidl_typesupport_introspection_cpp/easy_handeye2_msgs/srv/detail/plan_to_selected_target_pose__type_support.cpp.o[0m
[ 50%] [32mBuilding CXX object CMakeFiles/easy_handeye2_msgs__rosidl_typesupport_fastrtps_cpp.dir/rosidl_typesupport_fastrtps_cpp/easy_handeye2_msgs/msg/detail/dds_fastrtps/handeye_calibration__type_support.cpp.o[0m
[ 50%] [32mBuilding CXX object CMakeFiles/easy_handeye2_msgs__rosidl_typesupport_fastrtps_cpp.dir/rosidl_typesupport_fastrtps_cpp/easy_handeye2_msgs/msg/detail/dds_fastrtps/handeye_calibration_parameters__type_support.cpp.o[0m
[ 51%] [32mBuilding CXX object CMakeFiles/easy_handeye2_msgs__rosidl_typesupport_fastrtps_cpp.dir/rosidl_typesupport_fastrtps_cpp/easy_handeye2_msgs/msg/detail/dds_fastrtps/sample__type_support.cpp.o[0m
[ 51%] [32mBuilding CXX object CMakeFiles/easy_handeye2_msgs__rosidl_typesupport_fastrtps_cpp.dir/rosidl_typesupport_fastrtps_cpp/easy_handeye2_msgs/msg/detail/dds_fastrtps/sample_list__type_support.cpp.o[0m
[ 52%] [32mBuilding CXX object CMakeFiles/easy_handeye2_msgs__rosidl_typesupport_introspection_cpp.dir/rosidl_typesupport_introspection_cpp/easy_handeye2_msgs/srv/detail/execute_plan__type_support.cpp.o[0m
[ 53%] [32mBuilding CXX object CMakeFiles/easy_handeye2_msgs__rosidl_typesupport_fastrtps_cpp.dir/rosidl_typesupport_fastrtps_cpp/easy_handeye2_msgs/msg/detail/dds_fastrtps/target_pose_list__type_support.cpp.o[0m
[ 54%] [32mBuilding CXX object CMakeFiles/easy_handeye2_msgs__rosidl_typesupport_fastrtps_cpp.dir/rosidl_typesupport_fastrtps_cpp/easy_handeye2_msgs/srv/detail/dds_fastrtps/list_algorithms__type_support.cpp.o[0m
[ 54%] [32mBuilding CXX object CMakeFiles/easy_handeye2_msgs__rosidl_typesupport_fastrtps_cpp.dir/rosidl_typesupport_fastrtps_cpp/easy_handeye2_msgs/srv/detail/dds_fastrtps/set_algorithm__type_support.cpp.o[0m
[ 55%] [32mBuilding CXX object CMakeFiles/easy_handeye2_msgs__rosidl_typesupport_fastrtps_cpp.dir/rosidl_typesupport_fastrtps_cpp/easy_handeye2_msgs/srv/detail/dds_fastrtps/compute_calibration__type_support.cpp.o[0m
[ 55%] [32mBuilding CXX object CMakeFiles/easy_handeye2_msgs__rosidl_typesupport_fastrtps_cpp.dir/rosidl_typesupport_fastrtps_cpp/easy_handeye2_msgs/srv/detail/dds_fastrtps/save_calibration__type_support.cpp.o[0m
[ 56%] [32mBuilding CXX object CMakeFiles/easy_handeye2_msgs__rosidl_typesupport_fastrtps_cpp.dir/rosidl_typesupport_fastrtps_cpp/easy_handeye2_msgs/srv/detail/dds_fastrtps/remove_sample__type_support.cpp.o[0m
[ 57%] [32mBuilding C object CMakeFiles/easy_handeye2_msgs__rosidl_typesupport_introspection_c.dir/rosidl_typesupport_introspection_c/easy_handeye2_msgs/msg/detail/handeye_calibration__type_support.c.o[0m
[ 58%] [32mBuilding CXX object CMakeFiles/easy_handeye2_msgs__rosidl_typesupport_fastrtps_cpp.dir/rosidl_typesupport_fastrtps_cpp/easy_handeye2_msgs/srv/detail/dds_fastrtps/take_sample__type_support.cpp.o[0m
[ 58%] [32mBuilding CXX object CMakeFiles/easy_handeye2_msgs__rosidl_typesupport_fastrtps_cpp.dir/rosidl_typesupport_fastrtps_cpp/easy_handeye2_msgs/srv/detail/dds_fastrtps/save_samples__type_support.cpp.o[0m
[ 59%] [32mBuilding CXX object CMakeFiles/easy_handeye2_msgs__rosidl_typesupport_fastrtps_cpp.dir/rosidl_typesupport_fastrtps_cpp/easy_handeye2_msgs/srv/detail/dds_fastrtps/load_samples__type_support.cpp.o[0m
[ 59%] [32mBuilding C object CMakeFiles/easy_handeye2_msgs__rosidl_typesupport_introspection_c.dir/rosidl_typesupport_introspection_c/easy_handeye2_msgs/msg/detail/handeye_calibration_parameters__type_support.c.o[0m
[ 59%] [32mBuilding CXX object CMakeFiles/easy_handeye2_msgs__rosidl_typesupport_fastrtps_cpp.dir/rosidl_typesupport_fastrtps_cpp/easy_handeye2_msgs/srv/detail/dds_fastrtps/check_starting_pose__type_support.cpp.o[0m
[ 60%] [32mBuilding CXX object CMakeFiles/easy_handeye2_msgs__rosidl_typesupport_fastrtps_cpp.dir/rosidl_typesupport_fastrtps_cpp/easy_handeye2_msgs/srv/detail/dds_fastrtps/enumerate_target_poses__type_support.cpp.o[0m
[ 61%] [32mBuilding C object CMakeFiles/easy_handeye2_msgs__rosidl_typesupport_introspection_c.dir/rosidl_typesupport_introspection_c/easy_handeye2_msgs/msg/detail/sample__type_support.c.o[0m
[ 61%] [32mBuilding C object CMakeFiles/easy_handeye2_msgs__rosidl_typesupport_introspection_c.dir/rosidl_typesupport_introspection_c/easy_handeye2_msgs/msg/detail/sample_list__type_support.c.o[0m
[ 62%] [32mBuilding C object CMakeFiles/easy_handeye2_msgs__rosidl_typesupport_introspection_c.dir/rosidl_typesupport_introspection_c/easy_handeye2_msgs/msg/detail/target_pose_list__type_support.c.o[0m
[ 63%] [32mBuilding CXX object CMakeFiles/easy_handeye2_msgs__rosidl_typesupport_fastrtps_cpp.dir/rosidl_typesupport_fastrtps_cpp/easy_handeye2_msgs/srv/detail/dds_fastrtps/select_target_pose__type_support.cpp.o[0m
[ 64%] [32mBuilding C object CMakeFiles/easy_handeye2_msgs__rosidl_typesupport_introspection_c.dir/rosidl_typesupport_introspection_c/easy_handeye2_msgs/srv/detail/list_algorithms__type_support.c.o[0m
[ 65%] [32mBuilding CXX object CMakeFiles/easy_handeye2_msgs__rosidl_typesupport_fastrtps_cpp.dir/rosidl_typesupport_fastrtps_cpp/easy_handeye2_msgs/srv/detail/dds_fastrtps/execute_plan__type_support.cpp.o[0m
[ 65%] [32mBuilding C object CMakeFiles/easy_handeye2_msgs__rosidl_typesupport_introspection_c.dir/rosidl_typesupport_introspection_c/easy_handeye2_msgs/srv/detail/set_algorithm__type_support.c.o[0m
[ 65%] [32mBuilding CXX object CMakeFiles/easy_handeye2_msgs__rosidl_typesupport_fastrtps_cpp.dir/rosidl_typesupport_fastrtps_cpp/easy_handeye2_msgs/srv/detail/dds_fastrtps/plan_to_selected_target_pose__type_support.cpp.o[0m
[ 66%] [32mBuilding C object CMakeFiles/easy_handeye2_msgs__rosidl_typesupport_introspection_c.dir/rosidl_typesupport_introspection_c/easy_handeye2_msgs/srv/detail/compute_calibration__type_support.c.o[0m
[ 66%] [32mBuilding C object CMakeFiles/easy_handeye2_msgs__rosidl_typesupport_introspection_c.dir/rosidl_typesupport_introspection_c/easy_handeye2_msgs/srv/detail/save_calibration__type_support.c.o[0m
[ 67%] [32mBuilding C object CMakeFiles/easy_handeye2_msgs__rosidl_typesupport_introspection_c.dir/rosidl_typesupport_introspection_c/easy_handeye2_msgs/srv/detail/remove_sample__type_support.c.o[0m
[ 68%] [32mBuilding C object CMakeFiles/easy_handeye2_msgs__rosidl_typesupport_introspection_c.dir/rosidl_typesupport_introspection_c/easy_handeye2_msgs/srv/detail/take_sample__type_support.c.o[0m
[ 68%] [32mBuilding C object CMakeFiles/easy_handeye2_msgs__rosidl_typesupport_introspection_c.dir/rosidl_typesupport_introspection_c/easy_handeye2_msgs/srv/detail/save_samples__type_support.c.o[0m
[ 68%] [32mBuilding C object CMakeFiles/easy_handeye2_msgs__rosidl_typesupport_introspection_c.dir/rosidl_typesupport_introspection_c/easy_handeye2_msgs/srv/detail/check_starting_pose__type_support.c.o[0m
[ 69%] [32mBuilding C object CMakeFiles/easy_handeye2_msgs__rosidl_typesupport_introspection_c.dir/rosidl_typesupport_introspection_c/easy_handeye2_msgs/srv/detail/enumerate_target_poses__type_support.c.o[0m
[ 70%] [32mBuilding C object CMakeFiles/easy_handeye2_msgs__rosidl_typesupport_introspection_c.dir/rosidl_typesupport_introspection_c/easy_handeye2_msgs/srv/detail/load_samples__type_support.c.o[0m
[ 70%] [32mBuilding C object CMakeFiles/easy_handeye2_msgs__rosidl_typesupport_introspection_c.dir/rosidl_typesupport_introspection_c/easy_handeye2_msgs/srv/detail/plan_to_selected_target_pose__type_support.c.o[0m
[ 71%] [32mBuilding C object CMakeFiles/easy_handeye2_msgs__rosidl_typesupport_introspection_c.dir/rosidl_typesupport_introspection_c/easy_handeye2_msgs/srv/detail/select_target_pose__type_support.c.o[0m
[ 72%] [32mBuilding CXX object CMakeFiles/easy_handeye2_msgs__rosidl_typesupport_fastrtps_c.dir/rosidl_typesupport_fastrtps_c/easy_handeye2_msgs/msg/detail/handeye_calibration__type_support_c.cpp.o[0m
[ 72%] [32mBuilding CXX object CMakeFiles/easy_handeye2_msgs__rosidl_typesupport_fastrtps_c.dir/rosidl_typesupport_fastrtps_c/easy_handeye2_msgs/msg/detail/handeye_calibration_parameters__type_support_c.cpp.o[0m
[ 73%] [32mBuilding C object CMakeFiles/easy_handeye2_msgs__rosidl_typesupport_introspection_c.dir/rosidl_typesupport_introspection_c/easy_handeye2_msgs/srv/detail/execute_plan__type_support.c.o[0m
[ 74%] [32mBuilding CXX object CMakeFiles/easy_handeye2_msgs__rosidl_typesupport_fastrtps_c.dir/rosidl_typesupport_fastrtps_c/easy_handeye2_msgs/msg/detail/sample__type_support_c.cpp.o[0m
[ 74%] [32mBuilding CXX object CMakeFiles/easy_handeye2_msgs__rosidl_typesupport_fastrtps_c.dir/rosidl_typesupport_fastrtps_c/easy_handeye2_msgs/msg/detail/sample_list__type_support_c.cpp.o[0m
[ 75%] [32mBuilding CXX object CMakeFiles/easy_handeye2_msgs__rosidl_typesupport_fastrtps_c.dir/rosidl_typesupport_fastrtps_c/easy_handeye2_msgs/msg/detail/target_pose_list__type_support_c.cpp.o[0m
[ 75%] [32mBuilding CXX object CMakeFiles/easy_handeye2_msgs__rosidl_typesupport_fastrtps_c.dir/rosidl_typesupport_fastrtps_c/easy_handeye2_msgs/srv/detail/list_algorithms__type_support_c.cpp.o[0m
[ 76%] [32mBuilding CXX object CMakeFiles/easy_handeye2_msgs__rosidl_typesupport_fastrtps_c.dir/rosidl_typesupport_fastrtps_c/easy_handeye2_msgs/srv/detail/compute_calibration__type_support_c.cpp.o[0m
[ 77%] [32mBuilding CXX object CMakeFiles/easy_handeye2_msgs__rosidl_typesupport_fastrtps_c.dir/rosidl_typesupport_fastrtps_c/easy_handeye2_msgs/srv/detail/set_algorithm__type_support_c.cpp.o[0m
[ 78%] [32mBuilding CXX object CMakeFiles/easy_handeye2_msgs__rosidl_typesupport_fastrtps_c.dir/rosidl_typesupport_fastrtps_c/easy_handeye2_msgs/srv/detail/remove_sample__type_support_c.cpp.o[0m
[ 78%] [32mBuilding CXX object CMakeFiles/easy_handeye2_msgs__rosidl_typesupport_fastrtps_c.dir/rosidl_typesupport_fastrtps_c/easy_handeye2_msgs/srv/detail/save_calibration__type_support_c.cpp.o[0m
[ 78%] [32m[1mLinking C shared library libeasy_handeye2_msgs__rosidl_typesupport_introspection_c.so[0m
[ 78%] Built target easy_handeye2_msgs__rosidl_typesupport_introspection_c
[ 78%] [32mBuilding CXX object CMakeFiles/easy_handeye2_msgs__rosidl_typesupport_fastrtps_c.dir/rosidl_typesupport_fastrtps_c/easy_handeye2_msgs/srv/detail/take_sample__type_support_c.cpp.o[0m
[ 79%] [32m[1mLinking CXX shared library libeasy_handeye2_msgs__rosidl_typesupport_introspection_cpp.so[0m
[ 80%] [32mBuilding CXX object CMakeFiles/easy_handeye2_msgs__rosidl_typesupport_fastrtps_c.dir/rosidl_typesupport_fastrtps_c/easy_handeye2_msgs/srv/detail/save_samples__type_support_c.cpp.o[0m
[ 80%] Built target easy_handeye2_msgs__rosidl_typesupport_introspection_cpp
[ 81%] [32mBuilding CXX object CMakeFiles/easy_handeye2_msgs__rosidl_typesupport_fastrtps_c.dir/rosidl_typesupport_fastrtps_c/easy_handeye2_msgs/srv/detail/load_samples__type_support_c.cpp.o[0m
[ 81%] [32mBuilding CXX object CMakeFiles/easy_handeye2_msgs__rosidl_typesupport_fastrtps_c.dir/rosidl_typesupport_fastrtps_c/easy_handeye2_msgs/srv/detail/check_starting_pose__type_support_c.cpp.o[0m
[ 82%] [32mBuilding CXX object CMakeFiles/easy_handeye2_msgs__rosidl_typesupport_fastrtps_c.dir/rosidl_typesupport_fastrtps_c/easy_handeye2_msgs/srv/detail/enumerate_target_poses__type_support_c.cpp.o[0m
[ 82%] [32mBuilding CXX object CMakeFiles/easy_handeye2_msgs__rosidl_typesupport_fastrtps_c.dir/rosidl_typesupport_fastrtps_c/easy_handeye2_msgs/srv/detail/select_target_pose__type_support_c.cpp.o[0m
[ 83%] [32mBuilding CXX object CMakeFiles/easy_handeye2_msgs__rosidl_typesupport_fastrtps_c.dir/rosidl_typesupport_fastrtps_c/easy_handeye2_msgs/srv/detail/plan_to_selected_target_pose__type_support_c.cpp.o[0m
[ 84%] [32mBuilding CXX object CMakeFiles/easy_handeye2_msgs__rosidl_typesupport_fastrtps_c.dir/rosidl_typesupport_fastrtps_c/easy_handeye2_msgs/srv/detail/execute_plan__type_support_c.cpp.o[0m
[ 84%] [32m[1mLinking CXX shared library libeasy_handeye2_msgs__rosidl_typesupport_fastrtps_cpp.so[0m
[ 84%] Built target easy_handeye2_msgs__rosidl_typesupport_fastrtps_cpp
[ 84%] [32m[1mLinking CXX shared library libeasy_handeye2_msgs__rosidl_typesupport_fastrtps_c.so[0m
[ 84%] Built target easy_handeye2_msgs__rosidl_typesupport_fastrtps_c
[ 84%] Built target easy_handeye2_msgs
[ 85%] [34m[1mGenerating Python code for ROS interfaces[0m
[ 85%] Built target easy_handeye2_msgs__py
[ 86%] [32mBuilding C object CMakeFiles/easy_handeye2_msgs__rosidl_generator_py.dir/rosidl_generator_py/easy_handeye2_msgs/srv/_save_calibration_s.c.o[0m
[ 86%] [32mBuilding C object CMakeFiles/easy_handeye2_msgs__rosidl_generator_py.dir/rosidl_generator_py/easy_handeye2_msgs/srv/_compute_calibration_s.c.o[0m
[ 87%] [32mBuilding C object CMakeFiles/easy_handeye2_msgs__rosidl_generator_py.dir/rosidl_generator_py/easy_handeye2_msgs/msg/_handeye_calibration_s.c.o[0m
[ 87%] [32mBuilding C object CMakeFiles/easy_handeye2_msgs__rosidl_generator_py.dir/rosidl_generator_py/easy_handeye2_msgs/srv/_list_algorithms_s.c.o[0m
[ 87%] [32mBuilding C object CMakeFiles/easy_handeye2_msgs__rosidl_generator_py.dir/rosidl_generator_py/easy_handeye2_msgs/msg/_target_pose_list_s.c.o[0m
[ 88%] [32mBuilding C object CMakeFiles/easy_handeye2_msgs__rosidl_generator_py.dir/rosidl_generator_py/easy_handeye2_msgs/srv/_take_sample_s.c.o[0m
[ 88%] [32mBuilding C object CMakeFiles/easy_handeye2_msgs__rosidl_generator_py.dir/rosidl_generator_py/easy_handeye2_msgs/msg/_handeye_calibration_parameters_s.c.o[0m
[ 89%] [32mBuilding C object CMakeFiles/easy_handeye2_msgs__rosidl_generator_py.dir/rosidl_generator_py/easy_handeye2_msgs/srv/_set_algorithm_s.c.o[0m
[ 89%] [32mBuilding C object CMakeFiles/easy_handeye2_msgs__rosidl_generator_py.dir/rosidl_generator_py/easy_handeye2_msgs/msg/_sample_s.c.o[0m
[ 90%] [32mBuilding C object CMakeFiles/easy_handeye2_msgs__rosidl_generator_py.dir/rosidl_generator_py/easy_handeye2_msgs/srv/_check_starting_pose_s.c.o[0m
[ 91%] [32mBuilding C object CMakeFiles/easy_handeye2_msgs__rosidl_generator_py.dir/rosidl_generator_py/easy_handeye2_msgs/msg/_sample_list_s.c.o[0m
[ 91%] [32mBuilding C object CMakeFiles/easy_handeye2_msgs__rosidl_generator_py.dir/rosidl_generator_py/easy_handeye2_msgs/srv/_load_samples_s.c.o[0m
[ 92%] [32mBuilding C object CMakeFiles/easy_handeye2_msgs__rosidl_generator_py.dir/rosidl_generator_py/easy_handeye2_msgs/srv/_save_samples_s.c.o[0m
[ 92%] [32mBuilding C object CMakeFiles/easy_handeye2_msgs__rosidl_generator_py.dir/rosidl_generator_py/easy_handeye2_msgs/srv/_select_target_pose_s.c.o[0m
[ 93%] [32mBuilding C object CMakeFiles/easy_handeye2_msgs__rosidl_generator_py.dir/rosidl_generator_py/easy_handeye2_msgs/srv/_execute_plan_s.c.o[0m
[ 95%] [32mBuilding C object CMakeFiles/easy_handeye2_msgs__rosidl_generator_py.dir/rosidl_generator_py/easy_handeye2_msgs/srv/_remove_sample_s.c.o[0m
[ 93%] [32mBuilding C object CMakeFiles/easy_handeye2_msgs__rosidl_generator_py.dir/rosidl_generator_py/easy_handeye2_msgs/srv/_enumerate_target_poses_s.c.o[0m
[ 95%] [32mBuilding C object CMakeFiles/easy_handeye2_msgs__rosidl_generator_py.dir/rosidl_generator_py/easy_handeye2_msgs/srv/_plan_to_selected_target_pose_s.c.o[0m
[ 96%] [32m[1mLinking C shared library rosidl_generator_py/easy_handeye2_msgs/libeasy_handeye2_msgs__rosidl_generator_py.so[0m
[ 96%] Built target easy_handeye2_msgs__rosidl_generator_py
[ 98%] [32mBuilding C object CMakeFiles/easy_handeye2_msgs__rosidl_typesupport_c__pyext.dir/rosidl_generator_py/easy_handeye2_msgs/_easy_handeye2_msgs_s.ep.rosidl_typesupport_c.c.o[0m
[ 98%] [32mBuilding C object CMakeFiles/easy_handeye2_msgs__rosidl_typesupport_fastrtps_c__pyext.dir/rosidl_generator_py/easy_handeye2_msgs/_easy_handeye2_msgs_s.ep.rosidl_typesupport_fastrtps_c.c.o[0m
[ 99%] [32mBuilding C object CMakeFiles/easy_handeye2_msgs__rosidl_typesupport_introspection_c__pyext.dir/rosidl_generator_py/easy_handeye2_msgs/_easy_handeye2_msgs_s.ep.rosidl_typesupport_introspection_c.c.o[0m
[100%] [32m[1mLinking C shared library rosidl_generator_py/easy_handeye2_msgs/easy_handeye2_msgs_s__rosidl_typesupport_introspection_c.cpython-310-x86_64-linux-gnu.so[0m
[100%] [32m[1mLinking C shared library rosidl_generator_py/easy_handeye2_msgs/easy_handeye2_msgs_s__rosidl_typesupport_c.cpython-310-x86_64-linux-gnu.so[0m
[100%] [32m[1mLinking C shared library rosidl_generator_py/easy_handeye2_msgs/easy_handeye2_msgs_s__rosidl_typesupport_fastrtps_c.cpython-310-x86_64-linux-gnu.so[0m
[100%] Built target easy_handeye2_msgs__rosidl_typesupport_fastrtps_c__pyext
[100%] Built target easy_handeye2_msgs__rosidl_typesupport_c__pyext
[100%] Built target easy_handeye2_msgs__rosidl_typesupport_introspection_c__pyext
-- Install configuration: ""
-- Installing: /dev_ws/install/share/ament_index/resource_index/rosidl_interfaces/easy_handeye2_msgs
-- Installing: /dev_ws/install/include/easy_handeye2_msgs/easy_handeye2_msgs
-- Installing: /dev_ws/install/include/easy_handeye2_msgs/easy_handeye2_msgs/msg
-- Installing: /dev_ws/install/include/easy_handeye2_msgs/easy_handeye2_msgs/msg/sample.h
-- Installing: /dev_ws/install/include/easy_handeye2_msgs/easy_handeye2_msgs/msg/target_pose_list.h
-- Installing: /dev_ws/install/include/easy_handeye2_msgs/easy_handeye2_msgs/msg/rosidl_generator_c__visibility_control.h
-- Installing: /dev_ws/install/include/easy_handeye2_msgs/easy_handeye2_msgs/msg/sample_list.h
-- Installing: /dev_ws/install/include/easy_handeye2_msgs/easy_handeye2_msgs/msg/detail
-- Installing: /dev_ws/install/include/easy_handeye2_msgs/easy_handeye2_msgs/msg/detail/handeye_calibration__functions.h
-- Installing: /dev_ws/install/include/easy_handeye2_msgs/easy_handeye2_msgs/msg/detail/sample__type_support.h
-- Installing: /dev_ws/install/include/easy_handeye2_msgs/easy_handeye2_msgs/msg/detail/handeye_calibration__functions.c
-- Installing: /dev_ws/install/include/easy_handeye2_msgs/easy_handeye2_msgs/msg/detail/sample_list__type_support.h
-- Installing: /dev_ws/install/include/easy_handeye2_msgs/easy_handeye2_msgs/msg/detail/sample_list__struct.h
-- Installing: /dev_ws/install/include/easy_handeye2_msgs/easy_handeye2_msgs/msg/detail/sample__functions.h
-- Installing: /dev_ws/install/include/easy_handeye2_msgs/easy_handeye2_msgs/msg/detail/target_pose_list__functions.h
-- Installing: /dev_ws/install/include/easy_handeye2_msgs/easy_handeye2_msgs/msg/detail/handeye_calibration_parameters__type_support.h
-- Installing: /dev_ws/install/include/easy_handeye2_msgs/easy_handeye2_msgs/msg/detail/handeye_calibration_parameters__functions.c
-- Installing: /dev_ws/install/include/easy_handeye2_msgs/easy_handeye2_msgs/msg/detail/target_pose_list__type_support.h
-- Installing: /dev_ws/install/include/easy_handeye2_msgs/easy_handeye2_msgs/msg/detail/handeye_calibration_parameters__functions.h
-- Installing: /dev_ws/install/include/easy_handeye2_msgs/easy_handeye2_msgs/msg/detail/handeye_calibration__type_support.h
-- Installing: /dev_ws/install/include/easy_handeye2_msgs/easy_handeye2_msgs/msg/detail/target_pose_list__functions.c
-- Installing: /dev_ws/install/include/easy_handeye2_msgs/easy_handeye2_msgs/msg/detail/handeye_calibration_parameters__struct.h
-- Installing: /dev_ws/install/include/easy_handeye2_msgs/easy_handeye2_msgs/msg/detail/sample_list__functions.c
-- Installing: /dev_ws/install/include/easy_handeye2_msgs/easy_handeye2_msgs/msg/detail/handeye_calibration__struct.h
-- Installing: /dev_ws/install/include/easy_handeye2_msgs/easy_handeye2_msgs/msg/detail/sample_list__functions.h
-- Installing: /dev_ws/install/include/easy_handeye2_msgs/easy_handeye2_msgs/msg/detail/target_pose_list__struct.h
-- Installing: /dev_ws/install/include/easy_handeye2_msgs/easy_handeye2_msgs/msg/detail/sample__functions.c
-- Installing: /dev_ws/install/include/easy_handeye2_msgs/easy_handeye2_msgs/msg/detail/sample__struct.h
-- Installing: /dev_ws/install/include/easy_handeye2_msgs/easy_handeye2_msgs/msg/handeye_calibration_parameters.h
-- Installing: /dev_ws/install/include/easy_handeye2_msgs/easy_handeye2_msgs/msg/handeye_calibration.h
-- Installing: /dev_ws/install/include/easy_handeye2_msgs/easy_handeye2_msgs/srv
-- Installing: /dev_ws/install/include/easy_handeye2_msgs/easy_handeye2_msgs/srv/enumerate_target_poses.h
-- Installing: /dev_ws/install/include/easy_handeye2_msgs/easy_handeye2_msgs/srv/load_samples.h
-- Installing: /dev_ws/install/include/easy_handeye2_msgs/easy_handeye2_msgs/srv/plan_to_selected_target_pose.h
-- Installing: /dev_ws/install/include/easy_handeye2_msgs/easy_handeye2_msgs/srv/save_calibration.h
-- Installing: /dev_ws/install/include/easy_handeye2_msgs/easy_handeye2_msgs/srv/set_algorithm.h
-- Installing: /dev_ws/install/include/easy_handeye2_msgs/easy_handeye2_msgs/srv/detail
-- Installing: /dev_ws/install/include/easy_handeye2_msgs/easy_handeye2_msgs/srv/detail/load_samples__struct.h
-- Installing: /dev_ws/install/include/easy_handeye2_msgs/easy_handeye2_msgs/srv/detail/set_algorithm__type_support.h
-- Installing: /dev_ws/install/include/easy_handeye2_msgs/easy_handeye2_msgs/srv/detail/check_starting_pose__functions.h
-- Installing: /dev_ws/install/include/easy_handeye2_msgs/easy_handeye2_msgs/srv/detail/take_sample__functions.h
-- Installing: /dev_ws/install/include/easy_handeye2_msgs/easy_handeye2_msgs/srv/detail/take_sample__type_support.h
-- Installing: /dev_ws/install/include/easy_handeye2_msgs/easy_handeye2_msgs/srv/detail/select_target_pose__functions.h
-- Installing: /dev_ws/install/include/easy_handeye2_msgs/easy_handeye2_msgs/srv/detail/enumerate_target_poses__functions.c
-- Installing: /dev_ws/install/include/easy_handeye2_msgs/easy_handeye2_msgs/srv/detail/enumerate_target_poses__struct.h
-- Installing: /dev_ws/install/include/easy_handeye2_msgs/easy_handeye2_msgs/srv/detail/save_samples__type_support.h
-- Installing: /dev_ws/install/include/easy_handeye2_msgs/easy_handeye2_msgs/srv/detail/save_calibration__struct.h
-- Installing: /dev_ws/install/include/easy_handeye2_msgs/easy_handeye2_msgs/srv/detail/remove_sample__type_support.h
-- Installing: /dev_ws/install/include/easy_handeye2_msgs/easy_handeye2_msgs/srv/detail/set_algorithm__functions.h
-- Installing: /dev_ws/install/include/easy_handeye2_msgs/easy_handeye2_msgs/srv/detail/save_samples__functions.c
-- Installing: /dev_ws/install/include/easy_handeye2_msgs/easy_handeye2_msgs/srv/detail/list_algorithms__functions.h
-- Installing: /dev_ws/install/include/easy_handeye2_msgs/easy_handeye2_msgs/srv/detail/remove_sample__functions.h
-- Installing: /dev_ws/install/include/easy_handeye2_msgs/easy_handeye2_msgs/srv/detail/plan_to_selected_target_pose__struct.h
-- Installing: /dev_ws/install/include/easy_handeye2_msgs/easy_handeye2_msgs/srv/detail/execute_plan__type_support.h
-- Installing: /dev_ws/install/include/easy_handeye2_msgs/easy_handeye2_msgs/srv/detail/remove_sample__functions.c
-- Installing: /dev_ws/install/include/easy_handeye2_msgs/easy_handeye2_msgs/srv/detail/save_calibration__type_support.h
-- Installing: /dev_ws/install/include/easy_handeye2_msgs/easy_handeye2_msgs/srv/detail/plan_to_selected_target_pose__functions.c
-- Installing: /dev_ws/install/include/easy_handeye2_msgs/easy_handeye2_msgs/srv/detail/set_algorithm__functions.c
-- Installing: /dev_ws/install/include/easy_handeye2_msgs/easy_handeye2_msgs/srv/detail/compute_calibration__type_support.h
-- Installing: /dev_ws/install/include/easy_handeye2_msgs/easy_handeye2_msgs/srv/detail/save_calibration__functions.h
-- Installing: /dev_ws/install/include/easy_handeye2_msgs/easy_handeye2_msgs/srv/detail/take_sample__struct.h
-- Installing: /dev_ws/install/include/easy_handeye2_msgs/easy_handeye2_msgs/srv/detail/check_starting_pose__type_support.h
-- Installing: /dev_ws/install/include/easy_handeye2_msgs/easy_handeye2_msgs/srv/detail/plan_to_selected_target_pose__functions.h
-- Installing: /dev_ws/install/include/easy_handeye2_msgs/easy_handeye2_msgs/srv/detail/check_starting_pose__functions.c
-- Installing: /dev_ws/install/include/easy_handeye2_msgs/easy_handeye2_msgs/srv/detail/load_samples__functions.c
-- Installing: /dev_ws/install/include/easy_handeye2_msgs/easy_handeye2_msgs/srv/detail/save_samples__struct.h
-- Installing: /dev_ws/install/include/easy_handeye2_msgs/easy_handeye2_msgs/srv/detail/enumerate_target_poses__functions.h
-- Installing: /dev_ws/install/include/easy_handeye2_msgs/easy_handeye2_msgs/srv/detail/save_samples__functions.h
-- Installing: /dev_ws/install/include/easy_handeye2_msgs/easy_handeye2_msgs/srv/detail/plan_to_selected_target_pose__type_support.h
-- Installing: /dev_ws/install/include/easy_handeye2_msgs/easy_handeye2_msgs/srv/detail/list_algorithms__struct.h
-- Installing: /dev_ws/install/include/easy_handeye2_msgs/easy_handeye2_msgs/srv/detail/select_target_pose__type_support.h
-- Installing: /dev_ws/install/include/easy_handeye2_msgs/easy_handeye2_msgs/srv/detail/take_sample__functions.c
-- Installing: /dev_ws/install/include/easy_handeye2_msgs/easy_handeye2_msgs/srv/detail/save_calibration__functions.c
-- Installing: /dev_ws/install/include/easy_handeye2_msgs/easy_handeye2_msgs/srv/detail/compute_calibration__struct.h
-- Installing: /dev_ws/install/include/easy_handeye2_msgs/easy_handeye2_msgs/srv/detail/select_target_pose__functions.c
-- Installing: /dev_ws/install/include/easy_handeye2_msgs/easy_handeye2_msgs/srv/detail/load_samples__functions.h
-- Installing: /dev_ws/install/include/easy_handeye2_msgs/easy_handeye2_msgs/srv/detail/load_samples__type_support.h
-- Installing: /dev_ws/install/include/easy_handeye2_msgs/easy_handeye2_msgs/srv/detail/list_algorithms__functions.c
-- Installing: /dev_ws/install/include/easy_handeye2_msgs/easy_handeye2_msgs/srv/detail/compute_calibration__functions.c
-- Installing: /dev_ws/install/include/easy_handeye2_msgs/easy_handeye2_msgs/srv/detail/select_target_pose__struct.h
-- Installing: /dev_ws/install/include/easy_handeye2_msgs/easy_handeye2_msgs/srv/detail/enumerate_target_poses__type_support.h
-- Installing: /dev_ws/install/include/easy_handeye2_msgs/easy_handeye2_msgs/srv/detail/execute_plan__functions.c
-- Installing: /dev_ws/install/include/easy_handeye2_msgs/easy_handeye2_msgs/srv/detail/execute_plan__struct.h
-- Installing: /dev_ws/install/include/easy_handeye2_msgs/easy_handeye2_msgs/srv/detail/set_algorithm__struct.h
-- Installing: /dev_ws/install/include/easy_handeye2_msgs/easy_handeye2_msgs/srv/detail/list_algorithms__type_support.h
-- Installing: /dev_ws/install/include/easy_handeye2_msgs/easy_handeye2_msgs/srv/detail/remove_sample__struct.h
-- Installing: /dev_ws/install/include/easy_handeye2_msgs/easy_handeye2_msgs/srv/detail/compute_calibration__functions.h
-- Installing: /dev_ws/install/include/easy_handeye2_msgs/easy_handeye2_msgs/srv/detail/check_starting_pose__struct.h
-- Installing: /dev_ws/install/include/easy_handeye2_msgs/easy_handeye2_msgs/srv/detail/execute_plan__functions.h
-- Installing: /dev_ws/install/include/easy_handeye2_msgs/easy_handeye2_msgs/srv/check_starting_pose.h
-- Installing: /dev_ws/install/include/easy_handeye2_msgs/easy_handeye2_msgs/srv/compute_calibration.h
-- Installing: /dev_ws/install/include/easy_handeye2_msgs/easy_handeye2_msgs/srv/save_samples.h
-- Installing: /dev_ws/install/include/easy_handeye2_msgs/easy_handeye2_msgs/srv/list_algorithms.h
-- Installing: /dev_ws/install/include/easy_handeye2_msgs/easy_handeye2_msgs/srv/execute_plan.h
-- Installing: /dev_ws/install/include/easy_handeye2_msgs/easy_handeye2_msgs/srv/remove_sample.h
-- Installing: /dev_ws/install/include/easy_handeye2_msgs/easy_handeye2_msgs/srv/select_target_pose.h
-- Installing: /dev_ws/install/include/easy_handeye2_msgs/easy_handeye2_msgs/srv/take_sample.h
-- Installing: /dev_ws/install/share/easy_handeye2_msgs/environment/library_path.sh
-- Installing: /dev_ws/install/share/easy_handeye2_msgs/environment/library_path.dsv
-- Installing: /dev_ws/install/lib/libeasy_handeye2_msgs__rosidl_generator_c.so
-- Set runtime path of "/dev_ws/install/lib/libeasy_handeye2_msgs__rosidl_generator_c.so" to ""
-- Up-to-date: /dev_ws/install/include/easy_handeye2_msgs/easy_handeye2_msgs
-- Up-to-date: /dev_ws/install/include/easy_handeye2_msgs/easy_handeye2_msgs/msg
-- Up-to-date: /dev_ws/install/include/easy_handeye2_msgs/easy_handeye2_msgs/msg/detail
-- Installing: /dev_ws/install/include/easy_handeye2_msgs/easy_handeye2_msgs/msg/detail/sample_list__rosidl_typesupport_fastrtps_c.h
-- Installing: /dev_ws/install/include/easy_handeye2_msgs/easy_handeye2_msgs/msg/detail/handeye_calibration_parameters__rosidl_typesupport_fastrtps_c.h
-- Installing: /dev_ws/install/include/easy_handeye2_msgs/easy_handeye2_msgs/msg/detail/handeye_calibration__rosidl_typesupport_fastrtps_c.h
-- Installing: /dev_ws/install/include/easy_handeye2_msgs/easy_handeye2_msgs/msg/detail/sample__rosidl_typesupport_fastrtps_c.h
-- Installing: /dev_ws/install/include/easy_handeye2_msgs/easy_handeye2_msgs/msg/detail/target_pose_list__rosidl_typesupport_fastrtps_c.h
-- Installing: /dev_ws/install/include/easy_handeye2_msgs/easy_handeye2_msgs/msg/rosidl_typesupport_fastrtps_c__visibility_control.h
-- Up-to-date: /dev_ws/install/include/easy_handeye2_msgs/easy_handeye2_msgs/srv
-- Up-to-date: /dev_ws/install/include/easy_handeye2_msgs/easy_handeye2_msgs/srv/detail
-- Installing: /dev_ws/install/include/easy_handeye2_msgs/easy_handeye2_msgs/srv/detail/save_samples__rosidl_typesupport_fastrtps_c.h
-- Installing: /dev_ws/install/include/easy_handeye2_msgs/easy_handeye2_msgs/srv/detail/save_calibration__rosidl_typesupport_fastrtps_c.h
-- Installing: /dev_ws/install/include/easy_handeye2_msgs/easy_handeye2_msgs/srv/detail/list_algorithms__rosidl_typesupport_fastrtps_c.h
-- Installing: /dev_ws/install/include/easy_handeye2_msgs/easy_handeye2_msgs/srv/detail/select_target_pose__rosidl_typesupport_fastrtps_c.h
-- Installing: /dev_ws/install/include/easy_handeye2_msgs/easy_handeye2_msgs/srv/detail/enumerate_target_poses__rosidl_typesupport_fastrtps_c.h
-- Installing: /dev_ws/install/include/easy_handeye2_msgs/easy_handeye2_msgs/srv/detail/load_samples__rosidl_typesupport_fastrtps_c.h
-- Installing: /dev_ws/install/include/easy_handeye2_msgs/easy_handeye2_msgs/srv/detail/take_sample__rosidl_typesupport_fastrtps_c.h
-- Installing: /dev_ws/install/include/easy_handeye2_msgs/easy_handeye2_msgs/srv/detail/execute_plan__rosidl_typesupport_fastrtps_c.h
-- Installing: /dev_ws/install/include/easy_handeye2_msgs/easy_handeye2_msgs/srv/detail/remove_sample__rosidl_typesupport_fastrtps_c.h
-- Installing: /dev_ws/install/include/easy_handeye2_msgs/easy_handeye2_msgs/srv/detail/set_algorithm__rosidl_typesupport_fastrtps_c.h
-- Installing: /dev_ws/install/include/easy_handeye2_msgs/easy_handeye2_msgs/srv/detail/check_starting_pose__rosidl_typesupport_fastrtps_c.h
-- Installing: /dev_ws/install/include/easy_handeye2_msgs/easy_handeye2_msgs/srv/detail/plan_to_selected_target_pose__rosidl_typesupport_fastrtps_c.h
-- Installing: /dev_ws/install/include/easy_handeye2_msgs/easy_handeye2_msgs/srv/detail/compute_calibration__rosidl_typesupport_fastrtps_c.h
-- Installing: /dev_ws/install/lib/libeasy_handeye2_msgs__rosidl_typesupport_fastrtps_c.so
-- Set runtime path of "/dev_ws/install/lib/libeasy_handeye2_msgs__rosidl_typesupport_fastrtps_c.so" to ""
-- Up-to-date: /dev_ws/install/include/easy_handeye2_msgs/easy_handeye2_msgs
-- Up-to-date: /dev_ws/install/include/easy_handeye2_msgs/easy_handeye2_msgs/msg
-- Up-to-date: /dev_ws/install/include/easy_handeye2_msgs/easy_handeye2_msgs/msg/detail
-- Installing: /dev_ws/install/include/easy_handeye2_msgs/easy_handeye2_msgs/msg/detail/sample_list__type_support.c
-- Installing: /dev_ws/install/include/easy_handeye2_msgs/easy_handeye2_msgs/msg/detail/handeye_calibration__type_support.c
-- Installing: /dev_ws/install/include/easy_handeye2_msgs/easy_handeye2_msgs/msg/detail/target_pose_list__type_support.c
-- Installing: /dev_ws/install/include/easy_handeye2_msgs/easy_handeye2_msgs/msg/detail/sample_list__rosidl_typesupport_introspection_c.h
-- Installing: /dev_ws/install/include/easy_handeye2_msgs/easy_handeye2_msgs/msg/detail/handeye_calibration_parameters__rosidl_typesupport_introspection_c.h
-- Installing: /dev_ws/install/include/easy_handeye2_msgs/easy_handeye2_msgs/msg/detail/handeye_calibration_parameters__type_support.c
-- Installing: /dev_ws/install/include/easy_handeye2_msgs/easy_handeye2_msgs/msg/detail/sample__rosidl_typesupport_introspection_c.h
-- Installing: /dev_ws/install/include/easy_handeye2_msgs/easy_handeye2_msgs/msg/detail/target_pose_list__rosidl_typesupport_introspection_c.h
-- Installing: /dev_ws/install/include/easy_handeye2_msgs/easy_handeye2_msgs/msg/detail/sample__type_support.c
-- Installing: /dev_ws/install/include/easy_handeye2_msgs/easy_handeye2_msgs/msg/detail/handeye_calibration__rosidl_typesupport_introspection_c.h
-- Installing: /dev_ws/install/include/easy_handeye2_msgs/easy_handeye2_msgs/msg/rosidl_typesupport_introspection_c__visibility_control.h
-- Up-to-date: /dev_ws/install/include/easy_handeye2_msgs/easy_handeye2_msgs/srv
-- Up-to-date: /dev_ws/install/include/easy_handeye2_msgs/easy_handeye2_msgs/srv/detail
-- Installing: /dev_ws/install/include/easy_handeye2_msgs/easy_handeye2_msgs/srv/detail/check_starting_pose__rosidl_typesupport_introspection_c.h
-- Installing: /dev_ws/install/include/easy_handeye2_msgs/easy_handeye2_msgs/srv/detail/set_algorithm__rosidl_typesupport_introspection_c.h
-- Installing: /dev_ws/install/include/easy_handeye2_msgs/easy_handeye2_msgs/srv/detail/select_target_pose__rosidl_typesupport_introspection_c.h
-- Installing: /dev_ws/install/include/easy_handeye2_msgs/easy_handeye2_msgs/srv/detail/select_target_pose__type_support.c
-- Installing: /dev_ws/install/include/easy_handeye2_msgs/easy_handeye2_msgs/srv/detail/plan_to_selected_target_pose__type_support.c
-- Installing: /dev_ws/install/include/easy_handeye2_msgs/easy_handeye2_msgs/srv/detail/enumerate_target_poses__type_support.c
-- Installing: /dev_ws/install/include/easy_handeye2_msgs/easy_handeye2_msgs/srv/detail/remove_sample__type_support.c
-- Installing: /dev_ws/install/include/easy_handeye2_msgs/easy_handeye2_msgs/srv/detail/save_calibration__rosidl_typesupport_introspection_c.h
-- Installing: /dev_ws/install/include/easy_handeye2_msgs/easy_handeye2_msgs/srv/detail/enumerate_target_poses__rosidl_typesupport_introspection_c.h
-- Installing: /dev_ws/install/include/easy_handeye2_msgs/easy_handeye2_msgs/srv/detail/list_algorithms__type_support.c
-- Installing: /dev_ws/install/include/easy_handeye2_msgs/easy_handeye2_msgs/srv/detail/execute_plan__rosidl_typesupport_introspection_c.h
-- Installing: /dev_ws/install/include/easy_handeye2_msgs/easy_handeye2_msgs/srv/detail/check_starting_pose__type_support.c
-- Installing: /dev_ws/install/include/easy_handeye2_msgs/easy_handeye2_msgs/srv/detail/load_samples__type_support.c
-- Installing: /dev_ws/install/include/easy_handeye2_msgs/easy_handeye2_msgs/srv/detail/compute_calibration__rosidl_typesupport_introspection_c.h
-- Installing: /dev_ws/install/include/easy_handeye2_msgs/easy_handeye2_msgs/srv/detail/compute_calibration__type_support.c
-- Installing: /dev_ws/install/include/easy_handeye2_msgs/easy_handeye2_msgs/srv/detail/save_calibration__type_support.c
-- Installing: /dev_ws/install/include/easy_handeye2_msgs/easy_handeye2_msgs/srv/detail/save_samples__rosidl_typesupport_introspection_c.h
-- Installing: /dev_ws/install/include/easy_handeye2_msgs/easy_handeye2_msgs/srv/detail/set_algorithm__type_support.c
-- Installing: /dev_ws/install/include/easy_handeye2_msgs/easy_handeye2_msgs/srv/detail/remove_sample__rosidl_typesupport_introspection_c.h
-- Installing: /dev_ws/install/include/easy_handeye2_msgs/easy_handeye2_msgs/srv/detail/list_algorithms__rosidl_typesupport_introspection_c.h
-- Installing: /dev_ws/install/include/easy_handeye2_msgs/easy_handeye2_msgs/srv/detail/save_samples__type_support.c
-- Installing: /dev_ws/install/include/easy_handeye2_msgs/easy_handeye2_msgs/srv/detail/take_sample__rosidl_typesupport_introspection_c.h
-- Installing: /dev_ws/install/include/easy_handeye2_msgs/easy_handeye2_msgs/srv/detail/take_sample__type_support.c
-- Installing: /dev_ws/install/include/easy_handeye2_msgs/easy_handeye2_msgs/srv/detail/load_samples__rosidl_typesupport_introspection_c.h
-- Installing: /dev_ws/install/include/easy_handeye2_msgs/easy_handeye2_msgs/srv/detail/execute_plan__type_support.c
-- Installing: /dev_ws/install/include/easy_handeye2_msgs/easy_handeye2_msgs/srv/detail/plan_to_selected_target_pose__rosidl_typesupport_introspection_c.h
-- Installing: /dev_ws/install/lib/libeasy_handeye2_msgs__rosidl_typesupport_introspection_c.so
-- Set runtime path of "/dev_ws/install/lib/libeasy_handeye2_msgs__rosidl_typesupport_introspection_c.so" to ""
-- Installing: /dev_ws/install/lib/libeasy_handeye2_msgs__rosidl_typesupport_c.so
-- Set runtime path of "/dev_ws/install/lib/libeasy_handeye2_msgs__rosidl_typesupport_c.so" to ""
-- Up-to-date: /dev_ws/install/include/easy_handeye2_msgs/easy_handeye2_msgs
-- Up-to-date: /dev_ws/install/include/easy_handeye2_msgs/easy_handeye2_msgs/msg
-- Installing: /dev_ws/install/include/easy_handeye2_msgs/easy_handeye2_msgs/msg/sample.hpp
-- Installing: /dev_ws/install/include/easy_handeye2_msgs/easy_handeye2_msgs/msg/handeye_calibration_parameters.hpp
-- Up-to-date: /dev_ws/install/include/easy_handeye2_msgs/easy_handeye2_msgs/msg/detail
-- Installing: /dev_ws/install/include/easy_handeye2_msgs/easy_handeye2_msgs/msg/detail/handeye_calibration_parameters__builder.hpp
-- Installing: /dev_ws/install/include/easy_handeye2_msgs/easy_handeye2_msgs/msg/detail/sample_list__traits.hpp
-- Installing: /dev_ws/install/include/easy_handeye2_msgs/easy_handeye2_msgs/msg/detail/sample_list__builder.hpp
-- Installing: /dev_ws/install/include/easy_handeye2_msgs/easy_handeye2_msgs/msg/detail/target_pose_list__type_support.hpp
-- Installing: /dev_ws/install/include/easy_handeye2_msgs/easy_handeye2_msgs/msg/detail/handeye_calibration_parameters__type_support.hpp
-- Installing: /dev_ws/install/include/easy_handeye2_msgs/easy_handeye2_msgs/msg/detail/sample__type_support.hpp
-- Installing: /dev_ws/install/include/easy_handeye2_msgs/easy_handeye2_msgs/msg/detail/sample__builder.hpp
-- Installing: /dev_ws/install/include/easy_handeye2_msgs/easy_handeye2_msgs/msg/detail/target_pose_list__struct.hpp
-- Installing: /dev_ws/install/include/easy_handeye2_msgs/easy_handeye2_msgs/msg/detail/handeye_calibration__traits.hpp
-- Installing: /dev_ws/install/include/easy_handeye2_msgs/easy_handeye2_msgs/msg/detail/sample_list__struct.hpp
-- Installing: /dev_ws/install/include/easy_handeye2_msgs/easy_handeye2_msgs/msg/detail/handeye_calibration__type_support.hpp
-- Installing: /dev_ws/install/include/easy_handeye2_msgs/easy_handeye2_msgs/msg/detail/sample_list__type_support.hpp
-- Installing: /dev_ws/install/include/easy_handeye2_msgs/easy_handeye2_msgs/msg/detail/handeye_calibration__struct.hpp
-- Installing: /dev_ws/install/include/easy_handeye2_msgs/easy_handeye2_msgs/msg/detail/sample__struct.hpp
-- Installing: /dev_ws/install/include/easy_handeye2_msgs/easy_handeye2_msgs/msg/detail/handeye_calibration_parameters__traits.hpp
-- Installing: /dev_ws/install/include/easy_handeye2_msgs/easy_handeye2_msgs/msg/detail/target_pose_list__traits.hpp
-- Installing: /dev_ws/install/include/easy_handeye2_msgs/easy_handeye2_msgs/msg/detail/handeye_calibration_parameters__struct.hpp
-- Installing: /dev_ws/install/include/easy_handeye2_msgs/easy_handeye2_msgs/msg/detail/target_pose_list__builder.hpp
-- Installing: /dev_ws/install/include/easy_handeye2_msgs/easy_handeye2_msgs/msg/detail/sample__traits.hpp
-- Installing: /dev_ws/install/include/easy_handeye2_msgs/easy_handeye2_msgs/msg/detail/handeye_calibration__builder.hpp
-- Installing: /dev_ws/install/include/easy_handeye2_msgs/easy_handeye2_msgs/msg/rosidl_generator_cpp__visibility_control.hpp
-- Installing: /dev_ws/install/include/easy_handeye2_msgs/easy_handeye2_msgs/msg/sample_list.hpp
-- Installing: /dev_ws/install/include/easy_handeye2_msgs/easy_handeye2_msgs/msg/handeye_calibration.hpp
-- Installing: /dev_ws/install/include/easy_handeye2_msgs/easy_handeye2_msgs/msg/target_pose_list.hpp
-- Up-to-date: /dev_ws/install/include/easy_handeye2_msgs/easy_handeye2_msgs/srv
-- Installing: /dev_ws/install/include/easy_handeye2_msgs/easy_handeye2_msgs/srv/list_algorithms.hpp
-- Installing: /dev_ws/install/include/easy_handeye2_msgs/easy_handeye2_msgs/srv/set_algorithm.hpp
-- Installing: /dev_ws/install/include/easy_handeye2_msgs/easy_handeye2_msgs/srv/load_samples.hpp
-- Installing: /dev_ws/install/include/easy_handeye2_msgs/easy_handeye2_msgs/srv/check_starting_pose.hpp
-- Installing: /dev_ws/install/include/easy_handeye2_msgs/easy_handeye2_msgs/srv/enumerate_target_poses.hpp
-- Installing: /dev_ws/install/include/easy_handeye2_msgs/easy_handeye2_msgs/srv/execute_plan.hpp
-- Up-to-date: /dev_ws/install/include/easy_handeye2_msgs/easy_handeye2_msgs/srv/detail
-- Installing: /dev_ws/install/include/easy_handeye2_msgs/easy_handeye2_msgs/srv/detail/plan_to_selected_target_pose__traits.hpp
-- Installing: /dev_ws/install/include/easy_handeye2_msgs/easy_handeye2_msgs/srv/detail/save_calibration__traits.hpp
-- Installing: /dev_ws/install/include/easy_handeye2_msgs/easy_handeye2_msgs/srv/detail/take_sample__struct.hpp
-- Installing: /dev_ws/install/include/easy_handeye2_msgs/easy_handeye2_msgs/srv/detail/save_calibration__type_support.hpp
-- Installing: /dev_ws/install/include/easy_handeye2_msgs/easy_handeye2_msgs/srv/detail/check_starting_pose__builder.hpp
-- Installing: /dev_ws/install/include/easy_handeye2_msgs/easy_handeye2_msgs/srv/detail/save_calibration__builder.hpp
-- Installing: /dev_ws/install/include/easy_handeye2_msgs/easy_handeye2_msgs/srv/detail/list_algorithms__type_support.hpp
-- Installing: /dev_ws/install/include/easy_handeye2_msgs/easy_handeye2_msgs/srv/detail/take_sample__type_support.hpp
-- Installing: /dev_ws/install/include/easy_handeye2_msgs/easy_handeye2_msgs/srv/detail/remove_sample__traits.hpp
-- Installing: /dev_ws/install/include/easy_handeye2_msgs/easy_handeye2_msgs/srv/detail/compute_calibration__builder.hpp
-- Installing: /dev_ws/install/include/easy_handeye2_msgs/easy_handeye2_msgs/srv/detail/take_sample__builder.hpp
-- Installing: /dev_ws/install/include/easy_handeye2_msgs/easy_handeye2_msgs/srv/detail/enumerate_target_poses__builder.hpp
-- Installing: /dev_ws/install/include/easy_handeye2_msgs/easy_handeye2_msgs/srv/detail/plan_to_selected_target_pose__struct.hpp
-- Installing: /dev_ws/install/include/easy_handeye2_msgs/easy_handeye2_msgs/srv/detail/save_samples__type_support.hpp
-- Installing: /dev_ws/install/include/easy_handeye2_msgs/easy_handeye2_msgs/srv/detail/select_target_pose__struct.hpp
-- Installing: /dev_ws/install/include/easy_handeye2_msgs/easy_handeye2_msgs/srv/detail/execute_plan__struct.hpp
-- Installing: /dev_ws/install/include/easy_handeye2_msgs/easy_handeye2_msgs/srv/detail/load_samples__traits.hpp
-- Installing: /dev_ws/install/include/easy_handeye2_msgs/easy_handeye2_msgs/srv/detail/list_algorithms__struct.hpp
-- Installing: /dev_ws/install/include/easy_handeye2_msgs/easy_handeye2_msgs/srv/detail/load_samples__builder.hpp
-- Installing: /dev_ws/install/include/easy_handeye2_msgs/easy_handeye2_msgs/srv/detail/set_algorithm__struct.hpp
-- Installing: /dev_ws/install/include/easy_handeye2_msgs/easy_handeye2_msgs/srv/detail/set_algorithm__type_support.hpp
-- Installing: /dev_ws/install/include/easy_handeye2_msgs/easy_handeye2_msgs/srv/detail/check_starting_pose__traits.hpp
-- Installing: /dev_ws/install/include/easy_handeye2_msgs/easy_handeye2_msgs/srv/detail/take_sample__traits.hpp
-- Installing: /dev_ws/install/include/easy_handeye2_msgs/easy_handeye2_msgs/srv/detail/remove_sample__builder.hpp
-- Installing: /dev_ws/install/include/easy_handeye2_msgs/easy_handeye2_msgs/srv/detail/plan_to_selected_target_pose__builder.hpp
-- Installing: /dev_ws/install/include/easy_handeye2_msgs/easy_handeye2_msgs/srv/detail/list_algorithms__traits.hpp
-- Installing: /dev_ws/install/include/easy_handeye2_msgs/easy_handeye2_msgs/srv/detail/compute_calibration__type_support.hpp
-- Installing: /dev_ws/install/include/easy_handeye2_msgs/easy_handeye2_msgs/srv/detail/execute_plan__builder.hpp
-- Installing: /dev_ws/install/include/easy_handeye2_msgs/easy_handeye2_msgs/srv/detail/check_starting_pose__type_support.hpp
-- Installing: /dev_ws/install/include/easy_handeye2_msgs/easy_handeye2_msgs/srv/detail/set_algorithm__builder.hpp
-- Installing: /dev_ws/install/include/easy_handeye2_msgs/easy_handeye2_msgs/srv/detail/list_algorithms__builder.hpp
-- Installing: /dev_ws/install/include/easy_handeye2_msgs/easy_handeye2_msgs/srv/detail/enumerate_target_poses__struct.hpp
-- Installing: /dev_ws/install/include/easy_handeye2_msgs/easy_handeye2_msgs/srv/detail/compute_calibration__traits.hpp
-- Installing: /dev_ws/install/include/easy_handeye2_msgs/easy_handeye2_msgs/srv/detail/remove_sample__struct.hpp
-- Installing: /dev_ws/install/include/easy_handeye2_msgs/easy_handeye2_msgs/srv/detail/save_calibration__struct.hpp
-- Installing: /dev_ws/install/include/easy_handeye2_msgs/easy_handeye2_msgs/srv/detail/enumerate_target_poses__traits.hpp
-- Installing: /dev_ws/install/include/easy_handeye2_msgs/easy_handeye2_msgs/srv/detail/save_samples__traits.hpp
-- Installing: /dev_ws/install/include/easy_handeye2_msgs/easy_handeye2_msgs/srv/detail/enumerate_target_poses__type_support.hpp
-- Installing: /dev_ws/install/include/easy_handeye2_msgs/easy_handeye2_msgs/srv/detail/execute_plan__traits.hpp
-- Installing: /dev_ws/install/include/easy_handeye2_msgs/easy_handeye2_msgs/srv/detail/select_target_pose__type_support.hpp
-- Installing: /dev_ws/install/include/easy_handeye2_msgs/easy_handeye2_msgs/srv/detail/load_samples__struct.hpp
-- Installing: /dev_ws/install/include/easy_handeye2_msgs/easy_handeye2_msgs/srv/detail/check_starting_pose__struct.hpp
-- Installing: /dev_ws/install/include/easy_handeye2_msgs/easy_handeye2_msgs/srv/detail/plan_to_selected_target_pose__type_support.hpp
-- Installing: /dev_ws/install/include/easy_handeye2_msgs/easy_handeye2_msgs/srv/detail/set_algorithm__traits.hpp
-- Installing: /dev_ws/install/include/easy_handeye2_msgs/easy_handeye2_msgs/srv/detail/remove_sample__type_support.hpp
-- Installing: /dev_ws/install/include/easy_handeye2_msgs/easy_handeye2_msgs/srv/detail/load_samples__type_support.hpp
-- Installing: /dev_ws/install/include/easy_handeye2_msgs/easy_handeye2_msgs/srv/detail/save_samples__builder.hpp
-- Installing: /dev_ws/install/include/easy_handeye2_msgs/easy_handeye2_msgs/srv/detail/select_target_pose__traits.hpp
-- Installing: /dev_ws/install/include/easy_handeye2_msgs/easy_handeye2_msgs/srv/detail/select_target_pose__builder.hpp
-- Installing: /dev_ws/install/include/easy_handeye2_msgs/easy_handeye2_msgs/srv/detail/compute_calibration__struct.hpp
-- Installing: /dev_ws/install/include/easy_handeye2_msgs/easy_handeye2_msgs/srv/detail/save_samples__struct.hpp
-- Installing: /dev_ws/install/include/easy_handeye2_msgs/easy_handeye2_msgs/srv/detail/execute_plan__type_support.hpp
-- Installing: /dev_ws/install/include/easy_handeye2_msgs/easy_handeye2_msgs/srv/plan_to_selected_target_pose.hpp
-- Installing: /dev_ws/install/include/easy_handeye2_msgs/easy_handeye2_msgs/srv/take_sample.hpp
-- Installing: /dev_ws/install/include/easy_handeye2_msgs/easy_handeye2_msgs/srv/remove_sample.hpp
-- Installing: /dev_ws/install/include/easy_handeye2_msgs/easy_handeye2_msgs/srv/save_samples.hpp
-- Installing: /dev_ws/install/include/easy_handeye2_msgs/easy_handeye2_msgs/srv/save_calibration.hpp
-- Installing: /dev_ws/install/include/easy_handeye2_msgs/easy_handeye2_msgs/srv/compute_calibration.hpp
-- Installing: /dev_ws/install/include/easy_handeye2_msgs/easy_handeye2_msgs/srv/select_target_pose.hpp
-- Up-to-date: /dev_ws/install/include/easy_handeye2_msgs/easy_handeye2_msgs
-- Up-to-date: /dev_ws/install/include/easy_handeye2_msgs/easy_handeye2_msgs/msg
-- Up-to-date: /dev_ws/install/include/easy_handeye2_msgs/easy_handeye2_msgs/msg/detail
-- Installing: /dev_ws/install/include/easy_handeye2_msgs/easy_handeye2_msgs/msg/detail/target_pose_list__rosidl_typesupport_fastrtps_cpp.hpp
-- Installing: /dev_ws/install/include/easy_handeye2_msgs/easy_handeye2_msgs/msg/detail/sample__rosidl_typesupport_fastrtps_cpp.hpp
-- Installing: /dev_ws/install/include/easy_handeye2_msgs/easy_handeye2_msgs/msg/detail/handeye_calibration__rosidl_typesupport_fastrtps_cpp.hpp
-- Installing: /dev_ws/install/include/easy_handeye2_msgs/easy_handeye2_msgs/msg/detail/handeye_calibration_parameters__rosidl_typesupport_fastrtps_cpp.hpp
-- Installing: /dev_ws/install/include/easy_handeye2_msgs/easy_handeye2_msgs/msg/detail/dds_fastrtps
-- Installing: /dev_ws/install/include/easy_handeye2_msgs/easy_handeye2_msgs/msg/detail/sample_list__rosidl_typesupport_fastrtps_cpp.hpp
-- Installing: /dev_ws/install/include/easy_handeye2_msgs/easy_handeye2_msgs/msg/rosidl_typesupport_fastrtps_cpp__visibility_control.h
-- Up-to-date: /dev_ws/install/include/easy_handeye2_msgs/easy_handeye2_msgs/srv
-- Up-to-date: /dev_ws/install/include/easy_handeye2_msgs/easy_handeye2_msgs/srv/detail
-- Installing: /dev_ws/install/include/easy_handeye2_msgs/easy_handeye2_msgs/srv/detail/set_algorithm__rosidl_typesupport_fastrtps_cpp.hpp
-- Installing: /dev_ws/install/include/easy_handeye2_msgs/easy_handeye2_msgs/srv/detail/select_target_pose__rosidl_typesupport_fastrtps_cpp.hpp
-- Installing: /dev_ws/install/include/easy_handeye2_msgs/easy_handeye2_msgs/srv/detail/check_starting_pose__rosidl_typesupport_fastrtps_cpp.hpp
-- Installing: /dev_ws/install/include/easy_handeye2_msgs/easy_handeye2_msgs/srv/detail/remove_sample__rosidl_typesupport_fastrtps_cpp.hpp
-- Installing: /dev_ws/install/include/easy_handeye2_msgs/easy_handeye2_msgs/srv/detail/execute_plan__rosidl_typesupport_fastrtps_cpp.hpp
-- Installing: /dev_ws/install/include/easy_handeye2_msgs/easy_handeye2_msgs/srv/detail/compute_calibration__rosidl_typesupport_fastrtps_cpp.hpp
-- Installing: /dev_ws/install/include/easy_handeye2_msgs/easy_handeye2_msgs/srv/detail/list_algorithms__rosidl_typesupport_fastrtps_cpp.hpp
-- Installing: /dev_ws/install/include/easy_handeye2_msgs/easy_handeye2_msgs/srv/detail/dds_fastrtps
-- Installing: /dev_ws/install/include/easy_handeye2_msgs/easy_handeye2_msgs/srv/detail/enumerate_target_poses__rosidl_typesupport_fastrtps_cpp.hpp
-- Installing: /dev_ws/install/include/easy_handeye2_msgs/easy_handeye2_msgs/srv/detail/save_calibration__rosidl_typesupport_fastrtps_cpp.hpp
-- Installing: /dev_ws/install/include/easy_handeye2_msgs/easy_handeye2_msgs/srv/detail/load_samples__rosidl_typesupport_fastrtps_cpp.hpp
-- Installing: /dev_ws/install/include/easy_handeye2_msgs/easy_handeye2_msgs/srv/detail/plan_to_selected_target_pose__rosidl_typesupport_fastrtps_cpp.hpp
-- Installing: /dev_ws/install/include/easy_handeye2_msgs/easy_handeye2_msgs/srv/detail/take_sample__rosidl_typesupport_fastrtps_cpp.hpp
-- Installing: /dev_ws/install/include/easy_handeye2_msgs/easy_handeye2_msgs/srv/detail/save_samples__rosidl_typesupport_fastrtps_cpp.hpp
-- Installing: /dev_ws/install/lib/libeasy_handeye2_msgs__rosidl_typesupport_fastrtps_cpp.so
-- Set runtime path of "/dev_ws/install/lib/libeasy_handeye2_msgs__rosidl_typesupport_fastrtps_cpp.so" to ""
-- Up-to-date: /dev_ws/install/include/easy_handeye2_msgs/easy_handeye2_msgs
-- Up-to-date: /dev_ws/install/include/easy_handeye2_msgs/easy_handeye2_msgs/msg
-- Up-to-date: /dev_ws/install/include/easy_handeye2_msgs/easy_handeye2_msgs/msg/detail
-- Installing: /dev_ws/install/include/easy_handeye2_msgs/easy_handeye2_msgs/msg/detail/handeye_calibration__type_support.cpp
-- Installing: /dev_ws/install/include/easy_handeye2_msgs/easy_handeye2_msgs/msg/detail/sample__rosidl_typesupport_introspection_cpp.hpp
-- Installing: /dev_ws/install/include/easy_handeye2_msgs/easy_handeye2_msgs/msg/detail/handeye_calibration__rosidl_typesupport_introspection_cpp.hpp
-- Installing: /dev_ws/install/include/easy_handeye2_msgs/easy_handeye2_msgs/msg/detail/target_pose_list__type_support.cpp
-- Installing: /dev_ws/install/include/easy_handeye2_msgs/easy_handeye2_msgs/msg/detail/sample__type_support.cpp
-- Installing: /dev_ws/install/include/easy_handeye2_msgs/easy_handeye2_msgs/msg/detail/target_pose_list__rosidl_typesupport_introspection_cpp.hpp
-- Installing: /dev_ws/install/include/easy_handeye2_msgs/easy_handeye2_msgs/msg/detail/handeye_calibration_parameters__type_support.cpp
-- Installing: /dev_ws/install/include/easy_handeye2_msgs/easy_handeye2_msgs/msg/detail/sample_list__type_support.cpp
-- Installing: /dev_ws/install/include/easy_handeye2_msgs/easy_handeye2_msgs/msg/detail/sample_list__rosidl_typesupport_introspection_cpp.hpp
-- Installing: /dev_ws/install/include/easy_handeye2_msgs/easy_handeye2_msgs/msg/detail/handeye_calibration_parameters__rosidl_typesupport_introspection_cpp.hpp
-- Up-to-date: /dev_ws/install/include/easy_handeye2_msgs/easy_handeye2_msgs/srv
-- Up-to-date: /dev_ws/install/include/easy_handeye2_msgs/easy_handeye2_msgs/srv/detail
-- Installing: /dev_ws/install/include/easy_handeye2_msgs/easy_handeye2_msgs/srv/detail/plan_to_selected_target_pose__rosidl_typesupport_introspection_cpp.hpp
-- Installing: /dev_ws/install/include/easy_handeye2_msgs/easy_handeye2_msgs/srv/detail/save_samples__type_support.cpp
-- Installing: /dev_ws/install/include/easy_handeye2_msgs/easy_handeye2_msgs/srv/detail/set_algorithm__rosidl_typesupport_introspection_cpp.hpp
-- Installing: /dev_ws/install/include/easy_handeye2_msgs/easy_handeye2_msgs/srv/detail/set_algorithm__type_support.cpp
-- Installing: /dev_ws/install/include/easy_handeye2_msgs/easy_handeye2_msgs/srv/detail/compute_calibration__rosidl_typesupport_introspection_cpp.hpp
-- Installing: /dev_ws/install/include/easy_handeye2_msgs/easy_handeye2_msgs/srv/detail/take_sample__rosidl_typesupport_introspection_cpp.hpp
-- Installing: /dev_ws/install/include/easy_handeye2_msgs/easy_handeye2_msgs/srv/detail/save_samples__rosidl_typesupport_introspection_cpp.hpp
-- Installing: /dev_ws/install/include/easy_handeye2_msgs/easy_handeye2_msgs/srv/detail/enumerate_target_poses__type_support.cpp
-- Installing: /dev_ws/install/include/easy_handeye2_msgs/easy_handeye2_msgs/srv/detail/select_target_pose__rosidl_typesupport_introspection_cpp.hpp
-- Installing: /dev_ws/install/include/easy_handeye2_msgs/easy_handeye2_msgs/srv/detail/execute_plan__rosidl_typesupport_introspection_cpp.hpp
-- Installing: /dev_ws/install/include/easy_handeye2_msgs/easy_handeye2_msgs/srv/detail/select_target_pose__type_support.cpp
-- Installing: /dev_ws/install/include/easy_handeye2_msgs/easy_handeye2_msgs/srv/detail/save_calibration__rosidl_typesupport_introspection_cpp.hpp
-- Installing: /dev_ws/install/include/easy_handeye2_msgs/easy_handeye2_msgs/srv/detail/load_samples__rosidl_typesupport_introspection_cpp.hpp
-- Installing: /dev_ws/install/include/easy_handeye2_msgs/easy_handeye2_msgs/srv/detail/enumerate_target_poses__rosidl_typesupport_introspection_cpp.hpp
-- Installing: /dev_ws/install/include/easy_handeye2_msgs/easy_handeye2_msgs/srv/detail/remove_sample__type_support.cpp
-- Installing: /dev_ws/install/include/easy_handeye2_msgs/easy_handeye2_msgs/srv/detail/plan_to_selected_target_pose__type_support.cpp
-- Installing: /dev_ws/install/include/easy_handeye2_msgs/easy_handeye2_msgs/srv/detail/check_starting_pose__rosidl_typesupport_introspection_cpp.hpp
-- Installing: /dev_ws/install/include/easy_handeye2_msgs/easy_handeye2_msgs/srv/detail/list_algorithms__type_support.cpp
-- Installing: /dev_ws/install/include/easy_handeye2_msgs/easy_handeye2_msgs/srv/detail/list_algorithms__rosidl_typesupport_introspection_cpp.hpp
-- Installing: /dev_ws/install/include/easy_handeye2_msgs/easy_handeye2_msgs/srv/detail/execute_plan__type_support.cpp
-- Installing: /dev_ws/install/include/easy_handeye2_msgs/easy_handeye2_msgs/srv/detail/take_sample__type_support.cpp
-- Installing: /dev_ws/install/include/easy_handeye2_msgs/easy_handeye2_msgs/srv/detail/check_starting_pose__type_support.cpp
-- Installing: /dev_ws/install/include/easy_handeye2_msgs/easy_handeye2_msgs/srv/detail/load_samples__type_support.cpp
-- Installing: /dev_ws/install/include/easy_handeye2_msgs/easy_handeye2_msgs/srv/detail/remove_sample__rosidl_typesupport_introspection_cpp.hpp
-- Installing: /dev_ws/install/include/easy_handeye2_msgs/easy_handeye2_msgs/srv/detail/save_calibration__type_support.cpp
-- Installing: /dev_ws/install/include/easy_handeye2_msgs/easy_handeye2_msgs/srv/detail/compute_calibration__type_support.cpp
-- Installing: /dev_ws/install/lib/libeasy_handeye2_msgs__rosidl_typesupport_introspection_cpp.so
-- Set runtime path of "/dev_ws/install/lib/libeasy_handeye2_msgs__rosidl_typesupport_introspection_cpp.so" to ""
-- Installing: /dev_ws/install/lib/libeasy_handeye2_msgs__rosidl_typesupport_cpp.so
-- Set runtime path of "/dev_ws/install/lib/libeasy_handeye2_msgs__rosidl_typesupport_cpp.so" to ""
-- Installing: /dev_ws/install/share/easy_handeye2_msgs/environment/pythonpath.sh
-- Installing: /dev_ws/install/share/easy_handeye2_msgs/environment/pythonpath.dsv
-- Installing: /dev_ws/install/local/lib/python3.10/dist-packages/easy_handeye2_msgs-0.5.0-py3.10.egg-info
-- Installing: /dev_ws/install/local/lib/python3.10/dist-packages/easy_handeye2_msgs-0.5.0-py3.10.egg-info/SOURCES.txt
-- Installing: /dev_ws/install/local/lib/python3.10/dist-packages/easy_handeye2_msgs-0.5.0-py3.10.egg-info/dependency_links.txt
-- Installing: /dev_ws/install/local/lib/python3.10/dist-packages/easy_handeye2_msgs-0.5.0-py3.10.egg-info/top_level.txt
-- Installing: /dev_ws/install/local/lib/python3.10/dist-packages/easy_handeye2_msgs-0.5.0-py3.10.egg-info/PKG-INFO
-- Installing: /dev_ws/install/local/lib/python3.10/dist-packages/easy_handeye2_msgs
-- Installing: /dev_ws/install/local/lib/python3.10/dist-packages/easy_handeye2_msgs/_easy_handeye2_msgs_s.ep.rosidl_typesupport_c.c
-- Installing: /dev_ws/install/local/lib/python3.10/dist-packages/easy_handeye2_msgs/msg
-- Installing: /dev_ws/install/local/lib/python3.10/dist-packages/easy_handeye2_msgs/msg/_handeye_calibration_parameters.py
-- Installing: /dev_ws/install/local/lib/python3.10/dist-packages/easy_handeye2_msgs/msg/_handeye_calibration_s.c
-- Installing: /dev_ws/install/local/lib/python3.10/dist-packages/easy_handeye2_msgs/msg/_target_pose_list.py
-- Installing: /dev_ws/install/local/lib/python3.10/dist-packages/easy_handeye2_msgs/msg/_handeye_calibration.py
-- Installing: /dev_ws/install/local/lib/python3.10/dist-packages/easy_handeye2_msgs/msg/_sample_list_s.c
-- Installing: /dev_ws/install/local/lib/python3.10/dist-packages/easy_handeye2_msgs/msg/_sample.py
-- Installing: /dev_ws/install/local/lib/python3.10/dist-packages/easy_handeye2_msgs/msg/_sample_list.py
-- Installing: /dev_ws/install/local/lib/python3.10/dist-packages/easy_handeye2_msgs/msg/_handeye_calibration_parameters_s.c
-- Installing: /dev_ws/install/local/lib/python3.10/dist-packages/easy_handeye2_msgs/msg/_sample_s.c
-- Installing: /dev_ws/install/local/lib/python3.10/dist-packages/easy_handeye2_msgs/msg/__init__.py
-- Installing: /dev_ws/install/local/lib/python3.10/dist-packages/easy_handeye2_msgs/msg/_target_pose_list_s.c
-- Installing: /dev_ws/install/local/lib/python3.10/dist-packages/easy_handeye2_msgs/libeasy_handeye2_msgs__rosidl_generator_py.so
-- Installing: /dev_ws/install/local/lib/python3.10/dist-packages/easy_handeye2_msgs/easy_handeye2_msgs_s__rosidl_typesupport_introspection_c.cpython-310-x86_64-linux-gnu.so
-- Installing: /dev_ws/install/local/lib/python3.10/dist-packages/easy_handeye2_msgs/_easy_handeye2_msgs_s.ep.rosidl_typesupport_introspection_c.c
-- Installing: /dev_ws/install/local/lib/python3.10/dist-packages/easy_handeye2_msgs/srv
-- Installing: /dev_ws/install/local/lib/python3.10/dist-packages/easy_handeye2_msgs/srv/_enumerate_target_poses_s.c
-- Installing: /dev_ws/install/local/lib/python3.10/dist-packages/easy_handeye2_msgs/srv/_compute_calibration_s.c
-- Installing: /dev_ws/install/local/lib/python3.10/dist-packages/easy_handeye2_msgs/srv/_set_algorithm_s.c
-- Installing: /dev_ws/install/local/lib/python3.10/dist-packages/easy_handeye2_msgs/srv/_list_algorithms_s.c
-- Installing: /dev_ws/install/local/lib/python3.10/dist-packages/easy_handeye2_msgs/srv/_remove_sample.py
-- Installing: /dev_ws/install/local/lib/python3.10/dist-packages/easy_handeye2_msgs/srv/_save_calibration.py
-- Installing: /dev_ws/install/local/lib/python3.10/dist-packages/easy_handeye2_msgs/srv/_save_samples.py
-- Installing: /dev_ws/install/local/lib/python3.10/dist-packages/easy_handeye2_msgs/srv/_take_sample_s.c
-- Installing: /dev_ws/install/local/lib/python3.10/dist-packages/easy_handeye2_msgs/srv/_execute_plan.py
-- Installing: /dev_ws/install/local/lib/python3.10/dist-packages/easy_handeye2_msgs/srv/_take_sample.py
-- Installing: /dev_ws/install/local/lib/python3.10/dist-packages/easy_handeye2_msgs/srv/_set_algorithm.py
-- Installing: /dev_ws/install/local/lib/python3.10/dist-packages/easy_handeye2_msgs/srv/_load_samples_s.c
-- Installing: /dev_ws/install/local/lib/python3.10/dist-packages/easy_handeye2_msgs/srv/_load_samples.py
-- Installing: /dev_ws/install/local/lib/python3.10/dist-packages/easy_handeye2_msgs/srv/_enumerate_target_poses.py
-- Installing: /dev_ws/install/local/lib/python3.10/dist-packages/easy_handeye2_msgs/srv/_compute_calibration.py
-- Installing: /dev_ws/install/local/lib/python3.10/dist-packages/easy_handeye2_msgs/srv/_execute_plan_s.c
-- Installing: /dev_ws/install/local/lib/python3.10/dist-packages/easy_handeye2_msgs/srv/_save_calibration_s.c
-- Installing: /dev_ws/install/local/lib/python3.10/dist-packages/easy_handeye2_msgs/srv/_plan_to_selected_target_pose.py
-- Installing: /dev_ws/install/local/lib/python3.10/dist-packages/easy_handeye2_msgs/srv/_check_starting_pose.py
-- Installing: /dev_ws/install/local/lib/python3.10/dist-packages/easy_handeye2_msgs/srv/_select_target_pose.py
-- Installing: /dev_ws/install/local/lib/python3.10/dist-packages/easy_handeye2_msgs/srv/_remove_sample_s.c
-- Installing: /dev_ws/install/local/lib/python3.10/dist-packages/easy_handeye2_msgs/srv/_plan_to_selected_target_pose_s.c
-- Installing: /dev_ws/install/local/lib/python3.10/dist-packages/easy_handeye2_msgs/srv/_list_algorithms.py
-- Installing: /dev_ws/install/local/lib/python3.10/dist-packages/easy_handeye2_msgs/srv/_check_starting_pose_s.c
-- Installing: /dev_ws/install/local/lib/python3.10/dist-packages/easy_handeye2_msgs/srv/_select_target_pose_s.c
-- Installing: /dev_ws/install/local/lib/python3.10/dist-packages/easy_handeye2_msgs/srv/_save_samples_s.c
-- Installing: /dev_ws/install/local/lib/python3.10/dist-packages/easy_handeye2_msgs/srv/__init__.py
-- Installing: /dev_ws/install/local/lib/python3.10/dist-packages/easy_handeye2_msgs/easy_handeye2_msgs_s__rosidl_typesupport_fastrtps_c.cpython-310-x86_64-linux-gnu.so
-- Installing: /dev_ws/install/local/lib/python3.10/dist-packages/easy_handeye2_msgs/__init__.py
-- Installing: /dev_ws/install/local/lib/python3.10/dist-packages/easy_handeye2_msgs/easy_handeye2_msgs_s__rosidl_typesupport_c.cpython-310-x86_64-linux-gnu.so
-- Installing: /dev_ws/install/local/lib/python3.10/dist-packages/easy_handeye2_msgs/_easy_handeye2_msgs_s.ep.rosidl_typesupport_fastrtps_c.c
Listing '/dev_ws/install/local/lib/python3.10/dist-packages/easy_handeye2_msgs'...
Compiling '/dev_ws/install/local/lib/python3.10/dist-packages/easy_handeye2_msgs/__init__.py'...
Listing '/dev_ws/install/local/lib/python3.10/dist-packages/easy_handeye2_msgs/msg'...
Compiling '/dev_ws/install/local/lib/python3.10/dist-packages/easy_handeye2_msgs/msg/__init__.py'...
Compiling '/dev_ws/install/local/lib/python3.10/dist-packages/easy_handeye2_msgs/msg/_handeye_calibration.py'...
Compiling '/dev_ws/install/local/lib/python3.10/dist-packages/easy_handeye2_msgs/msg/_handeye_calibration_parameters.py'...
Compiling '/dev_ws/install/local/lib/python3.10/dist-packages/easy_handeye2_msgs/msg/_sample.py'...
Compiling '/dev_ws/install/local/lib/python3.10/dist-packages/easy_handeye2_msgs/msg/_sample_list.py'...
Compiling '/dev_ws/install/local/lib/python3.10/dist-packages/easy_handeye2_msgs/msg/_target_pose_list.py'...
Listing '/dev_ws/install/local/lib/python3.10/dist-packages/easy_handeye2_msgs/srv'...
Compiling '/dev_ws/install/local/lib/python3.10/dist-packages/easy_handeye2_msgs/srv/__init__.py'...
Compiling '/dev_ws/install/local/lib/python3.10/dist-packages/easy_handeye2_msgs/srv/_check_starting_pose.py'...
Compiling '/dev_ws/install/local/lib/python3.10/dist-packages/easy_handeye2_msgs/srv/_compute_calibration.py'...
Compiling '/dev_ws/install/local/lib/python3.10/dist-packages/easy_handeye2_msgs/srv/_enumerate_target_poses.py'...
Compiling '/dev_ws/install/local/lib/python3.10/dist-packages/easy_handeye2_msgs/srv/_execute_plan.py'...
Compiling '/dev_ws/install/local/lib/python3.10/dist-packages/easy_handeye2_msgs/srv/_list_algorithms.py'...
Compiling '/dev_ws/install/local/lib/python3.10/dist-packages/easy_handeye2_msgs/srv/_load_samples.py'...
Compiling '/dev_ws/install/local/lib/python3.10/dist-packages/easy_handeye2_msgs/srv/_plan_to_selected_target_pose.py'...
Compiling '/dev_ws/install/local/lib/python3.10/dist-packages/easy_handeye2_msgs/srv/_remove_sample.py'...
Compiling '/dev_ws/install/local/lib/python3.10/dist-packages/easy_handeye2_msgs/srv/_save_calibration.py'...
Compiling '/dev_ws/install/local/lib/python3.10/dist-packages/easy_handeye2_msgs/srv/_save_samples.py'...
Compiling '/dev_ws/install/local/lib/python3.10/dist-packages/easy_handeye2_msgs/srv/_select_target_pose.py'...
Compiling '/dev_ws/install/local/lib/python3.10/dist-packages/easy_handeye2_msgs/srv/_set_algorithm.py'...
Compiling '/dev_ws/install/local/lib/python3.10/dist-packages/easy_handeye2_msgs/srv/_take_sample.py'...
-- Installing: /dev_ws/install/local/lib/python3.10/dist-packages/easy_handeye2_msgs/easy_handeye2_msgs_s__rosidl_typesupport_fastrtps_c.cpython-310-x86_64-linux-gnu.so
-- Set runtime path of "/dev_ws/install/local/lib/python3.10/dist-packages/easy_handeye2_msgs/easy_handeye2_msgs_s__rosidl_typesupport_fastrtps_c.cpython-310-x86_64-linux-gnu.so" to ""
-- Installing: /dev_ws/install/local/lib/python3.10/dist-packages/easy_handeye2_msgs/easy_handeye2_msgs_s__rosidl_typesupport_introspection_c.cpython-310-x86_64-linux-gnu.so
-- Set runtime path of "/dev_ws/install/local/lib/python3.10/dist-packages/easy_handeye2_msgs/easy_handeye2_msgs_s__rosidl_typesupport_introspection_c.cpython-310-x86_64-linux-gnu.so" to ""
-- Installing: /dev_ws/install/local/lib/python3.10/dist-packages/easy_handeye2_msgs/easy_handeye2_msgs_s__rosidl_typesupport_c.cpython-310-x86_64-linux-gnu.so
-- Set runtime path of "/dev_ws/install/local/lib/python3.10/dist-packages/easy_handeye2_msgs/easy_handeye2_msgs_s__rosidl_typesupport_c.cpython-310-x86_64-linux-gnu.so" to ""
-- Installing: /dev_ws/install/lib/libeasy_handeye2_msgs__rosidl_generator_py.so
-- Set runtime path of "/dev_ws/install/lib/libeasy_handeye2_msgs__rosidl_generator_py.so" to ""
-- Installing: /dev_ws/install/share/easy_handeye2_msgs/msg/HandeyeCalibration.idl
-- Installing: /dev_ws/install/share/easy_handeye2_msgs/msg/HandeyeCalibrationParameters.idl
-- Installing: /dev_ws/install/share/easy_handeye2_msgs/msg/Sample.idl
-- Installing: /dev_ws/install/share/easy_handeye2_msgs/msg/SampleList.idl
-- Installing: /dev_ws/install/share/easy_handeye2_msgs/msg/TargetPoseList.idl
-- Installing: /dev_ws/install/share/easy_handeye2_msgs/srv/ListAlgorithms.idl
-- Installing: /dev_ws/install/share/easy_handeye2_msgs/srv/SetAlgorithm.idl
-- Installing: /dev_ws/install/share/easy_handeye2_msgs/srv/ComputeCalibration.idl
-- Installing: /dev_ws/install/share/easy_handeye2_msgs/srv/SaveCalibration.idl
-- Installing: /dev_ws/install/share/easy_handeye2_msgs/srv/RemoveSample.idl
-- Installing: /dev_ws/install/share/easy_handeye2_msgs/srv/TakeSample.idl
-- Installing: /dev_ws/install/share/easy_handeye2_msgs/srv/SaveSamples.idl
-- Installing: /dev_ws/install/share/easy_handeye2_msgs/srv/LoadSamples.idl
-- Installing: /dev_ws/install/share/easy_handeye2_msgs/srv/CheckStartingPose.idl
-- Installing: /dev_ws/install/share/easy_handeye2_msgs/srv/EnumerateTargetPoses.idl
-- Installing: /dev_ws/install/share/easy_handeye2_msgs/srv/SelectTargetPose.idl
-- Installing: /dev_ws/install/share/easy_handeye2_msgs/srv/PlanToSelectedTargetPose.idl
-- Installing: /dev_ws/install/share/easy_handeye2_msgs/srv/ExecutePlan.idl
-- Installing: /dev_ws/install/share/easy_handeye2_msgs/msg/HandeyeCalibration.msg
-- Installing: /dev_ws/install/share/easy_handeye2_msgs/msg/HandeyeCalibrationParameters.msg
-- Installing: /dev_ws/install/share/easy_handeye2_msgs/msg/Sample.msg
-- Installing: /dev_ws/install/share/easy_handeye2_msgs/msg/SampleList.msg
-- Installing: /dev_ws/install/share/easy_handeye2_msgs/msg/TargetPoseList.msg
-- Installing: /dev_ws/install/share/easy_handeye2_msgs/calibration/ListAlgorithms.srv
-- Installing: /dev_ws/install/share/easy_handeye2_msgs/calibration/ListAlgorithms_Request.msg
-- Installing: /dev_ws/install/share/easy_handeye2_msgs/calibration/ListAlgorithms_Response.msg
-- Installing: /dev_ws/install/share/easy_handeye2_msgs/calibration/SetAlgorithm.srv
-- Installing: /dev_ws/install/share/easy_handeye2_msgs/calibration/SetAlgorithm_Request.msg
-- Installing: /dev_ws/install/share/easy_handeye2_msgs/calibration/SetAlgorithm_Response.msg
-- Installing: /dev_ws/install/share/easy_handeye2_msgs/calibration/ComputeCalibration.srv
-- Installing: /dev_ws/install/share/easy_handeye2_msgs/calibration/ComputeCalibration_Request.msg
-- Installing: /dev_ws/install/share/easy_handeye2_msgs/calibration/ComputeCalibration_Response.msg
-- Installing: /dev_ws/install/share/easy_handeye2_msgs/calibration/SaveCalibration.srv
-- Installing: /dev_ws/install/share/easy_handeye2_msgs/calibration/SaveCalibration_Request.msg
-- Installing: /dev_ws/install/share/easy_handeye2_msgs/calibration/SaveCalibration_Response.msg
-- Installing: /dev_ws/install/share/easy_handeye2_msgs/calibration/RemoveSample.srv
-- Installing: /dev_ws/install/share/easy_handeye2_msgs/calibration/RemoveSample_Request.msg
-- Installing: /dev_ws/install/share/easy_handeye2_msgs/calibration/RemoveSample_Response.msg
-- Installing: /dev_ws/install/share/easy_handeye2_msgs/calibration/TakeSample.srv
-- Installing: /dev_ws/install/share/easy_handeye2_msgs/calibration/TakeSample_Request.msg
-- Installing: /dev_ws/install/share/easy_handeye2_msgs/calibration/TakeSample_Response.msg
-- Installing: /dev_ws/install/share/easy_handeye2_msgs/calibration/SaveSamples.srv
-- Installing: /dev_ws/install/share/easy_handeye2_msgs/calibration/SaveSamples_Request.msg
-- Installing: /dev_ws/install/share/easy_handeye2_msgs/calibration/SaveSamples_Response.msg
-- Installing: /dev_ws/install/share/easy_handeye2_msgs/calibration/LoadSamples.srv
-- Installing: /dev_ws/install/share/easy_handeye2_msgs/calibration/LoadSamples_Request.msg
-- Installing: /dev_ws/install/share/easy_handeye2_msgs/calibration/LoadSamples_Response.msg
-- Installing: /dev_ws/install/share/easy_handeye2_msgs/robot_movements/CheckStartingPose.srv
-- Installing: /dev_ws/install/share/easy_handeye2_msgs/robot_movements/CheckStartingPose_Request.msg
-- Installing: /dev_ws/install/share/easy_handeye2_msgs/robot_movements/CheckStartingPose_Response.msg
-- Installing: /dev_ws/install/share/easy_handeye2_msgs/robot_movements/EnumerateTargetPoses.srv
-- Installing: /dev_ws/install/share/easy_handeye2_msgs/robot_movements/EnumerateTargetPoses_Request.msg
-- Installing: /dev_ws/install/share/easy_handeye2_msgs/robot_movements/EnumerateTargetPoses_Response.msg
-- Installing: /dev_ws/install/share/easy_handeye2_msgs/robot_movements/SelectTargetPose.srv
-- Installing: /dev_ws/install/share/easy_handeye2_msgs/robot_movements/SelectTargetPose_Request.msg
-- Installing: /dev_ws/install/share/easy_handeye2_msgs/robot_movements/SelectTargetPose_Response.msg
-- Installing: /dev_ws/install/share/easy_handeye2_msgs/robot_movements/PlanToSelectedTargetPose.srv
-- Installing: /dev_ws/install/share/easy_handeye2_msgs/robot_movements/PlanToSelectedTargetPose_Request.msg
-- Installing: /dev_ws/install/share/easy_handeye2_msgs/robot_movements/PlanToSelectedTargetPose_Response.msg
-- Installing: /dev_ws/install/share/easy_handeye2_msgs/robot_movements/ExecutePlan.srv
-- Installing: /dev_ws/install/share/easy_handeye2_msgs/robot_movements/ExecutePlan_Request.msg
-- Installing: /dev_ws/install/share/easy_handeye2_msgs/robot_movements/ExecutePlan_Response.msg
-- Installing: /dev_ws/install/share/ament_index/resource_index/package_run_dependencies/easy_handeye2_msgs
-- Installing: /dev_ws/install/share/ament_index/resource_index/parent_prefix_path/easy_handeye2_msgs
-- Installing: /dev_ws/install/share/easy_handeye2_msgs/environment/ament_prefix_path.sh
-- Installing: /dev_ws/install/share/easy_handeye2_msgs/environment/ament_prefix_path.dsv
-- Installing: /dev_ws/install/share/easy_handeye2_msgs/environment/path.sh
-- Installing: /dev_ws/install/share/easy_handeye2_msgs/environment/path.dsv
-- Installing: /dev_ws/install/share/easy_handeye2_msgs/local_setup.bash
-- Installing: /dev_ws/install/share/easy_handeye2_msgs/local_setup.sh
-- Installing: /dev_ws/install/share/easy_handeye2_msgs/local_setup.zsh
-- Installing: /dev_ws/install/share/easy_handeye2_msgs/local_setup.dsv
-- Installing: /dev_ws/install/share/easy_handeye2_msgs/package.dsv
-- Installing: /dev_ws/install/share/ament_index/resource_index/packages/easy_handeye2_msgs
-- Installing: /dev_ws/install/share/easy_handeye2_msgs/cmake/export_easy_handeye2_msgs__rosidl_generator_cExport.cmake
-- Installing: /dev_ws/install/share/easy_handeye2_msgs/cmake/export_easy_handeye2_msgs__rosidl_generator_cExport-noconfig.cmake
-- Installing: /dev_ws/install/share/easy_handeye2_msgs/cmake/export_easy_handeye2_msgs__rosidl_typesupport_fastrtps_cExport.cmake
-- Installing: /dev_ws/install/share/easy_handeye2_msgs/cmake/export_easy_handeye2_msgs__rosidl_typesupport_fastrtps_cExport-noconfig.cmake
-- Installing: /dev_ws/install/share/easy_handeye2_msgs/cmake/easy_handeye2_msgs__rosidl_typesupport_introspection_cExport.cmake
-- Installing: /dev_ws/install/share/easy_handeye2_msgs/cmake/easy_handeye2_msgs__rosidl_typesupport_introspection_cExport-noconfig.cmake
-- Installing: /dev_ws/install/share/easy_handeye2_msgs/cmake/easy_handeye2_msgs__rosidl_typesupport_cExport.cmake
-- Installing: /dev_ws/install/share/easy_handeye2_msgs/cmake/easy_handeye2_msgs__rosidl_typesupport_cExport-noconfig.cmake
-- Installing: /dev_ws/install/share/easy_handeye2_msgs/cmake/export_easy_handeye2_msgs__rosidl_generator_cppExport.cmake
-- Installing: /dev_ws/install/share/easy_handeye2_msgs/cmake/export_easy_handeye2_msgs__rosidl_typesupport_fastrtps_cppExport.cmake
-- Installing: /dev_ws/install/share/easy_handeye2_msgs/cmake/export_easy_handeye2_msgs__rosidl_typesupport_fastrtps_cppExport-noconfig.cmake
-- Installing: /dev_ws/install/share/easy_handeye2_msgs/cmake/easy_handeye2_msgs__rosidl_typesupport_introspection_cppExport.cmake
-- Installing: /dev_ws/install/share/easy_handeye2_msgs/cmake/easy_handeye2_msgs__rosidl_typesupport_introspection_cppExport-noconfig.cmake
-- Installing: /dev_ws/install/share/easy_handeye2_msgs/cmake/easy_handeye2_msgs__rosidl_typesupport_cppExport.cmake
-- Installing: /dev_ws/install/share/easy_handeye2_msgs/cmake/easy_handeye2_msgs__rosidl_typesupport_cppExport-noconfig.cmake
-- Installing: /dev_ws/install/share/easy_handeye2_msgs/cmake/export_easy_handeye2_msgs__rosidl_generator_pyExport.cmake
-- Installing: /dev_ws/install/share/easy_handeye2_msgs/cmake/export_easy_handeye2_msgs__rosidl_generator_pyExport-noconfig.cmake
-- Installing: /dev_ws/install/share/easy_handeye2_msgs/cmake/rosidl_cmake-extras.cmake
-- Installing: /dev_ws/install/share/easy_handeye2_msgs/cmake/ament_cmake_export_dependencies-extras.cmake
-- Installing: /dev_ws/install/share/easy_handeye2_msgs/cmake/ament_cmake_export_include_directories-extras.cmake
-- Installing: /dev_ws/install/share/easy_handeye2_msgs/cmake/ament_cmake_export_libraries-extras.cmake
-- Installing: /dev_ws/install/share/easy_handeye2_msgs/cmake/ament_cmake_export_targets-extras.cmake
-- Installing: /dev_ws/install/share/easy_handeye2_msgs/cmake/rosidl_cmake_export_typesupport_targets-extras.cmake
-- Installing: /dev_ws/install/share/easy_handeye2_msgs/cmake/rosidl_cmake_export_typesupport_libraries-extras.cmake
-- Installing: /dev_ws/install/share/easy_handeye2_msgs/cmake/easy_handeye2_msgsConfig.cmake
-- Installing: /dev_ws/install/share/easy_handeye2_msgs/cmake/easy_handeye2_msgsConfig-version.cmake
-- Installing: /dev_ws/install/share/easy_handeye2_msgs/package.xml
