In file included from [01m[K/dev_ws/src/moveit2-introduction/Universal_Robots_ROS2_Driver/ur_controllers/include/ur_controllers/ur_configuration_controller.hpp:46[m[K,
                 from [01m[K/dev_ws/src/moveit2-introduction/Universal_Robots_ROS2_Driver/ur_controllers/src/ur_configuration_controller.cpp:41[m[K:
[01m[K/opt/ros/humble/include/realtime_tools/realtime_tools/realtime_box_best_effort.h:38:109:[m[K [01;36m[Knote: [m[K‘[01m[K#pragma message: This header include is deprecated. Please update your code to use 'realtime_box_best_effort.hpp' header.[m[K’
   38 |   "This header include is deprecated. Please update your code to use 'realtime_box_best_effort.hpp' header."[01;36m[K)[m[K  //NOLINT
      |                                                                                                             [01;36m[K^[m[K
In file included from [01m[K/dev_ws/src/moveit2-introduction/Universal_Robots_ROS2_Driver/ur_controllers/include/ur_controllers/speed_scaling_state_broadcaster.hpp:51[m[K,
                 from [01m[K/dev_ws/src/moveit2-introduction/Universal_Robots_ROS2_Driver/ur_controllers/src/speed_scaling_state_broadcaster.cpp:38[m[K:
[01m[K/dev_ws/build/ur_controllers/include/speed_scaling_state_broadcaster_parameters.hpp:1:179:[m[K [01;36m[Knote: [m[K‘[01m[K#pragma message: #include "speed_scaling_state_broadcaster_parameters.hpp" is deprecated. Use #include <ur_controllers/speed_scaling_state_broadcaster_parameters.hpp> instead.[m[K’
    1 | #pragma message("#include \"speed_scaling_state_broadcaster_parameters.hpp\" is deprecated. Use #include <ur_controllers/speed_scaling_state_broadcaster_parameters.hpp> instead."[01;36m[K)[m[K
      |                                                                                                                                                                                   [01;36m[K^[m[K
In file included from [01m[K/dev_ws/src/moveit2-introduction/Universal_Robots_ROS2_Driver/ur_controllers/include/ur_controllers/ur_configuration_controller.hpp:53[m[K,
                 from [01m[K/dev_ws/src/moveit2-introduction/Universal_Robots_ROS2_Driver/ur_controllers/src/ur_configuration_controller.cpp:41[m[K:
[01m[K/dev_ws/build/ur_controllers/include/ur_configuration_controller_parameters.hpp:1:171:[m[K [01;36m[Knote: [m[K‘[01m[K#pragma message: #include "ur_configuration_controller_parameters.hpp" is deprecated. Use #include <ur_controllers/ur_configuration_controller_parameters.hpp> instead.[m[K’
    1 | #pragma message("#include \"ur_configuration_controller_parameters.hpp\" is deprecated. Use #include <ur_controllers/ur_configuration_controller_parameters.hpp> instead."[01;36m[K)[m[K
      |                                                                                                                                                                           [01;36m[K^[m[K
In file included from [01m[K/dev_ws/src/moveit2-introduction/Universal_Robots_ROS2_Driver/ur_controllers/include/ur_controllers/gpio_controller.hpp:60[m[K,
                 from [01m[K/dev_ws/src/moveit2-introduction/Universal_Robots_ROS2_Driver/ur_controllers/src/gpio_controller.cpp:38[m[K:
[01m[K/dev_ws/build/ur_controllers/include/gpio_controller_parameters.hpp:1:147:[m[K [01;36m[Knote: [m[K‘[01m[K#pragma message: #include "gpio_controller_parameters.hpp" is deprecated. Use #include <ur_controllers/gpio_controller_parameters.hpp> instead.[m[K’
    1 | #pragma message("#include \"gpio_controller_parameters.hpp\" is deprecated. Use #include <ur_controllers/gpio_controller_parameters.hpp> instead."[01;36m[K)[m[K
      |                                                                                                                                                   [01;36m[K^[m[K
In file included from [01m[K/dev_ws/src/moveit2-introduction/Universal_Robots_ROS2_Driver/ur_controllers/src/ur_configuration_controller.cpp:42[m[K:
[01m[K/opt/ros/humble/include/realtime_tools/realtime_tools/realtime_box.h:22:97:[m[K [01;36m[Knote: [m[K‘[01m[K#pragma message: This header include is deprecated. Please update your code to use 'realtime_box.hpp' header.[m[K’
   22 |   "This header include is deprecated. Please update your code to use 'realtime_box.hpp' header."[01;36m[K)[m[K  //NOLINT
      |                                                                                                 [01;36m[K^[m[K
[01m[K/dev_ws/src/moveit2-introduction/Universal_Robots_ROS2_Driver/ur_controllers/src/gpio_controller.cpp:[m[K In member function ‘[01m[Kbool ur_controllers::GPIOController::setAnalogOutput(ur_msgs::srv::SetAnalogOutput_Request_<std::allocator<void> >::SharedPtr, ur_msgs::srv::SetAnalogOutput_Response_<std::allocator<void> >::SharedPtr)[m[K’:
[01m[K/dev_ws/src/moveit2-introduction/Universal_Robots_ROS2_Driver/ur_controllers/src/gpio_controller.cpp:410:21:[m[K [01;35m[Kwarning: [m[Kcomparison is always false due to limited range of data type [[01;35m[K]8;;https://gcc.gnu.org/onlinedocs/gcc/Warning-Options.html#index-Wtype-limits-Wtype-limits]8;;[m[K]
  410 |   if ([01;35m[Kreq->data.pin < 0[m[K || req->data.pin > 1) {
      |       [01;35m[K~~~~~~~~~~~~~~^~~[m[K
In file included from [01m[K/dev_ws/src/moveit2-introduction/Universal_Robots_ROS2_Driver/ur_controllers/include/ur_controllers/scaled_joint_trajectory_controller.hpp:48[m[K,
                 from [01m[K/dev_ws/src/moveit2-introduction/Universal_Robots_ROS2_Driver/ur_controllers/src/scaled_joint_trajectory_controller.cpp:41[m[K:
[01m[K/dev_ws/build/ur_controllers/include/scaled_joint_trajectory_controller_parameters.hpp:1:185:[m[K [01;36m[Knote: [m[K‘[01m[K#pragma message: #include "scaled_joint_trajectory_controller_parameters.hpp" is deprecated. Use #include <ur_controllers/scaled_joint_trajectory_controller_parameters.hpp> instead.[m[K’
    1 | "scaled_joint_trajectory_controller_parameters.hpp\" is deprecated. Use #include <ur_controllers/scaled_joint_trajectory_controller_parameters.hpp> instead."[01;36m[K)[m[K
      |                                                                                                                                                              [01;36m[K^[m[K

