[0.007s] Invoking command in '/dev_ws/build/ur_controllers': CMAKE_PREFIX_PATH=${CMAKE_PREFIX_PATH}:/opt/ros/humble PYTHONPATH=/dev_ws/install/lib/python3.10/site-packages:/dev_ws/build/easy_handeye2:/dev_ws/install/local/lib/python3.10/dist-packages:/opt/ros/humble/lib/python3.10/site-packages:/opt/ros/humble/local/lib/python3.10/dist-packages /usr/bin/cmake /dev_ws/src/moveit2-introduction/Universal_Robots_ROS2_Driver/ur_controllers -DCMAKE_INSTALL_PREFIX=/dev_ws/install
[0.061s] -- The C compiler identification is GNU 11.4.0
[0.113s] -- The CXX compiler identification is GNU 11.4.0
[0.118s] -- Detecting C compiler ABI info
[0.238s] -- Detecting C compiler ABI info - done
[0.244s] -- Check for working C compiler: /usr/bin/cc - skipped
[0.244s] -- Detecting C compile features
[0.244s] -- Detecting C compile features - done
[0.248s] -- Detecting CXX compiler ABI info
[0.369s] -- Detecting CXX compiler ABI info - done
[0.381s] -- Check for working CXX compiler: /usr/bin/c++ - skipped
[0.382s] -- Detecting CXX compile features
[0.383s] -- Detecting CXX compile features - done
[0.386s] -- Found ament_cmake: 1.3.11 (/opt/ros/humble/share/ament_cmake/cmake)
[0.510s] -- Found Python3: /usr/bin/python3 (found version "3.10.12") found components: Interpreter 
[0.575s] -- Found angles: 1.15.0 (/opt/ros/humble/share/angles/cmake)
[0.577s] -- Found controller_interface: 2.50.0 (/opt/ros/humble/share/controller_interface/cmake)
[0.607s] -- Found rosidl_generator_c: 3.1.6 (/opt/ros/humble/share/rosidl_generator_c/cmake)
[0.611s] -- Found rosidl_adapter: 3.1.6 (/opt/ros/humble/share/rosidl_adapter/cmake)
[0.617s] -- Found rosidl_generator_cpp: 3.1.6 (/opt/ros/humble/share/rosidl_generator_cpp/cmake)
[0.626s] -- Using all available rosidl_typesupport_c: rosidl_typesupport_fastrtps_c;rosidl_typesupport_introspection_c
[0.637s] -- Using all available rosidl_typesupport_cpp: rosidl_typesupport_fastrtps_cpp;rosidl_typesupport_introspection_cpp
[0.781s] -- Found rmw_implementation_cmake: 6.1.2 (/opt/ros/humble/share/rmw_implementation_cmake/cmake)
[0.783s] -- Found rmw_fastrtps_cpp: 6.2.7 (/opt/ros/humble/share/rmw_fastrtps_cpp/cmake)
[0.802s] -- Found TinyXML2 via Config file: TinyXML2_DIR-NOTFOUND
[0.913s] -- Found OpenSSL: /usr/lib/x86_64-linux-gnu/libcrypto.so (found version "3.0.2")  
[0.916s] -- Found TinyXML2 via Config file: TinyXML2_DIR-NOTFOUND
[0.941s] -- Found FastRTPS: /opt/ros/humble/include  
[0.943s] -- Found TinyXML2 via Config file: TinyXML2_DIR-NOTFOUND
[0.954s] -- Found TinyXML2 via Config file: TinyXML2_DIR-NOTFOUND
[0.964s] -- Using RMW implementation 'rmw_fastrtps_cpp' as default
[0.977s] -- Looking for pthread.h
[1.101s] -- Looking for pthread.h - found
[1.102s] -- Performing Test CMAKE_HAVE_LIBC_PTHREAD
[1.233s] -- Performing Test CMAKE_HAVE_LIBC_PTHREAD - Success
[1.234s] -- Found Threads: TRUE  
[1.271s] -- Found joint_trajectory_controller: 2.44.0 (/opt/ros/humble/share/joint_trajectory_controller/cmake)
[1.322s] -- Found std_srvs: 4.8.0 (/opt/ros/humble/share/std_srvs/cmake)
[1.328s] -- Found ur_dashboard_msgs: 2.2.16 (/dev_ws/install/share/ur_dashboard_msgs/cmake)
[1.339s] -- Found ur_msgs: 2.2.0 (/opt/ros/humble/share/ur_msgs/cmake)
[1.402s] -- Configuring done
[1.422s] -- Generating done
[1.426s] -- Build files have been written to: /dev_ws/build/ur_controllers
[1.433s] Invoked command in '/dev_ws/build/ur_controllers' returned '0': CMAKE_PREFIX_PATH=${CMAKE_PREFIX_PATH}:/opt/ros/humble PYTHONPATH=/dev_ws/install/lib/python3.10/site-packages:/dev_ws/build/easy_handeye2:/dev_ws/install/local/lib/python3.10/dist-packages:/opt/ros/humble/lib/python3.10/site-packages:/opt/ros/humble/local/lib/python3.10/dist-packages /usr/bin/cmake /dev_ws/src/moveit2-introduction/Universal_Robots_ROS2_Driver/ur_controllers -DCMAKE_INSTALL_PREFIX=/dev_ws/install
[1.435s] Invoking command in '/dev_ws/build/ur_controllers': CMAKE_PREFIX_PATH=${CMAKE_PREFIX_PATH}:/opt/ros/humble PYTHONPATH=/dev_ws/install/lib/python3.10/site-packages:/dev_ws/build/easy_handeye2:/dev_ws/install/local/lib/python3.10/dist-packages:/opt/ros/humble/lib/python3.10/site-packages:/opt/ros/humble/local/lib/python3.10/dist-packages /usr/bin/cmake --build /dev_ws/build/ur_controllers -- -j20 -l20
[1.505s] [  7%] [34m[1mRunning `/opt/ros/humble/bin/generate_parameter_library_cpp /dev_ws/build/ur_controllers/include/ur_controllers/ur_configuration_controller_parameters.hpp /dev_ws/src/moveit2-introduction/Universal_Robots_ROS2_Driver/ur_controllers/src/ur_configuration_controller_parameters.yaml `[0m
[1.507s] [ 15%] [34m[1mRunning `/opt/ros/humble/bin/generate_parameter_library_cpp /dev_ws/build/ur_controllers/include/ur_controllers/gpio_controller_parameters.hpp /dev_ws/src/moveit2-introduction/Universal_Robots_ROS2_Driver/ur_controllers/src/gpio_controller_parameters.yaml `[0m
[1.507s] [ 23%] [34m[1mRunning `/opt/ros/humble/bin/generate_parameter_library_cpp /dev_ws/build/ur_controllers/include/ur_controllers/speed_scaling_state_broadcaster_parameters.hpp /dev_ws/src/moveit2-introduction/Universal_Robots_ROS2_Driver/ur_controllers/src/speed_scaling_state_broadcaster_parameters.yaml `[0m
[1.508s] [ 30%] [34m[1mRunning `/opt/ros/humble/bin/generate_parameter_library_cpp /dev_ws/build/ur_controllers/include/ur_controllers/scaled_joint_trajectory_controller_parameters.hpp /dev_ws/src/moveit2-introduction/Universal_Robots_ROS2_Driver/ur_controllers/src/scaled_joint_trajectory_controller_parameters.yaml `[0m
[1.605s] [ 38%] [34m[1mCreating deprecated header file /dev_ws/build/ur_controllers/include/ur_configuration_controller_parameters.hpp[0m
[1.615s] [ 46%] [34m[1mCreating deprecated header file /dev_ws/build/ur_controllers/include/gpio_controller_parameters.hpp[0m
[1.618s] [ 53%] [34m[1mCreating deprecated header file /dev_ws/build/ur_controllers/include/speed_scaling_state_broadcaster_parameters.hpp[0m
[1.620s] [ 61%] [34m[1mCreating deprecated header file /dev_ws/build/ur_controllers/include/scaled_joint_trajectory_controller_parameters.hpp[0m
[1.637s] [ 61%] Built target ur_configuration_controller_parameters
[1.647s] [ 61%] Built target gpio_controller_parameters
[1.647s] [ 61%] Built target scaled_joint_trajectory_controller_parameters
[1.652s] [ 61%] Built target speed_scaling_state_broadcaster_parameters
[1.675s] [ 69%] [32mBuilding CXX object CMakeFiles/ur_controllers.dir/src/scaled_joint_trajectory_controller.cpp.o[0m
[1.675s] [ 76%] [32mBuilding CXX object CMakeFiles/ur_controllers.dir/src/gpio_controller.cpp.o[0m
[1.676s] [ 84%] [32mBuilding CXX object CMakeFiles/ur_controllers.dir/src/ur_configuration_controller.cpp.o[0m
[1.677s] [ 92%] [32mBuilding CXX object CMakeFiles/ur_controllers.dir/src/speed_scaling_state_broadcaster.cpp.o[0m
[2.116s] In file included from [01m[K/dev_ws/src/moveit2-introduction/Universal_Robots_ROS2_Driver/ur_controllers/include/ur_controllers/ur_configuration_controller.hpp:46[m[K,
[2.116s]                  from [01m[K/dev_ws/src/moveit2-introduction/Universal_Robots_ROS2_Driver/ur_controllers/src/ur_configuration_controller.cpp:41[m[K:
[2.117s] [01m[K/opt/ros/humble/include/realtime_tools/realtime_tools/realtime_box_best_effort.h:38:109:[m[K [01;36m[Knote: [m[K‘[01m[K#pragma message: This header include is deprecated. Please update your code to use 'realtime_box_best_effort.hpp' header.[m[K’
[2.117s]    38 |   "This header include is deprecated. Please update your code to use 'realtime_box_best_effort.hpp' header."[01;36m[K)[m[K  //NOLINT
[2.117s]       |                                                                                                             [01;36m[K^[m[K
[3.296s] In file included from [01m[K/dev_ws/src/moveit2-introduction/Universal_Robots_ROS2_Driver/ur_controllers/include/ur_controllers/speed_scaling_state_broadcaster.hpp:51[m[K,
[3.296s]                  from [01m[K/dev_ws/src/moveit2-introduction/Universal_Robots_ROS2_Driver/ur_controllers/src/speed_scaling_state_broadcaster.cpp:38[m[K:
[3.297s] [01m[K/dev_ws/build/ur_controllers/include/speed_scaling_state_broadcaster_parameters.hpp:1:179:[m[K [01;36m[Knote: [m[K‘[01m[K#pragma message: #include "speed_scaling_state_broadcaster_parameters.hpp" is deprecated. Use #include <ur_controllers/speed_scaling_state_broadcaster_parameters.hpp> instead.[m[K’
[3.297s]     1 | #pragma message("#include \"speed_scaling_state_broadcaster_parameters.hpp\" is deprecated. Use #include <ur_controllers/speed_scaling_state_broadcaster_parameters.hpp> instead."[01;36m[K)[m[K
[3.297s]       |                                                                                                                                                                                   [01;36m[K^[m[K
[3.304s] In file included from [01m[K/dev_ws/src/moveit2-introduction/Universal_Robots_ROS2_Driver/ur_controllers/include/ur_controllers/ur_configuration_controller.hpp:53[m[K,
[3.304s]                  from [01m[K/dev_ws/src/moveit2-introduction/Universal_Robots_ROS2_Driver/ur_controllers/src/ur_configuration_controller.cpp:41[m[K:
[3.305s] [01m[K/dev_ws/build/ur_controllers/include/ur_configuration_controller_parameters.hpp:1:171:[m[K [01;36m[Knote: [m[K‘[01m[K#pragma message: #include "ur_configuration_controller_parameters.hpp" is deprecated. Use #include <ur_controllers/ur_configuration_controller_parameters.hpp> instead.[m[K’
[3.305s]     1 | #pragma message("#include \"ur_configuration_controller_parameters.hpp\" is deprecated. Use #include <ur_controllers/ur_configuration_controller_parameters.hpp> instead."[01;36m[K)[m[K
[3.305s]       |                                                                                                                                                                           [01;36m[K^[m[K
[3.328s] In file included from [01m[K/dev_ws/src/moveit2-introduction/Universal_Robots_ROS2_Driver/ur_controllers/include/ur_controllers/gpio_controller.hpp:60[m[K,
[3.328s]                  from [01m[K/dev_ws/src/moveit2-introduction/Universal_Robots_ROS2_Driver/ur_controllers/src/gpio_controller.cpp:38[m[K:
[3.328s] [01m[K/dev_ws/build/ur_controllers/include/gpio_controller_parameters.hpp:1:147:[m[K [01;36m[Knote: [m[K‘[01m[K#pragma message: #include "gpio_controller_parameters.hpp" is deprecated. Use #include <ur_controllers/gpio_controller_parameters.hpp> instead.[m[K’
[3.328s]     1 | #pragma message("#include \"gpio_controller_parameters.hpp\" is deprecated. Use #include <ur_controllers/gpio_controller_parameters.hpp> instead."[01;36m[K)[m[K
[3.328s]       |                                                                                                                                                   [01;36m[K^[m[K
[3.376s] In file included from [01m[K/dev_ws/src/moveit2-introduction/Universal_Robots_ROS2_Driver/ur_controllers/src/ur_configuration_controller.cpp:42[m[K:
[3.376s] [01m[K/opt/ros/humble/include/realtime_tools/realtime_tools/realtime_box.h:22:97:[m[K [01;36m[Knote: [m[K‘[01m[K#pragma message: This header include is deprecated. Please update your code to use 'realtime_box.hpp' header.[m[K’
[3.376s]    22 |   "This header include is deprecated. Please update your code to use 'realtime_box.hpp' header."[01;36m[K)[m[K  //NOLINT
[3.376s]       |                                                                                                 [01;36m[K^[m[K
[3.491s] [01m[K/dev_ws/src/moveit2-introduction/Universal_Robots_ROS2_Driver/ur_controllers/src/gpio_controller.cpp:[m[K In member function ‘[01m[Kbool ur_controllers::GPIOController::setAnalogOutput(ur_msgs::srv::SetAnalogOutput_Request_<std::allocator<void> >::SharedPtr, ur_msgs::srv::SetAnalogOutput_Response_<std::allocator<void> >::SharedPtr)[m[K’:
[3.492s] [01m[K/dev_ws/src/moveit2-introduction/Universal_Robots_ROS2_Driver/ur_controllers/src/gpio_controller.cpp:410:21:[m[K [01;35m[Kwarning: [m[Kcomparison is always false due to limited range of data type [[01;35m[K]8;;https://gcc.gnu.org/onlinedocs/gcc/Warning-Options.html#index-Wtype-limits-Wtype-limits]8;;[m[K]
[3.492s]   410 |   if ([01;35m[Kreq->data.pin < 0[m[K || req->data.pin > 1) {
[3.492s]       |       [01;35m[K~~~~~~~~~~~~~~^~~[m[K
[3.678s] In file included from [01m[K/dev_ws/src/moveit2-introduction/Universal_Robots_ROS2_Driver/ur_controllers/include/ur_controllers/scaled_joint_trajectory_controller.hpp:48[m[K,
[3.678s]                  from [01m[K/dev_ws/src/moveit2-introduction/Universal_Robots_ROS2_Driver/ur_controllers/src/scaled_joint_trajectory_controller.cpp:41[m[K:
[3.678s] [01m[K/dev_ws/build/ur_controllers/include/scaled_joint_trajectory_controller_parameters.hpp:1:185:[m[K [01;36m[Knote: [m[K‘[01m[K#pragma message: #include "scaled_joint_trajectory_controller_parameters.hpp" is deprecated. Use #include <ur_controllers/scaled_joint_trajectory_controller_parameters.hpp> instead.[m[K’
[3.678s]     1 | "scaled_joint_trajectory_controller_parameters.hpp\" is deprecated. Use #include <ur_controllers/scaled_joint_trajectory_controller_parameters.hpp> instead."[01;36m[K)[m[K
[3.678s]       |                                                                                                                                                              [01;36m[K^[m[K
[3.678s] 
[7.688s] [100%] [32m[1mLinking CXX shared library libur_controllers.so[0m
[8.229s] [100%] Built target ur_controllers
[8.237s] Invoked command in '/dev_ws/build/ur_controllers' returned '0': CMAKE_PREFIX_PATH=${CMAKE_PREFIX_PATH}:/opt/ros/humble PYTHONPATH=/dev_ws/install/lib/python3.10/site-packages:/dev_ws/build/easy_handeye2:/dev_ws/install/local/lib/python3.10/dist-packages:/opt/ros/humble/lib/python3.10/site-packages:/opt/ros/humble/local/lib/python3.10/dist-packages /usr/bin/cmake --build /dev_ws/build/ur_controllers -- -j20 -l20
[8.238s] Invoking command in '/dev_ws/build/ur_controllers': CMAKE_PREFIX_PATH=${CMAKE_PREFIX_PATH}:/opt/ros/humble PYTHONPATH=/dev_ws/install/lib/python3.10/site-packages:/dev_ws/build/easy_handeye2:/dev_ws/install/local/lib/python3.10/dist-packages:/opt/ros/humble/lib/python3.10/site-packages:/opt/ros/humble/local/lib/python3.10/dist-packages /usr/bin/cmake --install /dev_ws/build/ur_controllers
[8.245s] -- Install configuration: ""
[8.246s] -- Installing: /dev_ws/install/include/ur_controllers
[8.246s] -- Installing: /dev_ws/install/include/ur_controllers/ur_configuration_controller_parameters.hpp
[8.246s] -- Installing: /dev_ws/install/include/ur_controllers/scaled_joint_trajectory_controller_parameters.hpp
[8.246s] -- Installing: /dev_ws/install/include/ur_controllers/gpio_controller_parameters.hpp
[8.246s] -- Installing: /dev_ws/install/include/ur_controllers/speed_scaling_state_broadcaster_parameters.hpp
[8.246s] -- Up-to-date: /dev_ws/install/include/ur_controllers
[8.246s] -- Up-to-date: /dev_ws/install/include/ur_controllers/ur_configuration_controller_parameters.hpp
[8.246s] -- Up-to-date: /dev_ws/install/include/ur_controllers/scaled_joint_trajectory_controller_parameters.hpp
[8.246s] -- Up-to-date: /dev_ws/install/include/ur_controllers/gpio_controller_parameters.hpp
[8.246s] -- Up-to-date: /dev_ws/install/include/ur_controllers/speed_scaling_state_broadcaster_parameters.hpp
[8.246s] -- Up-to-date: /dev_ws/install/include/ur_controllers
[8.246s] -- Up-to-date: /dev_ws/install/include/ur_controllers/ur_configuration_controller_parameters.hpp
[8.246s] -- Up-to-date: /dev_ws/install/include/ur_controllers/scaled_joint_trajectory_controller_parameters.hpp
[8.246s] -- Up-to-date: /dev_ws/install/include/ur_controllers/gpio_controller_parameters.hpp
[8.246s] -- Up-to-date: /dev_ws/install/include/ur_controllers/speed_scaling_state_broadcaster_parameters.hpp
[8.246s] -- Up-to-date: /dev_ws/install/include/ur_controllers
[8.246s] -- Up-to-date: /dev_ws/install/include/ur_controllers/ur_configuration_controller_parameters.hpp
[8.246s] -- Up-to-date: /dev_ws/install/include/ur_controllers/scaled_joint_trajectory_controller_parameters.hpp
[8.246s] -- Up-to-date: /dev_ws/install/include/ur_controllers/gpio_controller_parameters.hpp
[8.246s] -- Up-to-date: /dev_ws/install/include/ur_controllers/speed_scaling_state_broadcaster_parameters.hpp
[8.246s] -- Installing: /dev_ws/install/share/ur_controllers/controller_plugins.xml
[8.246s] -- Installing: /dev_ws/install/lib/libur_controllers.so
[8.251s] -- Set runtime path of "/dev_ws/install/lib/libur_controllers.so" to ""
[8.251s] -- Up-to-date: /dev_ws/install/include
[8.251s] -- Up-to-date: /dev_ws/install/include/ur_controllers
[8.251s] -- Installing: /dev_ws/install/include/ur_controllers/ur_configuration_controller.hpp
[8.251s] -- Installing: /dev_ws/install/include/ur_controllers/scaled_joint_trajectory_controller.hpp
[8.251s] -- Installing: /dev_ws/install/include/ur_controllers/gpio_controller.hpp
[8.251s] -- Installing: /dev_ws/install/include/ur_controllers/speed_scaling_state_broadcaster.hpp
[8.251s] -- Up-to-date: /dev_ws/install/share/ur_controllers/controller_plugins.xml
[8.251s] -- Installing: /dev_ws/install/share/ur_controllers/environment/library_path.sh
[8.251s] -- Installing: /dev_ws/install/share/ur_controllers/environment/library_path.dsv
[8.251s] -- Installing: /dev_ws/install/share/ament_index/resource_index/package_run_dependencies/ur_controllers
[8.251s] -- Installing: /dev_ws/install/share/ament_index/resource_index/parent_prefix_path/ur_controllers
[8.252s] -- Installing: /dev_ws/install/share/ur_controllers/environment/ament_prefix_path.sh
[8.252s] -- Installing: /dev_ws/install/share/ur_controllers/environment/ament_prefix_path.dsv
[8.252s] -- Installing: /dev_ws/install/share/ur_controllers/environment/path.sh
[8.252s] -- Installing: /dev_ws/install/share/ur_controllers/environment/path.dsv
[8.252s] -- Installing: /dev_ws/install/share/ur_controllers/local_setup.bash
[8.252s] -- Installing: /dev_ws/install/share/ur_controllers/local_setup.sh
[8.252s] -- Installing: /dev_ws/install/share/ur_controllers/local_setup.zsh
[8.252s] -- Installing: /dev_ws/install/share/ur_controllers/local_setup.dsv
[8.252s] -- Installing: /dev_ws/install/share/ur_controllers/package.dsv
[8.252s] -- Installing: /dev_ws/install/share/ament_index/resource_index/packages/ur_controllers
[8.252s] -- Installing: /dev_ws/install/share/ament_index/resource_index/controller_interface__pluginlib__plugin/ur_controllers
[8.252s] -- Installing: /dev_ws/install/share/ur_controllers/cmake/ament_cmake_export_dependencies-extras.cmake
[8.252s] -- Installing: /dev_ws/install/share/ur_controllers/cmake/ament_cmake_export_include_directories-extras.cmake
[8.252s] -- Installing: /dev_ws/install/share/ur_controllers/cmake/ament_cmake_export_libraries-extras.cmake
[8.252s] -- Installing: /dev_ws/install/share/ur_controllers/cmake/ur_controllersConfig.cmake
[8.253s] -- Installing: /dev_ws/install/share/ur_controllers/cmake/ur_controllersConfig-version.cmake
[8.253s] -- Installing: /dev_ws/install/share/ur_controllers/package.xml
[8.254s] Invoked command in '/dev_ws/build/ur_controllers' returned '0': CMAKE_PREFIX_PATH=${CMAKE_PREFIX_PATH}:/opt/ros/humble PYTHONPATH=/dev_ws/install/lib/python3.10/site-packages:/dev_ws/build/easy_handeye2:/dev_ws/install/local/lib/python3.10/dist-packages:/opt/ros/humble/lib/python3.10/site-packages:/opt/ros/humble/local/lib/python3.10/dist-packages /usr/bin/cmake --install /dev_ws/build/ur_controllers
