[0.013s] Invoking command in '/dev_ws/build/ur_moveit_config': CMAKE_PREFIX_PATH=${CMAKE_PREFIX_PATH}:/opt/ros/humble /usr/bin/cmake /dev_ws/src/moveit2-introduction/Universal_Robots_ROS2_Driver/ur_moveit_config -DCMAKE_INSTALL_PREFIX=/dev_ws/install
[0.090s] -- The C compiler identification is GNU 11.4.0
[0.137s] -- The CXX compiler identification is GNU 11.4.0
[0.142s] -- Detecting C compiler ABI info
[0.193s] -- Detecting C compiler ABI info - done
[0.204s] -- Check for working C compiler: /usr/bin/cc - skipped
[0.204s] -- Detecting C compile features
[0.205s] -- Detecting C compile features - done
[0.209s] -- Detecting CXX compiler ABI info
[0.275s] -- Detecting CXX compiler ABI info - done
[0.281s] -- Check for working CXX compiler: /usr/bin/c++ - skipped
[0.281s] -- Detecting CXX compile features
[0.281s] -- Detecting CXX compile features - done
[0.284s] -- Found ament_cmake: 1.3.11 (/opt/ros/humble/share/ament_cmake/cmake)
[0.426s] -- Found Python3: /usr/bin/python3 (found version "3.10.12") found components: Interpreter 
[0.624s] -- Configuring done
[0.628s] -- Generating done
[0.630s] -- Build files have been written to: /dev_ws/build/ur_moveit_config
[0.634s] Invoked command in '/dev_ws/build/ur_moveit_config' returned '0': CMAKE_PREFIX_PATH=${CMAKE_PREFIX_PATH}:/opt/ros/humble /usr/bin/cmake /dev_ws/src/moveit2-introduction/Universal_Robots_ROS2_Driver/ur_moveit_config -DCMAKE_INSTALL_PREFIX=/dev_ws/install
[0.635s] Invoking command in '/dev_ws/build/ur_moveit_config': CMAKE_PREFIX_PATH=${CMAKE_PREFIX_PATH}:/opt/ros/humble /usr/bin/cmake --build /dev_ws/build/ur_moveit_config -- -j20 -l20
[0.683s] Built target ament_cmake_python_copy_ur_moveit_config
[0.867s] running egg_info
[0.868s] creating ur_moveit_config.egg-info
[0.868s] writing ur_moveit_config.egg-info/PKG-INFO
[0.868s] writing dependency_links to ur_moveit_config.egg-info/dependency_links.txt
[0.869s] writing top-level names to ur_moveit_config.egg-info/top_level.txt
[0.869s] writing manifest file 'ur_moveit_config.egg-info/SOURCES.txt'
[0.871s] reading manifest file 'ur_moveit_config.egg-info/SOURCES.txt'
[0.871s] writing manifest file 'ur_moveit_config.egg-info/SOURCES.txt'
[0.899s] Built target ament_cmake_python_build_ur_moveit_config_egg
[0.911s] Invoked command in '/dev_ws/build/ur_moveit_config' returned '0': CMAKE_PREFIX_PATH=${CMAKE_PREFIX_PATH}:/opt/ros/humble /usr/bin/cmake --build /dev_ws/build/ur_moveit_config -- -j20 -l20
[0.912s] Invoking command in '/dev_ws/build/ur_moveit_config': CMAKE_PREFIX_PATH=${CMAKE_PREFIX_PATH}:/opt/ros/humble /usr/bin/cmake --install /dev_ws/build/ur_moveit_config
[0.918s] -- Install configuration: ""
[0.918s] -- Installing: /dev_ws/install/share/ur_moveit_config/config
[0.918s] -- Installing: /dev_ws/install/share/ur_moveit_config/config/pilz_cartesian_limits.yaml
[0.918s] -- Installing: /dev_ws/install/share/ur_moveit_config/config/joint_limits.yaml
[0.918s] -- Installing: /dev_ws/install/share/ur_moveit_config/config/pilz_industrial_motion_planner_planning.yaml
[0.918s] -- Installing: /dev_ws/install/share/ur_moveit_config/config/kinematics.yaml
[0.918s] -- Installing: /dev_ws/install/share/ur_moveit_config/config/ompl_planning.yaml
[0.918s] -- Installing: /dev_ws/install/share/ur_moveit_config/config/ur10e_iaac_calibration.yaml
[0.918s] -- Installing: /dev_ws/install/share/ur_moveit_config/config/ur_servo.yaml
[0.919s] -- Installing: /dev_ws/install/share/ur_moveit_config/config/controllers.yaml
[0.919s] -- Installing: /dev_ws/install/share/ur_moveit_config/launch
[0.919s] -- Installing: /dev_ws/install/share/ur_moveit_config/launch/ur_moveit.launch.py
[0.919s] -- Installing: /dev_ws/install/share/ur_moveit_config/launch/ur_moveit_pilz.launch.py
[0.919s] -- Installing: /dev_ws/install/share/ur_moveit_config/rviz
[0.919s] -- Installing: /dev_ws/install/share/ur_moveit_config/rviz/view_robot.rviz
[0.919s] -- Installing: /dev_ws/install/share/ur_moveit_config/srdf
[0.919s] -- Installing: /dev_ws/install/share/ur_moveit_config/srdf/ur_macro.srdf.xacro
[0.920s] -- Installing: /dev_ws/install/share/ur_moveit_config/srdf/ur.srdf.xacro
[0.920s] -- Installing: /dev_ws/install/share/ur_moveit_config/environment/pythonpath.sh
[0.920s] -- Installing: /dev_ws/install/share/ur_moveit_config/environment/pythonpath.dsv
[0.920s] -- Installing: /dev_ws/install/local/lib/python3.10/dist-packages/ur_moveit_config-2.2.16-py3.10.egg-info
[0.920s] -- Installing: /dev_ws/install/local/lib/python3.10/dist-packages/ur_moveit_config-2.2.16-py3.10.egg-info/SOURCES.txt
[0.920s] -- Installing: /dev_ws/install/local/lib/python3.10/dist-packages/ur_moveit_config-2.2.16-py3.10.egg-info/dependency_links.txt
[0.920s] -- Installing: /dev_ws/install/local/lib/python3.10/dist-packages/ur_moveit_config-2.2.16-py3.10.egg-info/top_level.txt
[0.920s] -- Installing: /dev_ws/install/local/lib/python3.10/dist-packages/ur_moveit_config-2.2.16-py3.10.egg-info/PKG-INFO
[0.920s] -- Installing: /dev_ws/install/local/lib/python3.10/dist-packages/ur_moveit_config
[0.920s] -- Installing: /dev_ws/install/local/lib/python3.10/dist-packages/ur_moveit_config/launch_common.py
[0.920s] -- Installing: /dev_ws/install/local/lib/python3.10/dist-packages/ur_moveit_config/__init__.py
[0.947s] Listing '/dev_ws/install/local/lib/python3.10/dist-packages/ur_moveit_config'...
[0.947s] Compiling '/dev_ws/install/local/lib/python3.10/dist-packages/ur_moveit_config/__init__.py'...
[0.947s] Compiling '/dev_ws/install/local/lib/python3.10/dist-packages/ur_moveit_config/launch_common.py'...
[0.951s] -- Installing: /dev_ws/install/local/lib/python3.10/dist-packages/launch_common.py
[0.980s] Compiling '/dev_ws/install/local/lib/python3.10/dist-packages/launch_common.py'...
[0.985s] -- Installing: /dev_ws/install/share/ament_index/resource_index/package_run_dependencies/ur_moveit_config
[0.985s] -- Installing: /dev_ws/install/share/ament_index/resource_index/parent_prefix_path/ur_moveit_config
[0.985s] -- Installing: /dev_ws/install/share/ur_moveit_config/environment/ament_prefix_path.sh
[0.985s] -- Installing: /dev_ws/install/share/ur_moveit_config/environment/ament_prefix_path.dsv
[0.985s] -- Installing: /dev_ws/install/share/ur_moveit_config/environment/path.sh
[0.986s] -- Installing: /dev_ws/install/share/ur_moveit_config/environment/path.dsv
[0.986s] -- Installing: /dev_ws/install/share/ur_moveit_config/local_setup.bash
[0.986s] -- Installing: /dev_ws/install/share/ur_moveit_config/local_setup.sh
[0.986s] -- Installing: /dev_ws/install/share/ur_moveit_config/local_setup.zsh
[0.986s] -- Installing: /dev_ws/install/share/ur_moveit_config/local_setup.dsv
[0.987s] -- Installing: /dev_ws/install/share/ur_moveit_config/package.dsv
[0.987s] -- Installing: /dev_ws/install/share/ament_index/resource_index/packages/ur_moveit_config
[0.987s] -- Installing: /dev_ws/install/share/ur_moveit_config/cmake/ur_moveit_configConfig.cmake
[0.987s] -- Installing: /dev_ws/install/share/ur_moveit_config/cmake/ur_moveit_configConfig-version.cmake
[0.988s] -- Installing: /dev_ws/install/share/ur_moveit_config/package.xml
[0.990s] Invoked command in '/dev_ws/build/ur_moveit_config' returned '0': CMAKE_PREFIX_PATH=${CMAKE_PREFIX_PATH}:/opt/ros/humble /usr/bin/cmake --install /dev_ws/build/ur_moveit_config
