[0.065s] DEBUG:colcon:Command line arguments: ['/usr/bin/colcon', 'build', '--merge-install']
[0.065s] DEBUG:colcon:Parsed command line arguments: Namespace(log_base=None, log_level=None, verb_name='build', build_base='build', install_base='install', merge_install=True, symlink_install=False, test_result_base=None, continue_on_error=False, executor='parallel', parallel_workers=20, event_handlers=None, ignore_user_meta=False, metas=['./colcon.meta'], base_paths=['.'], packages_ignore=None, packages_ignore_regex=None, paths=None, packages_up_to=None, packages_up_to_regex=None, packages_above=None, packages_above_and_dependencies=None, packages_above_depth=None, packages_select_by_dep=None, packages_skip_by_dep=None, packages_skip_up_to=None, packages_select_build_failed=False, packages_skip_build_finished=False, packages_select_test_failures=False, packages_skip_test_passed=False, packages_select=None, packages_skip=None, packages_select_regex=None, packages_skip_regex=None, packages_start=None, packages_end=None, cmake_args=None, cmake_target=None, cmake_target_skip_unavailable=False, cmake_clean_cache=False, cmake_clean_first=False, cmake_force_configure=False, ament_cmake_args=None, catkin_cmake_args=None, catkin_skip_building_tests=False, mixin_files=None, mixin=None, verb_parser=<colcon_mixin.mixin.mixin_argument.MixinArgumentDecorator object at 0x785448755630>, verb_extension=<colcon_core.verb.build.BuildVerb object at 0x785448754bb0>, main=<bound method BuildVerb.main of <colcon_core.verb.build.BuildVerb object at 0x785448754bb0>>, mixin_verb=('build',))
[0.161s] Level 1:colcon.colcon_core.package_discovery:discover_packages(colcon_meta) check parameters
[0.161s] Level 1:colcon.colcon_core.package_discovery:discover_packages(recursive) check parameters
[0.161s] Level 1:colcon.colcon_core.package_discovery:discover_packages(ignore) check parameters
[0.161s] Level 1:colcon.colcon_core.package_discovery:discover_packages(path) check parameters
[0.161s] Level 1:colcon.colcon_core.package_discovery:discover_packages(colcon_meta) discover
[0.161s] Level 1:colcon.colcon_core.package_discovery:discover_packages(recursive) discover
[0.161s] INFO:colcon.colcon_core.package_discovery:Crawling recursively for packages in '/dev_ws'
[0.161s] Level 1:colcon.colcon_core.package_identification:_identify(.) by extensions ['ignore', 'ignore_ament_install']
[0.161s] Level 1:colcon.colcon_core.package_identification:_identify(.) by extension 'ignore'
[0.161s] Level 1:colcon.colcon_core.package_identification:_identify(.) by extension 'ignore_ament_install'
[0.161s] Level 1:colcon.colcon_core.package_identification:_identify(.) by extensions ['colcon_pkg']
[0.161s] Level 1:colcon.colcon_core.package_identification:_identify(.) by extension 'colcon_pkg'
[0.161s] Level 1:colcon.colcon_core.package_identification:_identify(.) by extensions ['colcon_meta']
[0.161s] Level 1:colcon.colcon_core.package_identification:_identify(.) by extension 'colcon_meta'
[0.161s] Level 1:colcon.colcon_core.package_identification:_identify(.) by extensions ['ros']
[0.161s] Level 1:colcon.colcon_core.package_identification:_identify(.) by extension 'ros'
[0.168s] Level 1:colcon.colcon_core.package_identification:_identify(.) by extensions ['cmake', 'python']
[0.168s] Level 1:colcon.colcon_core.package_identification:_identify(.) by extension 'cmake'
[0.168s] Level 1:colcon.colcon_core.package_identification:_identify(.) by extension 'python'
[0.168s] Level 1:colcon.colcon_core.package_identification:_identify(.) by extensions ['python_setup_py']
[0.168s] Level 1:colcon.colcon_core.package_identification:_identify(.) by extension 'python_setup_py'
[0.168s] Level 1:colcon.colcon_core.package_identification:_identify(build) by extensions ['ignore', 'ignore_ament_install']
[0.168s] Level 1:colcon.colcon_core.package_identification:_identify(build) by extension 'ignore'
[0.168s] Level 1:colcon.colcon_core.package_identification:_identify(build) ignored
[0.168s] Level 1:colcon.colcon_core.package_identification:_identify(install) by extensions ['ignore', 'ignore_ament_install']
[0.168s] Level 1:colcon.colcon_core.package_identification:_identify(install) by extension 'ignore'
[0.169s] Level 1:colcon.colcon_core.package_identification:_identify(install) ignored
[0.169s] Level 1:colcon.colcon_core.package_identification:_identify(log) by extensions ['ignore', 'ignore_ament_install']
[0.169s] Level 1:colcon.colcon_core.package_identification:_identify(log) by extension 'ignore'
[0.169s] Level 1:colcon.colcon_core.package_identification:_identify(log) ignored
[0.169s] Level 1:colcon.colcon_core.package_identification:_identify(src) by extensions ['ignore', 'ignore_ament_install']
[0.169s] Level 1:colcon.colcon_core.package_identification:_identify(src) by extension 'ignore'
[0.169s] Level 1:colcon.colcon_core.package_identification:_identify(src) by extension 'ignore_ament_install'
[0.169s] Level 1:colcon.colcon_core.package_identification:_identify(src) by extensions ['colcon_pkg']
[0.169s] Level 1:colcon.colcon_core.package_identification:_identify(src) by extension 'colcon_pkg'
[0.169s] Level 1:colcon.colcon_core.package_identification:_identify(src) by extensions ['colcon_meta']
[0.169s] Level 1:colcon.colcon_core.package_identification:_identify(src) by extension 'colcon_meta'
[0.169s] Level 1:colcon.colcon_core.package_identification:_identify(src) by extensions ['ros']
[0.169s] Level 1:colcon.colcon_core.package_identification:_identify(src) by extension 'ros'
[0.169s] Level 1:colcon.colcon_core.package_identification:_identify(src) by extensions ['cmake', 'python']
[0.169s] Level 1:colcon.colcon_core.package_identification:_identify(src) by extension 'cmake'
[0.169s] Level 1:colcon.colcon_core.package_identification:_identify(src) by extension 'python'
[0.169s] Level 1:colcon.colcon_core.package_identification:_identify(src) by extensions ['python_setup_py']
[0.169s] Level 1:colcon.colcon_core.package_identification:_identify(src) by extension 'python_setup_py'
[0.169s] Level 1:colcon.colcon_core.package_identification:_identify(src/easy_handeye2) by extensions ['ignore', 'ignore_ament_install']
[0.169s] Level 1:colcon.colcon_core.package_identification:_identify(src/easy_handeye2) by extension 'ignore'
[0.169s] Level 1:colcon.colcon_core.package_identification:_identify(src/easy_handeye2) by extension 'ignore_ament_install'
[0.169s] Level 1:colcon.colcon_core.package_identification:_identify(src/easy_handeye2) by extensions ['colcon_pkg']
[0.169s] Level 1:colcon.colcon_core.package_identification:_identify(src/easy_handeye2) by extension 'colcon_pkg'
[0.169s] Level 1:colcon.colcon_core.package_identification:_identify(src/easy_handeye2) by extensions ['colcon_meta']
[0.169s] Level 1:colcon.colcon_core.package_identification:_identify(src/easy_handeye2) by extension 'colcon_meta'
[0.169s] Level 1:colcon.colcon_core.package_identification:_identify(src/easy_handeye2) by extensions ['ros']
[0.169s] Level 1:colcon.colcon_core.package_identification:_identify(src/easy_handeye2) by extension 'ros'
[0.169s] Level 1:colcon.colcon_core.package_identification:_identify(src/easy_handeye2) by extensions ['cmake', 'python']
[0.169s] Level 1:colcon.colcon_core.package_identification:_identify(src/easy_handeye2) by extension 'cmake'
[0.169s] Level 1:colcon.colcon_core.package_identification:_identify(src/easy_handeye2) by extension 'python'
[0.169s] Level 1:colcon.colcon_core.package_identification:_identify(src/easy_handeye2) by extensions ['python_setup_py']
[0.169s] Level 1:colcon.colcon_core.package_identification:_identify(src/easy_handeye2) by extension 'python_setup_py'
[0.169s] Level 1:colcon.colcon_core.package_identification:_identify(src/easy_handeye2/docs) by extensions ['ignore', 'ignore_ament_install']
[0.169s] Level 1:colcon.colcon_core.package_identification:_identify(src/easy_handeye2/docs) by extension 'ignore'
[0.170s] Level 1:colcon.colcon_core.package_identification:_identify(src/easy_handeye2/docs) by extension 'ignore_ament_install'
[0.170s] Level 1:colcon.colcon_core.package_identification:_identify(src/easy_handeye2/docs) by extensions ['colcon_pkg']
[0.170s] Level 1:colcon.colcon_core.package_identification:_identify(src/easy_handeye2/docs) by extension 'colcon_pkg'
[0.170s] Level 1:colcon.colcon_core.package_identification:_identify(src/easy_handeye2/docs) by extensions ['colcon_meta']
[0.170s] Level 1:colcon.colcon_core.package_identification:_identify(src/easy_handeye2/docs) by extension 'colcon_meta'
[0.170s] Level 1:colcon.colcon_core.package_identification:_identify(src/easy_handeye2/docs) by extensions ['ros']
[0.170s] Level 1:colcon.colcon_core.package_identification:_identify(src/easy_handeye2/docs) by extension 'ros'
[0.170s] Level 1:colcon.colcon_core.package_identification:_identify(src/easy_handeye2/docs) by extensions ['cmake', 'python']
[0.170s] Level 1:colcon.colcon_core.package_identification:_identify(src/easy_handeye2/docs) by extension 'cmake'
[0.170s] Level 1:colcon.colcon_core.package_identification:_identify(src/easy_handeye2/docs) by extension 'python'
[0.170s] Level 1:colcon.colcon_core.package_identification:_identify(src/easy_handeye2/docs) by extensions ['python_setup_py']
[0.170s] Level 1:colcon.colcon_core.package_identification:_identify(src/easy_handeye2/docs) by extension 'python_setup_py'
[0.170s] Level 1:colcon.colcon_core.package_identification:_identify(src/easy_handeye2/docs/img) by extensions ['ignore', 'ignore_ament_install']
[0.170s] Level 1:colcon.colcon_core.package_identification:_identify(src/easy_handeye2/docs/img) by extension 'ignore'
[0.170s] Level 1:colcon.colcon_core.package_identification:_identify(src/easy_handeye2/docs/img) by extension 'ignore_ament_install'
[0.170s] Level 1:colcon.colcon_core.package_identification:_identify(src/easy_handeye2/docs/img) by extensions ['colcon_pkg']
[0.170s] Level 1:colcon.colcon_core.package_identification:_identify(src/easy_handeye2/docs/img) by extension 'colcon_pkg'
[0.170s] Level 1:colcon.colcon_core.package_identification:_identify(src/easy_handeye2/docs/img) by extensions ['colcon_meta']
[0.170s] Level 1:colcon.colcon_core.package_identification:_identify(src/easy_handeye2/docs/img) by extension 'colcon_meta'
[0.170s] Level 1:colcon.colcon_core.package_identification:_identify(src/easy_handeye2/docs/img) by extensions ['ros']
[0.170s] Level 1:colcon.colcon_core.package_identification:_identify(src/easy_handeye2/docs/img) by extension 'ros'
[0.170s] Level 1:colcon.colcon_core.package_identification:_identify(src/easy_handeye2/docs/img) by extensions ['cmake', 'python']
[0.170s] Level 1:colcon.colcon_core.package_identification:_identify(src/easy_handeye2/docs/img) by extension 'cmake'
[0.170s] Level 1:colcon.colcon_core.package_identification:_identify(src/easy_handeye2/docs/img) by extension 'python'
[0.170s] Level 1:colcon.colcon_core.package_identification:_identify(src/easy_handeye2/docs/img) by extensions ['python_setup_py']
[0.170s] Level 1:colcon.colcon_core.package_identification:_identify(src/easy_handeye2/docs/img) by extension 'python_setup_py'
[0.170s] Level 1:colcon.colcon_core.package_identification:_identify(src/easy_handeye2/easy_handeye2) by extensions ['ignore', 'ignore_ament_install']
[0.170s] Level 1:colcon.colcon_core.package_identification:_identify(src/easy_handeye2/easy_handeye2) by extension 'ignore'
[0.170s] Level 1:colcon.colcon_core.package_identification:_identify(src/easy_handeye2/easy_handeye2) by extension 'ignore_ament_install'
[0.170s] Level 1:colcon.colcon_core.package_identification:_identify(src/easy_handeye2/easy_handeye2) by extensions ['colcon_pkg']
[0.170s] Level 1:colcon.colcon_core.package_identification:_identify(src/easy_handeye2/easy_handeye2) by extension 'colcon_pkg'
[0.170s] Level 1:colcon.colcon_core.package_identification:_identify(src/easy_handeye2/easy_handeye2) by extensions ['colcon_meta']
[0.170s] Level 1:colcon.colcon_core.package_identification:_identify(src/easy_handeye2/easy_handeye2) by extension 'colcon_meta'
[0.170s] Level 1:colcon.colcon_core.package_identification:_identify(src/easy_handeye2/easy_handeye2) by extensions ['ros']
[0.170s] Level 1:colcon.colcon_core.package_identification:_identify(src/easy_handeye2/easy_handeye2) by extension 'ros'
[0.172s] DEBUG:colcon.colcon_core.package_identification:Package 'src/easy_handeye2/easy_handeye2' with type 'ros.ament_python' and name 'easy_handeye2'
[0.172s] Level 1:colcon.colcon_core.package_identification:_identify(src/easy_handeye2/easy_handeye2_msgs) by extensions ['ignore', 'ignore_ament_install']
[0.172s] Level 1:colcon.colcon_core.package_identification:_identify(src/easy_handeye2/easy_handeye2_msgs) by extension 'ignore'
[0.172s] Level 1:colcon.colcon_core.package_identification:_identify(src/easy_handeye2/easy_handeye2_msgs) by extension 'ignore_ament_install'
[0.172s] Level 1:colcon.colcon_core.package_identification:_identify(src/easy_handeye2/easy_handeye2_msgs) by extensions ['colcon_pkg']
[0.172s] Level 1:colcon.colcon_core.package_identification:_identify(src/easy_handeye2/easy_handeye2_msgs) by extension 'colcon_pkg'
[0.172s] Level 1:colcon.colcon_core.package_identification:_identify(src/easy_handeye2/easy_handeye2_msgs) by extensions ['colcon_meta']
[0.172s] Level 1:colcon.colcon_core.package_identification:_identify(src/easy_handeye2/easy_handeye2_msgs) by extension 'colcon_meta'
[0.172s] Level 1:colcon.colcon_core.package_identification:_identify(src/easy_handeye2/easy_handeye2_msgs) by extensions ['ros']
[0.172s] Level 1:colcon.colcon_core.package_identification:_identify(src/easy_handeye2/easy_handeye2_msgs) by extension 'ros'
[0.173s] DEBUG:colcon.colcon_core.package_identification:Package 'src/easy_handeye2/easy_handeye2_msgs' with type 'ros.ament_cmake' and name 'easy_handeye2_msgs'
[0.173s] Level 1:colcon.colcon_core.package_discovery:discover_packages(recursive) using defaults
[0.173s] Level 1:colcon.colcon_core.package_discovery:discover_packages(ignore) discover
[0.173s] Level 1:colcon.colcon_core.package_discovery:discover_packages(ignore) using defaults
[0.173s] Level 1:colcon.colcon_core.package_discovery:discover_packages(path) discover
[0.173s] Level 1:colcon.colcon_core.package_discovery:discover_packages(path) using defaults
[0.191s] Level 5:colcon.colcon_core.verb:set package 'easy_handeye2_msgs' build argument 'cmake_args' from command line to 'None'
[0.191s] Level 5:colcon.colcon_core.verb:set package 'easy_handeye2_msgs' build argument 'cmake_target' from command line to 'None'
[0.191s] Level 5:colcon.colcon_core.verb:set package 'easy_handeye2_msgs' build argument 'cmake_target_skip_unavailable' from command line to 'False'
[0.191s] Level 5:colcon.colcon_core.verb:set package 'easy_handeye2_msgs' build argument 'cmake_clean_cache' from command line to 'False'
[0.191s] Level 5:colcon.colcon_core.verb:set package 'easy_handeye2_msgs' build argument 'cmake_clean_first' from command line to 'False'
[0.191s] Level 5:colcon.colcon_core.verb:set package 'easy_handeye2_msgs' build argument 'cmake_force_configure' from command line to 'False'
[0.191s] Level 5:colcon.colcon_core.verb:set package 'easy_handeye2_msgs' build argument 'ament_cmake_args' from command line to 'None'
[0.191s] Level 5:colcon.colcon_core.verb:set package 'easy_handeye2_msgs' build argument 'catkin_cmake_args' from command line to 'None'
[0.191s] Level 5:colcon.colcon_core.verb:set package 'easy_handeye2_msgs' build argument 'catkin_skip_building_tests' from command line to 'False'
[0.191s] DEBUG:colcon.colcon_core.verb:Building package 'easy_handeye2_msgs' with the following arguments: {'ament_cmake_args': None, 'build_base': '/dev_ws/build/easy_handeye2_msgs', 'catkin_cmake_args': None, 'catkin_skip_building_tests': False, 'cmake_args': None, 'cmake_clean_cache': False, 'cmake_clean_first': False, 'cmake_force_configure': False, 'cmake_target': None, 'cmake_target_skip_unavailable': False, 'install_base': '/dev_ws/install', 'merge_install': True, 'path': '/dev_ws/src/easy_handeye2/easy_handeye2_msgs', 'symlink_install': False, 'test_result_base': None}
[0.191s] Level 5:colcon.colcon_core.verb:set package 'easy_handeye2' build argument 'cmake_args' from command line to 'None'
[0.191s] Level 5:colcon.colcon_core.verb:set package 'easy_handeye2' build argument 'cmake_target' from command line to 'None'
[0.191s] Level 5:colcon.colcon_core.verb:set package 'easy_handeye2' build argument 'cmake_target_skip_unavailable' from command line to 'False'
[0.191s] Level 5:colcon.colcon_core.verb:set package 'easy_handeye2' build argument 'cmake_clean_cache' from command line to 'False'
[0.191s] Level 5:colcon.colcon_core.verb:set package 'easy_handeye2' build argument 'cmake_clean_first' from command line to 'False'
[0.191s] Level 5:colcon.colcon_core.verb:set package 'easy_handeye2' build argument 'cmake_force_configure' from command line to 'False'
[0.191s] Level 5:colcon.colcon_core.verb:set package 'easy_handeye2' build argument 'ament_cmake_args' from command line to 'None'
[0.191s] Level 5:colcon.colcon_core.verb:set package 'easy_handeye2' build argument 'catkin_cmake_args' from command line to 'None'
[0.191s] Level 5:colcon.colcon_core.verb:set package 'easy_handeye2' build argument 'catkin_skip_building_tests' from command line to 'False'
[0.191s] DEBUG:colcon.colcon_core.verb:Building package 'easy_handeye2' with the following arguments: {'ament_cmake_args': None, 'build_base': '/dev_ws/build/easy_handeye2', 'catkin_cmake_args': None, 'catkin_skip_building_tests': False, 'cmake_args': None, 'cmake_clean_cache': False, 'cmake_clean_first': False, 'cmake_force_configure': False, 'cmake_target': None, 'cmake_target_skip_unavailable': False, 'install_base': '/dev_ws/install', 'merge_install': True, 'path': '/dev_ws/src/easy_handeye2/easy_handeye2', 'symlink_install': False, 'test_result_base': None}
[0.191s] INFO:colcon.colcon_core.executor:Executing jobs using 'parallel' executor
[0.192s] DEBUG:colcon.colcon_parallel_executor.executor.parallel:run_until_complete
[0.192s] INFO:colcon.colcon_ros.task.ament_cmake.build:Building ROS package in '/dev_ws/src/easy_handeye2/easy_handeye2_msgs' with build type 'ament_cmake'
[0.192s] INFO:colcon.colcon_cmake.task.cmake.build:Building CMake package in '/dev_ws/src/easy_handeye2/easy_handeye2_msgs'
[0.193s] INFO:colcon.colcon_core.plugin_system:Skipping extension 'colcon_core.shell.bat': Not used on non-Windows systems
[0.194s] INFO:colcon.colcon_core.shell:Skip shell extension 'powershell' for command environment: Not usable outside of PowerShell
[0.194s] DEBUG:colcon.colcon_core.shell:Skip shell extension 'dsv' for command environment
[0.194s] WARNING:colcon.colcon_ros.prefix_path.ament:The path '/dev_ws/install' in the environment variable AMENT_PREFIX_PATH doesn't contain any 'local_setup.*' files.
[0.200s] DEBUG:colcon.colcon_core.event_handler.log_command:Invoking command in '/dev_ws/build/easy_handeye2_msgs': CMAKE_PREFIX_PATH=${CMAKE_PREFIX_PATH}:/opt/ros/humble /usr/bin/cmake /dev_ws/src/easy_handeye2/easy_handeye2_msgs -DCMAKE_INSTALL_PREFIX=/dev_ws/install
[1.684s] DEBUG:colcon.colcon_core.event_handler.log_command:Invoked command in '/dev_ws/build/easy_handeye2_msgs' returned '0': CMAKE_PREFIX_PATH=${CMAKE_PREFIX_PATH}:/opt/ros/humble /usr/bin/cmake /dev_ws/src/easy_handeye2/easy_handeye2_msgs -DCMAKE_INSTALL_PREFIX=/dev_ws/install
[1.684s] DEBUG:colcon.colcon_core.event_handler.log_command:Invoking command in '/dev_ws/build/easy_handeye2_msgs': CMAKE_PREFIX_PATH=${CMAKE_PREFIX_PATH}:/opt/ros/humble /usr/bin/cmake --build /dev_ws/build/easy_handeye2_msgs -- -j20 -l20
[8.274s] DEBUG:colcon.colcon_core.event_handler.log_command:Invoked command in '/dev_ws/build/easy_handeye2_msgs' returned '0': CMAKE_PREFIX_PATH=${CMAKE_PREFIX_PATH}:/opt/ros/humble /usr/bin/cmake --build /dev_ws/build/easy_handeye2_msgs -- -j20 -l20
[8.288s] DEBUG:colcon.colcon_core.event_handler.log_command:Invoking command in '/dev_ws/build/easy_handeye2_msgs': CMAKE_PREFIX_PATH=${CMAKE_PREFIX_PATH}:/opt/ros/humble /usr/bin/cmake --install /dev_ws/build/easy_handeye2_msgs
[8.379s] Level 1:colcon.colcon_core.environment:create_environment_scripts_only(easy_handeye2_msgs)
[8.379s] DEBUG:colcon.colcon_core.event_handler.log_command:Invoked command in '/dev_ws/build/easy_handeye2_msgs' returned '0': CMAKE_PREFIX_PATH=${CMAKE_PREFIX_PATH}:/opt/ros/humble /usr/bin/cmake --install /dev_ws/build/easy_handeye2_msgs
[8.381s] Level 1:colcon.colcon_core.environment:checking '/dev_ws/install' for CMake module files
[8.381s] Level 1:colcon.colcon_core.environment:checking '/dev_ws/install' for CMake config files
[8.382s] Level 1:colcon.colcon_core.shell:create_environment_hook('easy_handeye2_msgs', 'cmake_prefix_path')
[8.382s] INFO:colcon.colcon_core.shell:Creating environment hook '/dev_ws/install/share/easy_handeye2_msgs/hook/cmake_prefix_path.ps1'
[8.382s] INFO:colcon.colcon_core.shell:Creating environment descriptor '/dev_ws/install/share/easy_handeye2_msgs/hook/cmake_prefix_path.dsv'
[8.383s] INFO:colcon.colcon_core.shell:Creating environment hook '/dev_ws/install/share/easy_handeye2_msgs/hook/cmake_prefix_path.sh'
[8.383s] Level 1:colcon.colcon_core.environment:checking '/dev_ws/install/lib'
[8.383s] Level 1:colcon.colcon_core.shell:create_environment_hook('easy_handeye2_msgs', 'ld_library_path_lib')
[8.383s] INFO:colcon.colcon_core.shell:Creating environment hook '/dev_ws/install/share/easy_handeye2_msgs/hook/ld_library_path_lib.ps1'
[8.384s] INFO:colcon.colcon_core.shell:Creating environment descriptor '/dev_ws/install/share/easy_handeye2_msgs/hook/ld_library_path_lib.dsv'
[8.384s] INFO:colcon.colcon_core.shell:Creating environment hook '/dev_ws/install/share/easy_handeye2_msgs/hook/ld_library_path_lib.sh'
[8.384s] Level 1:colcon.colcon_core.environment:checking '/dev_ws/install/bin'
[8.384s] Level 1:colcon.colcon_core.environment:checking '/dev_ws/install/lib/pkgconfig/easy_handeye2_msgs.pc'
[8.385s] Level 1:colcon.colcon_core.environment:checking '/dev_ws/install/lib/python3.10/site-packages'
[8.385s] Level 1:colcon.colcon_core.environment:checking '/dev_ws/install/bin'
[8.385s] INFO:colcon.colcon_core.shell:Creating package script '/dev_ws/install/share/easy_handeye2_msgs/package.ps1'
[8.386s] INFO:colcon.colcon_core.shell:Creating package descriptor '/dev_ws/install/share/easy_handeye2_msgs/package.dsv'
[8.386s] INFO:colcon.colcon_core.shell:Creating package script '/dev_ws/install/share/easy_handeye2_msgs/package.sh'
[8.387s] INFO:colcon.colcon_core.shell:Creating package script '/dev_ws/install/share/easy_handeye2_msgs/package.bash'
[8.387s] INFO:colcon.colcon_core.shell:Creating package script '/dev_ws/install/share/easy_handeye2_msgs/package.zsh'
[8.387s] Level 1:colcon.colcon_core.environment:create_file_with_runtime_dependencies(/dev_ws/install/share/colcon-core/packages/easy_handeye2_msgs)
[8.388s] Level 1:colcon.colcon_core.environment:create_environment_scripts_only(easy_handeye2_msgs)
[8.388s] Level 1:colcon.colcon_core.environment:checking '/dev_ws/install' for CMake module files
[8.388s] Level 1:colcon.colcon_core.environment:checking '/dev_ws/install' for CMake config files
[8.389s] Level 1:colcon.colcon_core.shell:create_environment_hook('easy_handeye2_msgs', 'cmake_prefix_path')
[8.389s] INFO:colcon.colcon_core.shell:Creating environment hook '/dev_ws/install/share/easy_handeye2_msgs/hook/cmake_prefix_path.ps1'
[8.389s] INFO:colcon.colcon_core.shell:Creating environment descriptor '/dev_ws/install/share/easy_handeye2_msgs/hook/cmake_prefix_path.dsv'
[8.389s] INFO:colcon.colcon_core.shell:Creating environment hook '/dev_ws/install/share/easy_handeye2_msgs/hook/cmake_prefix_path.sh'
[8.390s] Level 1:colcon.colcon_core.environment:checking '/dev_ws/install/lib'
[8.390s] Level 1:colcon.colcon_core.shell:create_environment_hook('easy_handeye2_msgs', 'ld_library_path_lib')
[8.390s] INFO:colcon.colcon_core.shell:Creating environment hook '/dev_ws/install/share/easy_handeye2_msgs/hook/ld_library_path_lib.ps1'
[8.390s] INFO:colcon.colcon_core.shell:Creating environment descriptor '/dev_ws/install/share/easy_handeye2_msgs/hook/ld_library_path_lib.dsv'
[8.390s] INFO:colcon.colcon_core.shell:Creating environment hook '/dev_ws/install/share/easy_handeye2_msgs/hook/ld_library_path_lib.sh'
[8.390s] Level 1:colcon.colcon_core.environment:checking '/dev_ws/install/bin'
[8.390s] Level 1:colcon.colcon_core.environment:checking '/dev_ws/install/lib/pkgconfig/easy_handeye2_msgs.pc'
[8.390s] Level 1:colcon.colcon_core.environment:checking '/dev_ws/install/lib/python3.10/site-packages'
[8.391s] Level 1:colcon.colcon_core.environment:checking '/dev_ws/install/bin'
[8.391s] INFO:colcon.colcon_core.shell:Creating package script '/dev_ws/install/share/easy_handeye2_msgs/package.ps1'
[8.391s] INFO:colcon.colcon_core.shell:Creating package descriptor '/dev_ws/install/share/easy_handeye2_msgs/package.dsv'
[8.391s] INFO:colcon.colcon_core.shell:Creating package script '/dev_ws/install/share/easy_handeye2_msgs/package.sh'
[8.392s] INFO:colcon.colcon_core.shell:Creating package script '/dev_ws/install/share/easy_handeye2_msgs/package.bash'
[8.392s] INFO:colcon.colcon_core.shell:Creating package script '/dev_ws/install/share/easy_handeye2_msgs/package.zsh'
[8.392s] Level 1:colcon.colcon_core.environment:create_file_with_runtime_dependencies(/dev_ws/install/share/colcon-core/packages/easy_handeye2_msgs)
[8.392s] INFO:colcon.colcon_ros.task.ament_python.build:Building ROS package in '/dev_ws/src/easy_handeye2/easy_handeye2' with build type 'ament_python'
[8.392s] Level 1:colcon.colcon_core.shell:create_environment_hook('easy_handeye2', 'ament_prefix_path')
[8.392s] INFO:colcon.colcon_core.shell:Creating environment hook '/dev_ws/install/share/easy_handeye2/hook/ament_prefix_path.ps1'
[8.393s] INFO:colcon.colcon_core.shell:Creating environment descriptor '/dev_ws/install/share/easy_handeye2/hook/ament_prefix_path.dsv'
[8.393s] INFO:colcon.colcon_core.shell:Creating environment hook '/dev_ws/install/share/easy_handeye2/hook/ament_prefix_path.sh'
[8.393s] INFO:colcon.colcon_core.shell:Skip shell extension 'powershell' for command environment: Not usable outside of PowerShell
[8.393s] DEBUG:colcon.colcon_core.shell:Skip shell extension 'dsv' for command environment
[8.562s] INFO:colcon.colcon_core.task.python.build:Building Python package in '/dev_ws/src/easy_handeye2/easy_handeye2'
[8.562s] INFO:colcon.colcon_core.shell:Skip shell extension 'powershell' for command environment: Not usable outside of PowerShell
[8.562s] DEBUG:colcon.colcon_core.shell:Skip shell extension 'dsv' for command environment
[8.805s] DEBUG:colcon.colcon_core.event_handler.log_command:Invoking command in '/dev_ws/src/easy_handeye2/easy_handeye2': PYTHONPATH=/dev_ws/build/easy_handeye2/prefix_override:/usr/lib/python3/dist-packages/colcon_core/task/python/colcon_distutils_commands:/dev_ws/install/lib/python3.10/site-packages:${PYTHONPATH} /usr/bin/python3 -W ignore:setup.py install is deprecated -W ignore:easy_install command is deprecated setup.py egg_info --egg-base ../../../build/easy_handeye2 build --build-base /dev_ws/build/easy_handeye2/build install --record /dev_ws/build/easy_handeye2/install.log --single-version-externally-managed install_data
[8.989s] Level 1:colcon.colcon_core.environment:checking '/dev_ws/install' for CMake module files
[8.990s] DEBUG:colcon.colcon_core.event_handler.log_command:Invoked command in '/dev_ws/src/easy_handeye2/easy_handeye2' returned '0': PYTHONPATH=/dev_ws/build/easy_handeye2/prefix_override:/usr/lib/python3/dist-packages/colcon_core/task/python/colcon_distutils_commands:/dev_ws/install/lib/python3.10/site-packages:${PYTHONPATH} /usr/bin/python3 -W ignore:setup.py install is deprecated -W ignore:easy_install command is deprecated setup.py egg_info --egg-base ../../../build/easy_handeye2 build --build-base /dev_ws/build/easy_handeye2/build install --record /dev_ws/build/easy_handeye2/install.log --single-version-externally-managed install_data
[8.990s] Level 1:colcon.colcon_core.environment:checking '/dev_ws/install' for CMake config files
[8.991s] Level 1:colcon.colcon_core.shell:create_environment_hook('easy_handeye2', 'cmake_prefix_path')
[8.991s] INFO:colcon.colcon_core.shell:Creating environment hook '/dev_ws/install/share/easy_handeye2/hook/cmake_prefix_path.ps1'
[8.991s] INFO:colcon.colcon_core.shell:Creating environment descriptor '/dev_ws/install/share/easy_handeye2/hook/cmake_prefix_path.dsv'
[8.991s] INFO:colcon.colcon_core.shell:Creating environment hook '/dev_ws/install/share/easy_handeye2/hook/cmake_prefix_path.sh'
[8.992s] Level 1:colcon.colcon_core.environment:checking '/dev_ws/install/lib'
[8.992s] Level 1:colcon.colcon_core.shell:create_environment_hook('easy_handeye2', 'ld_library_path_lib')
[8.992s] INFO:colcon.colcon_core.shell:Creating environment hook '/dev_ws/install/share/easy_handeye2/hook/ld_library_path_lib.ps1'
[8.992s] INFO:colcon.colcon_core.shell:Creating environment descriptor '/dev_ws/install/share/easy_handeye2/hook/ld_library_path_lib.dsv'
[8.992s] INFO:colcon.colcon_core.shell:Creating environment hook '/dev_ws/install/share/easy_handeye2/hook/ld_library_path_lib.sh'
[8.992s] Level 1:colcon.colcon_core.environment:checking '/dev_ws/install/bin'
[8.993s] Level 1:colcon.colcon_core.environment:checking '/dev_ws/install/lib/pkgconfig/easy_handeye2.pc'
[8.993s] Level 1:colcon.colcon_core.environment:checking '/dev_ws/install/lib/python3.10/site-packages'
[8.993s] Level 1:colcon.colcon_core.shell:create_environment_hook('easy_handeye2', 'pythonpath')
[8.993s] INFO:colcon.colcon_core.shell:Creating environment hook '/dev_ws/install/share/easy_handeye2/hook/pythonpath.ps1'
[8.993s] INFO:colcon.colcon_core.shell:Creating environment descriptor '/dev_ws/install/share/easy_handeye2/hook/pythonpath.dsv'
[8.993s] INFO:colcon.colcon_core.shell:Creating environment hook '/dev_ws/install/share/easy_handeye2/hook/pythonpath.sh'
[8.994s] Level 1:colcon.colcon_core.environment:checking '/dev_ws/install/bin'
[8.994s] Level 1:colcon.colcon_core.environment:create_environment_scripts_only(easy_handeye2)
[8.994s] INFO:colcon.colcon_core.shell:Creating package script '/dev_ws/install/share/easy_handeye2/package.ps1'
[8.994s] INFO:colcon.colcon_core.shell:Creating package descriptor '/dev_ws/install/share/easy_handeye2/package.dsv'
[8.994s] INFO:colcon.colcon_core.shell:Creating package script '/dev_ws/install/share/easy_handeye2/package.sh'
[8.995s] INFO:colcon.colcon_core.shell:Creating package script '/dev_ws/install/share/easy_handeye2/package.bash'
[8.995s] INFO:colcon.colcon_core.shell:Creating package script '/dev_ws/install/share/easy_handeye2/package.zsh'
[8.995s] Level 1:colcon.colcon_core.environment:create_file_with_runtime_dependencies(/dev_ws/install/share/colcon-core/packages/easy_handeye2)
[8.995s] DEBUG:colcon.colcon_parallel_executor.executor.parallel:closing loop
[8.995s] DEBUG:colcon.colcon_parallel_executor.executor.parallel:loop closed
[8.995s] DEBUG:colcon.colcon_parallel_executor.executor.parallel:run_until_complete finished with '0'
[8.996s] DEBUG:colcon.colcon_core.event_reactor:joining thread
[8.999s] INFO:colcon.colcon_core.plugin_system:Skipping extension 'colcon_notification.desktop_notification.notify_send': Could not find 'notify-send'
[8.999s] INFO:colcon.colcon_core.plugin_system:Skipping extension 'colcon_notification.desktop_notification.terminal_notifier': Not used on non-Darwin systems
[8.999s] INFO:colcon.colcon_core.plugin_system:Skipping extension 'colcon_notification.desktop_notification.win32': Not used on non-Windows systems
[8.999s] INFO:colcon.colcon_notification.desktop_notification:Sending desktop notification using 'notify2'
[9.001s] DEBUG:colcon.colcon_notification.desktop_notification.notify2:Failed to initialize notify2: org.freedesktop.DBus.Error.Spawn.ExecFailed: /usr/bin/dbus-launch terminated abnormally without any error message
[9.001s] DEBUG:colcon.colcon_core.event_reactor:joined thread
[9.001s] INFO:colcon.colcon_core.shell:Creating prefix script '/dev_ws/install/local_setup.ps1'
[9.002s] INFO:colcon.colcon_core.shell:Creating prefix util module '/dev_ws/install/_local_setup_util_ps1.py'
[9.003s] INFO:colcon.colcon_core.shell:Creating prefix chain script '/dev_ws/install/setup.ps1'
[9.004s] INFO:colcon.colcon_core.shell:Creating prefix script '/dev_ws/install/local_setup.sh'
[9.004s] INFO:colcon.colcon_core.shell:Creating prefix util module '/dev_ws/install/_local_setup_util_sh.py'
[9.004s] INFO:colcon.colcon_core.shell:Creating prefix chain script '/dev_ws/install/setup.sh'
[9.005s] INFO:colcon.colcon_core.shell:Creating prefix script '/dev_ws/install/local_setup.bash'
[9.005s] INFO:colcon.colcon_core.shell:Creating prefix chain script '/dev_ws/install/setup.bash'
[9.005s] INFO:colcon.colcon_core.shell:Creating prefix script '/dev_ws/install/local_setup.zsh'
[9.006s] INFO:colcon.colcon_core.shell:Creating prefix chain script '/dev_ws/install/setup.zsh'
