[35m[1mConsolidate compiler generated dependencies of target ur_commander__rosidl_generator_c[0m
[  9%] Built target ur_commander__rosidl_generator_c
[ 12%] Built target ur_commander__cpp
[ 12%] Built target ament_cmake_python_copy_ur_commander
[35m[1mConsolidate compiler generated dependencies of target ur_commander__rosidl_typesupport_c[0m
[35m[1mConsolidate compiler generated dependencies of target ur_commander__rosidl_typesupport_fastrtps_c[0m
[35m[1mConsolidate compiler generated dependencies of target ur_commander__rosidl_typesupport_cpp[0m
[35m[1mConsolidate compiler generated dependencies of target ur_commander__rosidl_typesupport_introspection_c[0m
[35m[1mConsolidate compiler generated dependencies of target ur_commander__rosidl_typesupport_introspection_cpp[0m
[35m[1mConsolidate compiler generated dependencies of target ur_commander__rosidl_typesupport_fastrtps_cpp[0m
[ 22%] Built target ur_commander__rosidl_typesupport_c
[ 32%] Built target ur_commander__rosidl_typesupport_cpp
[ 41%] Built target ur_commander__rosidl_typesupport_fastrtps_c
[ 51%] Built target ur_commander__rosidl_typesupport_introspection_c
[ 61%] Built target ur_commander__rosidl_typesupport_introspection_cpp
[ 70%] Built target ur_commander__rosidl_typesupport_fastrtps_cpp
[ 70%] Built target ur_commander
[ 74%] Built target ur_commander__py
[35m[1mConsolidate compiler generated dependencies of target ur_commander__rosidl_generator_py[0m
[ 80%] Built target ur_commander__rosidl_generator_py
[35m[1mConsolidate compiler generated dependencies of target ur_commander__rosidl_typesupport_fastrtps_c__pyext[0m
[35m[1mConsolidate compiler generated dependencies of target ur_commander__rosidl_typesupport_introspection_c__pyext[0m
[35m[1mConsolidate compiler generated dependencies of target ur_commander__rosidl_typesupport_c__pyext[0m
[ 87%] Built target ur_commander__rosidl_typesupport_introspection_c__pyext
[ 93%] Built target ur_commander__rosidl_typesupport_fastrtps_c__pyext
[100%] Built target ur_commander__rosidl_typesupport_c__pyext
running egg_info
writing ur_commander.egg-info/PKG-INFO
writing dependency_links to ur_commander.egg-info/dependency_links.txt
writing top-level names to ur_commander.egg-info/top_level.txt
reading manifest file 'ur_commander.egg-info/SOURCES.txt'
writing manifest file 'ur_commander.egg-info/SOURCES.txt'
[100%] Built target ament_cmake_python_build_ur_commander_egg
-- Install configuration: ""
-- Up-to-date: /dev_ws/install/share/ament_index/resource_index/rosidl_interfaces/ur_commander
-- Up-to-date: /dev_ws/install/include/ur_commander/ur_commander
-- Up-to-date: /dev_ws/install/include/ur_commander/ur_commander/msg
-- Up-to-date: /dev_ws/install/include/ur_commander/ur_commander/msg/rosidl_generator_c__visibility_control.h
-- Up-to-date: /dev_ws/install/include/ur_commander/ur_commander/srv
-- Up-to-date: /dev_ws/install/include/ur_commander/ur_commander/srv/visualize_poses.h
-- Up-to-date: /dev_ws/install/include/ur_commander/ur_commander/srv/detail
-- Up-to-date: /dev_ws/install/include/ur_commander/ur_commander/srv/detail/visualize_poses__type_support.h
-- Up-to-date: /dev_ws/install/include/ur_commander/ur_commander/srv/detail/visualize_poses__functions.c
-- Up-to-date: /dev_ws/install/include/ur_commander/ur_commander/srv/detail/visualize_poses__functions.h
-- Up-to-date: /dev_ws/install/include/ur_commander/ur_commander/srv/detail/visualize_poses__struct.h
-- Up-to-date: /dev_ws/install/share/ur_commander/environment/library_path.sh
-- Up-to-date: /dev_ws/install/share/ur_commander/environment/library_path.dsv
-- Up-to-date: /dev_ws/install/lib/libur_commander__rosidl_generator_c.so
-- Up-to-date: /dev_ws/install/include/ur_commander/ur_commander
-- Up-to-date: /dev_ws/install/include/ur_commander/ur_commander/msg
-- Up-to-date: /dev_ws/install/include/ur_commander/ur_commander/msg/rosidl_typesupport_fastrtps_c__visibility_control.h
-- Up-to-date: /dev_ws/install/include/ur_commander/ur_commander/srv
-- Up-to-date: /dev_ws/install/include/ur_commander/ur_commander/srv/detail
-- Up-to-date: /dev_ws/install/include/ur_commander/ur_commander/srv/detail/visualize_poses__rosidl_typesupport_fastrtps_c.h
-- Up-to-date: /dev_ws/install/lib/libur_commander__rosidl_typesupport_fastrtps_c.so
-- Up-to-date: /dev_ws/install/include/ur_commander/ur_commander
-- Up-to-date: /dev_ws/install/include/ur_commander/ur_commander/msg
-- Up-to-date: /dev_ws/install/include/ur_commander/ur_commander/msg/rosidl_typesupport_introspection_c__visibility_control.h
-- Up-to-date: /dev_ws/install/include/ur_commander/ur_commander/srv
-- Up-to-date: /dev_ws/install/include/ur_commander/ur_commander/srv/detail
-- Up-to-date: /dev_ws/install/include/ur_commander/ur_commander/srv/detail/visualize_poses__type_support.c
-- Up-to-date: /dev_ws/install/include/ur_commander/ur_commander/srv/detail/visualize_poses__rosidl_typesupport_introspection_c.h
-- Up-to-date: /dev_ws/install/lib/libur_commander__rosidl_typesupport_introspection_c.so
-- Up-to-date: /dev_ws/install/lib/libur_commander__rosidl_typesupport_c.so
-- Up-to-date: /dev_ws/install/include/ur_commander/ur_commander
-- Up-to-date: /dev_ws/install/include/ur_commander/ur_commander/msg
-- Up-to-date: /dev_ws/install/include/ur_commander/ur_commander/msg/rosidl_generator_cpp__visibility_control.hpp
-- Up-to-date: /dev_ws/install/include/ur_commander/ur_commander/srv
-- Up-to-date: /dev_ws/install/include/ur_commander/ur_commander/srv/detail
-- Up-to-date: /dev_ws/install/include/ur_commander/ur_commander/srv/detail/visualize_poses__struct.hpp
-- Up-to-date: /dev_ws/install/include/ur_commander/ur_commander/srv/detail/visualize_poses__builder.hpp
-- Up-to-date: /dev_ws/install/include/ur_commander/ur_commander/srv/detail/visualize_poses__traits.hpp
-- Up-to-date: /dev_ws/install/include/ur_commander/ur_commander/srv/detail/visualize_poses__type_support.hpp
-- Up-to-date: /dev_ws/install/include/ur_commander/ur_commander/srv/visualize_poses.hpp
-- Up-to-date: /dev_ws/install/include/ur_commander/ur_commander
-- Up-to-date: /dev_ws/install/include/ur_commander/ur_commander/msg
-- Up-to-date: /dev_ws/install/include/ur_commander/ur_commander/msg/rosidl_typesupport_fastrtps_cpp__visibility_control.h
-- Up-to-date: /dev_ws/install/include/ur_commander/ur_commander/srv
-- Up-to-date: /dev_ws/install/include/ur_commander/ur_commander/srv/detail
-- Up-to-date: /dev_ws/install/include/ur_commander/ur_commander/srv/detail/visualize_poses__rosidl_typesupport_fastrtps_cpp.hpp
-- Up-to-date: /dev_ws/install/include/ur_commander/ur_commander/srv/detail/dds_fastrtps
-- Up-to-date: /dev_ws/install/lib/libur_commander__rosidl_typesupport_fastrtps_cpp.so
-- Up-to-date: /dev_ws/install/include/ur_commander/ur_commander
-- Up-to-date: /dev_ws/install/include/ur_commander/ur_commander/srv
-- Up-to-date: /dev_ws/install/include/ur_commander/ur_commander/srv/detail
-- Up-to-date: /dev_ws/install/include/ur_commander/ur_commander/srv/detail/visualize_poses__type_support.cpp
-- Up-to-date: /dev_ws/install/include/ur_commander/ur_commander/srv/detail/visualize_poses__rosidl_typesupport_introspection_cpp.hpp
-- Up-to-date: /dev_ws/install/lib/libur_commander__rosidl_typesupport_introspection_cpp.so
-- Up-to-date: /dev_ws/install/lib/libur_commander__rosidl_typesupport_cpp.so
-- Up-to-date: /dev_ws/install/share/ur_commander/environment/pythonpath.sh
-- Up-to-date: /dev_ws/install/share/ur_commander/environment/pythonpath.dsv
-- Up-to-date: /dev_ws/install/local/lib/python3.10/dist-packages/ur_commander-0.0.0-py3.10.egg-info
-- Installing: /dev_ws/install/local/lib/python3.10/dist-packages/ur_commander-0.0.0-py3.10.egg-info/SOURCES.txt
-- Installing: /dev_ws/install/local/lib/python3.10/dist-packages/ur_commander-0.0.0-py3.10.egg-info/dependency_links.txt
-- Installing: /dev_ws/install/local/lib/python3.10/dist-packages/ur_commander-0.0.0-py3.10.egg-info/top_level.txt
-- Installing: /dev_ws/install/local/lib/python3.10/dist-packages/ur_commander-0.0.0-py3.10.egg-info/PKG-INFO
-- Up-to-date: /dev_ws/install/local/lib/python3.10/dist-packages/ur_commander
-- Up-to-date: /dev_ws/install/local/lib/python3.10/dist-packages/ur_commander/_ur_commander_s.ep.rosidl_typesupport_fastrtps_c.c
-- Up-to-date: /dev_ws/install/local/lib/python3.10/dist-packages/ur_commander/ur_commander_s__rosidl_typesupport_fastrtps_c.cpython-310-x86_64-linux-gnu.so
-- Up-to-date: /dev_ws/install/local/lib/python3.10/dist-packages/ur_commander/_ur_commander_s.ep.rosidl_typesupport_c.c
-- Up-to-date: /dev_ws/install/local/lib/python3.10/dist-packages/ur_commander/ur_commander_s__rosidl_typesupport_c.cpython-310-x86_64-linux-gnu.so
-- Up-to-date: /dev_ws/install/local/lib/python3.10/dist-packages/ur_commander/ur_commander_s__rosidl_typesupport_introspection_c.cpython-310-x86_64-linux-gnu.so
-- Up-to-date: /dev_ws/install/local/lib/python3.10/dist-packages/ur_commander/_ur_commander_s.ep.rosidl_typesupport_introspection_c.c
-- Up-to-date: /dev_ws/install/local/lib/python3.10/dist-packages/ur_commander/srv
-- Up-to-date: /dev_ws/install/local/lib/python3.10/dist-packages/ur_commander/srv/_visualize_poses_s.c
-- Up-to-date: /dev_ws/install/local/lib/python3.10/dist-packages/ur_commander/srv/_visualize_poses.py
-- Up-to-date: /dev_ws/install/local/lib/python3.10/dist-packages/ur_commander/srv/__init__.py
-- Up-to-date: /dev_ws/install/local/lib/python3.10/dist-packages/ur_commander/libur_commander__rosidl_generator_py.so
-- Up-to-date: /dev_ws/install/local/lib/python3.10/dist-packages/ur_commander/__init__.py
Listing '/dev_ws/install/local/lib/python3.10/dist-packages/ur_commander'...
Listing '/dev_ws/install/local/lib/python3.10/dist-packages/ur_commander/srv'...
-- Up-to-date: /dev_ws/install/local/lib/python3.10/dist-packages/ur_commander/ur_commander_s__rosidl_typesupport_fastrtps_c.cpython-310-x86_64-linux-gnu.so
-- Up-to-date: /dev_ws/install/local/lib/python3.10/dist-packages/ur_commander/ur_commander_s__rosidl_typesupport_introspection_c.cpython-310-x86_64-linux-gnu.so
-- Up-to-date: /dev_ws/install/local/lib/python3.10/dist-packages/ur_commander/ur_commander_s__rosidl_typesupport_c.cpython-310-x86_64-linux-gnu.so
-- Up-to-date: /dev_ws/install/lib/libur_commander__rosidl_generator_py.so
-- Up-to-date: /dev_ws/install/share/ur_commander/srv/VisualizePoses.idl
-- Up-to-date: /dev_ws/install/share/ur_commander/srv/VisualizePoses.srv
-- Up-to-date: /dev_ws/install/share/ur_commander/srv/VisualizePoses_Request.msg
-- Up-to-date: /dev_ws/install/share/ur_commander/srv/VisualizePoses_Response.msg
-- Up-to-date: /dev_ws/install/share/ur_commander//launch
-- Up-to-date: /dev_ws/install/share/ur_commander//launch/iaac_ur10e.launch.py
-- Up-to-date: /dev_ws/install/share/ur_commander//config
-- Up-to-date: /dev_ws/install/share/ur_commander//config/rivz2_config.rviz
-- Up-to-date: /dev_ws/install/lib/ur_commander/visualize_pose_srv.py
-- Up-to-date: /dev_ws/install/share/ament_index/resource_index/package_run_dependencies/ur_commander
-- Up-to-date: /dev_ws/install/share/ament_index/resource_index/parent_prefix_path/ur_commander
-- Up-to-date: /dev_ws/install/share/ur_commander/environment/ament_prefix_path.sh
-- Up-to-date: /dev_ws/install/share/ur_commander/environment/ament_prefix_path.dsv
-- Up-to-date: /dev_ws/install/share/ur_commander/environment/path.sh
-- Up-to-date: /dev_ws/install/share/ur_commander/environment/path.dsv
-- Up-to-date: /dev_ws/install/share/ur_commander/local_setup.bash
-- Up-to-date: /dev_ws/install/share/ur_commander/local_setup.sh
-- Up-to-date: /dev_ws/install/share/ur_commander/local_setup.zsh
-- Up-to-date: /dev_ws/install/share/ur_commander/local_setup.dsv
-- Installing: /dev_ws/install/share/ur_commander/package.dsv
-- Up-to-date: /dev_ws/install/share/ament_index/resource_index/packages/ur_commander
-- Up-to-date: /dev_ws/install/share/ur_commander/cmake/export_ur_commander__rosidl_generator_cExport.cmake
-- Up-to-date: /dev_ws/install/share/ur_commander/cmake/export_ur_commander__rosidl_generator_cExport-noconfig.cmake
-- Up-to-date: /dev_ws/install/share/ur_commander/cmake/export_ur_commander__rosidl_typesupport_fastrtps_cExport.cmake
-- Up-to-date: /dev_ws/install/share/ur_commander/cmake/export_ur_commander__rosidl_typesupport_fastrtps_cExport-noconfig.cmake
-- Up-to-date: /dev_ws/install/share/ur_commander/cmake/ur_commander__rosidl_typesupport_introspection_cExport.cmake
-- Up-to-date: /dev_ws/install/share/ur_commander/cmake/ur_commander__rosidl_typesupport_introspection_cExport-noconfig.cmake
-- Up-to-date: /dev_ws/install/share/ur_commander/cmake/ur_commander__rosidl_typesupport_cExport.cmake
-- Up-to-date: /dev_ws/install/share/ur_commander/cmake/ur_commander__rosidl_typesupport_cExport-noconfig.cmake
-- Up-to-date: /dev_ws/install/share/ur_commander/cmake/export_ur_commander__rosidl_generator_cppExport.cmake
-- Up-to-date: /dev_ws/install/share/ur_commander/cmake/export_ur_commander__rosidl_typesupport_fastrtps_cppExport.cmake
-- Up-to-date: /dev_ws/install/share/ur_commander/cmake/export_ur_commander__rosidl_typesupport_fastrtps_cppExport-noconfig.cmake
-- Up-to-date: /dev_ws/install/share/ur_commander/cmake/ur_commander__rosidl_typesupport_introspection_cppExport.cmake
-- Up-to-date: /dev_ws/install/share/ur_commander/cmake/ur_commander__rosidl_typesupport_introspection_cppExport-noconfig.cmake
-- Up-to-date: /dev_ws/install/share/ur_commander/cmake/ur_commander__rosidl_typesupport_cppExport.cmake
-- Up-to-date: /dev_ws/install/share/ur_commander/cmake/ur_commander__rosidl_typesupport_cppExport-noconfig.cmake
-- Up-to-date: /dev_ws/install/share/ur_commander/cmake/export_ur_commander__rosidl_generator_pyExport.cmake
-- Up-to-date: /dev_ws/install/share/ur_commander/cmake/export_ur_commander__rosidl_generator_pyExport-noconfig.cmake
-- Up-to-date: /dev_ws/install/share/ur_commander/cmake/rosidl_cmake-extras.cmake
-- Up-to-date: /dev_ws/install/share/ur_commander/cmake/ament_cmake_export_dependencies-extras.cmake
-- Up-to-date: /dev_ws/install/share/ur_commander/cmake/ament_cmake_export_include_directories-extras.cmake
-- Up-to-date: /dev_ws/install/share/ur_commander/cmake/ament_cmake_export_libraries-extras.cmake
-- Up-to-date: /dev_ws/install/share/ur_commander/cmake/ament_cmake_export_targets-extras.cmake
-- Up-to-date: /dev_ws/install/share/ur_commander/cmake/rosidl_cmake_export_typesupport_targets-extras.cmake
-- Up-to-date: /dev_ws/install/share/ur_commander/cmake/rosidl_cmake_export_typesupport_libraries-extras.cmake
-- Up-to-date: /dev_ws/install/share/ur_commander/cmake/ur_commanderConfig.cmake
-- Up-to-date: /dev_ws/install/share/ur_commander/cmake/ur_commanderConfig-version.cmake
-- Up-to-date: /dev_ws/install/share/ur_commander/package.xml
