[0.013s] Invoking command in '/dev_ws/build/ur_commander': CMAKE_PREFIX_PATH=${CMAKE_PREFIX_PATH}:/opt/ros/humble /usr/bin/cmake --build /dev_ws/build/ur_commander -- -j20 -l20
[0.052s] [35m[1mConsolidate compiler generated dependencies of target ur_commander__rosidl_generator_c[0m
[0.065s] [  9%] Built target ur_commander__rosidl_generator_c
[0.070s] [ 12%] Built target ur_commander__cpp
[0.070s] [ 12%] Built target ament_cmake_python_copy_ur_commander
[0.079s] [35m[1mConsolidate compiler generated dependencies of target ur_commander__rosidl_typesupport_c[0m
[0.081s] [35m[1mConsolidate compiler generated dependencies of target ur_commander__rosidl_typesupport_fastrtps_c[0m
[0.083s] [35m[1mConsolidate compiler generated dependencies of target ur_commander__rosidl_typesupport_cpp[0m
[0.084s] [35m[1mConsolidate compiler generated dependencies of target ur_commander__rosidl_typesupport_introspection_c[0m
[0.088s] [35m[1mConsolidate compiler generated dependencies of target ur_commander__rosidl_typesupport_introspection_cpp[0m
[0.088s] [35m[1mConsolidate compiler generated dependencies of target ur_commander__rosidl_typesupport_fastrtps_cpp[0m
[0.092s] [ 22%] Built target ur_commander__rosidl_typesupport_c
[0.095s] [ 32%] Built target ur_commander__rosidl_typesupport_cpp
[0.096s] [ 41%] Built target ur_commander__rosidl_typesupport_fastrtps_c
[0.097s] [ 51%] Built target ur_commander__rosidl_typesupport_introspection_c
[0.097s] [ 61%] Built target ur_commander__rosidl_typesupport_introspection_cpp
[0.098s] [ 70%] Built target ur_commander__rosidl_typesupport_fastrtps_cpp
[0.110s] [ 70%] Built target ur_commander
[0.128s] [ 74%] Built target ur_commander__py
[0.139s] [35m[1mConsolidate compiler generated dependencies of target ur_commander__rosidl_generator_py[0m
[0.148s] [ 80%] Built target ur_commander__rosidl_generator_py
[0.155s] [35m[1mConsolidate compiler generated dependencies of target ur_commander__rosidl_typesupport_fastrtps_c__pyext[0m
[0.156s] [35m[1mConsolidate compiler generated dependencies of target ur_commander__rosidl_typesupport_introspection_c__pyext[0m
[0.157s] [35m[1mConsolidate compiler generated dependencies of target ur_commander__rosidl_typesupport_c__pyext[0m
[0.165s] [ 87%] Built target ur_commander__rosidl_typesupport_introspection_c__pyext
[0.167s] [ 93%] Built target ur_commander__rosidl_typesupport_fastrtps_c__pyext
[0.172s] [100%] Built target ur_commander__rosidl_typesupport_c__pyext
[0.262s] running egg_info
[0.263s] writing ur_commander.egg-info/PKG-INFO
[0.263s] writing dependency_links to ur_commander.egg-info/dependency_links.txt
[0.263s] writing top-level names to ur_commander.egg-info/top_level.txt
[0.265s] reading manifest file 'ur_commander.egg-info/SOURCES.txt'
[0.265s] writing manifest file 'ur_commander.egg-info/SOURCES.txt'
[0.286s] [100%] Built target ament_cmake_python_build_ur_commander_egg
[0.295s] Invoked command in '/dev_ws/build/ur_commander' returned '0': CMAKE_PREFIX_PATH=${CMAKE_PREFIX_PATH}:/opt/ros/humble /usr/bin/cmake --build /dev_ws/build/ur_commander -- -j20 -l20
[0.304s] Invoking command in '/dev_ws/build/ur_commander': CMAKE_PREFIX_PATH=${CMAKE_PREFIX_PATH}:/opt/ros/humble /usr/bin/cmake --install /dev_ws/build/ur_commander
[0.311s] -- Install configuration: ""
[0.311s] -- Up-to-date: /dev_ws/install/share/ament_index/resource_index/rosidl_interfaces/ur_commander
[0.311s] -- Up-to-date: /dev_ws/install/include/ur_commander/ur_commander
[0.311s] -- Up-to-date: /dev_ws/install/include/ur_commander/ur_commander/msg
[0.312s] -- Up-to-date: /dev_ws/install/include/ur_commander/ur_commander/msg/rosidl_generator_c__visibility_control.h
[0.312s] -- Up-to-date: /dev_ws/install/include/ur_commander/ur_commander/srv
[0.312s] -- Up-to-date: /dev_ws/install/include/ur_commander/ur_commander/srv/visualize_poses.h
[0.312s] -- Up-to-date: /dev_ws/install/include/ur_commander/ur_commander/srv/detail
[0.312s] -- Up-to-date: /dev_ws/install/include/ur_commander/ur_commander/srv/detail/visualize_poses__type_support.h
[0.312s] -- Up-to-date: /dev_ws/install/include/ur_commander/ur_commander/srv/detail/visualize_poses__functions.c
[0.312s] -- Up-to-date: /dev_ws/install/include/ur_commander/ur_commander/srv/detail/visualize_poses__functions.h
[0.312s] -- Up-to-date: /dev_ws/install/include/ur_commander/ur_commander/srv/detail/visualize_poses__struct.h
[0.312s] -- Up-to-date: /dev_ws/install/share/ur_commander/environment/library_path.sh
[0.313s] -- Up-to-date: /dev_ws/install/share/ur_commander/environment/library_path.dsv
[0.313s] -- Up-to-date: /dev_ws/install/lib/libur_commander__rosidl_generator_c.so
[0.313s] -- Up-to-date: /dev_ws/install/include/ur_commander/ur_commander
[0.313s] -- Up-to-date: /dev_ws/install/include/ur_commander/ur_commander/msg
[0.313s] -- Up-to-date: /dev_ws/install/include/ur_commander/ur_commander/msg/rosidl_typesupport_fastrtps_c__visibility_control.h
[0.313s] -- Up-to-date: /dev_ws/install/include/ur_commander/ur_commander/srv
[0.314s] -- Up-to-date: /dev_ws/install/include/ur_commander/ur_commander/srv/detail
[0.314s] -- Up-to-date: /dev_ws/install/include/ur_commander/ur_commander/srv/detail/visualize_poses__rosidl_typesupport_fastrtps_c.h
[0.314s] -- Up-to-date: /dev_ws/install/lib/libur_commander__rosidl_typesupport_fastrtps_c.so
[0.314s] -- Up-to-date: /dev_ws/install/include/ur_commander/ur_commander
[0.314s] -- Up-to-date: /dev_ws/install/include/ur_commander/ur_commander/msg
[0.314s] -- Up-to-date: /dev_ws/install/include/ur_commander/ur_commander/msg/rosidl_typesupport_introspection_c__visibility_control.h
[0.314s] -- Up-to-date: /dev_ws/install/include/ur_commander/ur_commander/srv
[0.314s] -- Up-to-date: /dev_ws/install/include/ur_commander/ur_commander/srv/detail
[0.314s] -- Up-to-date: /dev_ws/install/include/ur_commander/ur_commander/srv/detail/visualize_poses__type_support.c
[0.314s] -- Up-to-date: /dev_ws/install/include/ur_commander/ur_commander/srv/detail/visualize_poses__rosidl_typesupport_introspection_c.h
[0.315s] -- Up-to-date: /dev_ws/install/lib/libur_commander__rosidl_typesupport_introspection_c.so
[0.315s] -- Up-to-date: /dev_ws/install/lib/libur_commander__rosidl_typesupport_c.so
[0.315s] -- Up-to-date: /dev_ws/install/include/ur_commander/ur_commander
[0.315s] -- Up-to-date: /dev_ws/install/include/ur_commander/ur_commander/msg
[0.315s] -- Up-to-date: /dev_ws/install/include/ur_commander/ur_commander/msg/rosidl_generator_cpp__visibility_control.hpp
[0.315s] -- Up-to-date: /dev_ws/install/include/ur_commander/ur_commander/srv
[0.315s] -- Up-to-date: /dev_ws/install/include/ur_commander/ur_commander/srv/detail
[0.315s] -- Up-to-date: /dev_ws/install/include/ur_commander/ur_commander/srv/detail/visualize_poses__struct.hpp
[0.315s] -- Up-to-date: /dev_ws/install/include/ur_commander/ur_commander/srv/detail/visualize_poses__builder.hpp
[0.315s] -- Up-to-date: /dev_ws/install/include/ur_commander/ur_commander/srv/detail/visualize_poses__traits.hpp
[0.315s] -- Up-to-date: /dev_ws/install/include/ur_commander/ur_commander/srv/detail/visualize_poses__type_support.hpp
[0.315s] -- Up-to-date: /dev_ws/install/include/ur_commander/ur_commander/srv/visualize_poses.hpp
[0.316s] -- Up-to-date: /dev_ws/install/include/ur_commander/ur_commander
[0.316s] -- Up-to-date: /dev_ws/install/include/ur_commander/ur_commander/msg
[0.316s] -- Up-to-date: /dev_ws/install/include/ur_commander/ur_commander/msg/rosidl_typesupport_fastrtps_cpp__visibility_control.h
[0.316s] -- Up-to-date: /dev_ws/install/include/ur_commander/ur_commander/srv
[0.316s] -- Up-to-date: /dev_ws/install/include/ur_commander/ur_commander/srv/detail
[0.316s] -- Up-to-date: /dev_ws/install/include/ur_commander/ur_commander/srv/detail/visualize_poses__rosidl_typesupport_fastrtps_cpp.hpp
[0.316s] -- Up-to-date: /dev_ws/install/include/ur_commander/ur_commander/srv/detail/dds_fastrtps
[0.316s] -- Up-to-date: /dev_ws/install/lib/libur_commander__rosidl_typesupport_fastrtps_cpp.so
[0.316s] -- Up-to-date: /dev_ws/install/include/ur_commander/ur_commander
[0.316s] -- Up-to-date: /dev_ws/install/include/ur_commander/ur_commander/srv
[0.316s] -- Up-to-date: /dev_ws/install/include/ur_commander/ur_commander/srv/detail
[0.316s] -- Up-to-date: /dev_ws/install/include/ur_commander/ur_commander/srv/detail/visualize_poses__type_support.cpp
[0.317s] -- Up-to-date: /dev_ws/install/include/ur_commander/ur_commander/srv/detail/visualize_poses__rosidl_typesupport_introspection_cpp.hpp
[0.317s] -- Up-to-date: /dev_ws/install/lib/libur_commander__rosidl_typesupport_introspection_cpp.so
[0.317s] -- Up-to-date: /dev_ws/install/lib/libur_commander__rosidl_typesupport_cpp.so
[0.317s] -- Up-to-date: /dev_ws/install/share/ur_commander/environment/pythonpath.sh
[0.317s] -- Up-to-date: /dev_ws/install/share/ur_commander/environment/pythonpath.dsv
[0.317s] -- Up-to-date: /dev_ws/install/local/lib/python3.10/dist-packages/ur_commander-0.0.0-py3.10.egg-info
[0.317s] -- Installing: /dev_ws/install/local/lib/python3.10/dist-packages/ur_commander-0.0.0-py3.10.egg-info/SOURCES.txt
[0.317s] -- Installing: /dev_ws/install/local/lib/python3.10/dist-packages/ur_commander-0.0.0-py3.10.egg-info/dependency_links.txt
[0.317s] -- Installing: /dev_ws/install/local/lib/python3.10/dist-packages/ur_commander-0.0.0-py3.10.egg-info/top_level.txt
[0.317s] -- Installing: /dev_ws/install/local/lib/python3.10/dist-packages/ur_commander-0.0.0-py3.10.egg-info/PKG-INFO
[0.317s] -- Up-to-date: /dev_ws/install/local/lib/python3.10/dist-packages/ur_commander
[0.317s] -- Up-to-date: /dev_ws/install/local/lib/python3.10/dist-packages/ur_commander/_ur_commander_s.ep.rosidl_typesupport_fastrtps_c.c
[0.318s] -- Up-to-date: /dev_ws/install/local/lib/python3.10/dist-packages/ur_commander/ur_commander_s__rosidl_typesupport_fastrtps_c.cpython-310-x86_64-linux-gnu.so
[0.318s] -- Up-to-date: /dev_ws/install/local/lib/python3.10/dist-packages/ur_commander/_ur_commander_s.ep.rosidl_typesupport_c.c
[0.318s] -- Up-to-date: /dev_ws/install/local/lib/python3.10/dist-packages/ur_commander/ur_commander_s__rosidl_typesupport_c.cpython-310-x86_64-linux-gnu.so
[0.318s] -- Up-to-date: /dev_ws/install/local/lib/python3.10/dist-packages/ur_commander/ur_commander_s__rosidl_typesupport_introspection_c.cpython-310-x86_64-linux-gnu.so
[0.318s] -- Up-to-date: /dev_ws/install/local/lib/python3.10/dist-packages/ur_commander/_ur_commander_s.ep.rosidl_typesupport_introspection_c.c
[0.318s] -- Up-to-date: /dev_ws/install/local/lib/python3.10/dist-packages/ur_commander/srv
[0.318s] -- Up-to-date: /dev_ws/install/local/lib/python3.10/dist-packages/ur_commander/srv/_visualize_poses_s.c
[0.318s] -- Up-to-date: /dev_ws/install/local/lib/python3.10/dist-packages/ur_commander/srv/_visualize_poses.py
[0.318s] -- Up-to-date: /dev_ws/install/local/lib/python3.10/dist-packages/ur_commander/srv/__init__.py
[0.318s] -- Up-to-date: /dev_ws/install/local/lib/python3.10/dist-packages/ur_commander/libur_commander__rosidl_generator_py.so
[0.318s] -- Up-to-date: /dev_ws/install/local/lib/python3.10/dist-packages/ur_commander/__init__.py
[0.339s] Listing '/dev_ws/install/local/lib/python3.10/dist-packages/ur_commander'...
[0.339s] Listing '/dev_ws/install/local/lib/python3.10/dist-packages/ur_commander/srv'...
[0.343s] -- Up-to-date: /dev_ws/install/local/lib/python3.10/dist-packages/ur_commander/ur_commander_s__rosidl_typesupport_fastrtps_c.cpython-310-x86_64-linux-gnu.so
[0.344s] -- Up-to-date: /dev_ws/install/local/lib/python3.10/dist-packages/ur_commander/ur_commander_s__rosidl_typesupport_introspection_c.cpython-310-x86_64-linux-gnu.so
[0.344s] -- Up-to-date: /dev_ws/install/local/lib/python3.10/dist-packages/ur_commander/ur_commander_s__rosidl_typesupport_c.cpython-310-x86_64-linux-gnu.so
[0.345s] -- Up-to-date: /dev_ws/install/lib/libur_commander__rosidl_generator_py.so
[0.345s] -- Up-to-date: /dev_ws/install/share/ur_commander/srv/VisualizePoses.idl
[0.347s] -- Up-to-date: /dev_ws/install/share/ur_commander/srv/VisualizePoses.srv
[0.348s] -- Up-to-date: /dev_ws/install/share/ur_commander/srv/VisualizePoses_Request.msg
[0.348s] -- Up-to-date: /dev_ws/install/share/ur_commander/srv/VisualizePoses_Response.msg
[0.348s] -- Up-to-date: /dev_ws/install/share/ur_commander//launch
[0.348s] -- Up-to-date: /dev_ws/install/share/ur_commander//launch/iaac_ur10e.launch.py
[0.348s] -- Up-to-date: /dev_ws/install/share/ur_commander//config
[0.348s] -- Up-to-date: /dev_ws/install/share/ur_commander//config/rivz2_config.rviz
[0.348s] -- Up-to-date: /dev_ws/install/lib/ur_commander/visualize_pose_srv.py
[0.348s] -- Up-to-date: /dev_ws/install/share/ament_index/resource_index/package_run_dependencies/ur_commander
[0.348s] -- Up-to-date: /dev_ws/install/share/ament_index/resource_index/parent_prefix_path/ur_commander
[0.348s] -- Up-to-date: /dev_ws/install/share/ur_commander/environment/ament_prefix_path.sh
[0.348s] -- Up-to-date: /dev_ws/install/share/ur_commander/environment/ament_prefix_path.dsv
[0.348s] -- Up-to-date: /dev_ws/install/share/ur_commander/environment/path.sh
[0.348s] -- Up-to-date: /dev_ws/install/share/ur_commander/environment/path.dsv
[0.349s] -- Up-to-date: /dev_ws/install/share/ur_commander/local_setup.bash
[0.349s] -- Up-to-date: /dev_ws/install/share/ur_commander/local_setup.sh
[0.349s] -- Up-to-date: /dev_ws/install/share/ur_commander/local_setup.zsh
[0.349s] -- Up-to-date: /dev_ws/install/share/ur_commander/local_setup.dsv
[0.349s] -- Installing: /dev_ws/install/share/ur_commander/package.dsv
[0.349s] -- Up-to-date: /dev_ws/install/share/ament_index/resource_index/packages/ur_commander
[0.351s] -- Up-to-date: /dev_ws/install/share/ur_commander/cmake/export_ur_commander__rosidl_generator_cExport.cmake
[0.351s] -- Up-to-date: /dev_ws/install/share/ur_commander/cmake/export_ur_commander__rosidl_generator_cExport-noconfig.cmake
[0.351s] -- Up-to-date: /dev_ws/install/share/ur_commander/cmake/export_ur_commander__rosidl_typesupport_fastrtps_cExport.cmake
[0.351s] -- Up-to-date: /dev_ws/install/share/ur_commander/cmake/export_ur_commander__rosidl_typesupport_fastrtps_cExport-noconfig.cmake
[0.351s] -- Up-to-date: /dev_ws/install/share/ur_commander/cmake/ur_commander__rosidl_typesupport_introspection_cExport.cmake
[0.353s] -- Up-to-date: /dev_ws/install/share/ur_commander/cmake/ur_commander__rosidl_typesupport_introspection_cExport-noconfig.cmake
[0.353s] -- Up-to-date: /dev_ws/install/share/ur_commander/cmake/ur_commander__rosidl_typesupport_cExport.cmake
[0.353s] -- Up-to-date: /dev_ws/install/share/ur_commander/cmake/ur_commander__rosidl_typesupport_cExport-noconfig.cmake
[0.353s] -- Up-to-date: /dev_ws/install/share/ur_commander/cmake/export_ur_commander__rosidl_generator_cppExport.cmake
[0.353s] -- Up-to-date: /dev_ws/install/share/ur_commander/cmake/export_ur_commander__rosidl_typesupport_fastrtps_cppExport.cmake
[0.353s] -- Up-to-date: /dev_ws/install/share/ur_commander/cmake/export_ur_commander__rosidl_typesupport_fastrtps_cppExport-noconfig.cmake
[0.353s] -- Up-to-date: /dev_ws/install/share/ur_commander/cmake/ur_commander__rosidl_typesupport_introspection_cppExport.cmake
[0.353s] -- Up-to-date: /dev_ws/install/share/ur_commander/cmake/ur_commander__rosidl_typesupport_introspection_cppExport-noconfig.cmake
[0.353s] -- Up-to-date: /dev_ws/install/share/ur_commander/cmake/ur_commander__rosidl_typesupport_cppExport.cmake
[0.353s] -- Up-to-date: /dev_ws/install/share/ur_commander/cmake/ur_commander__rosidl_typesupport_cppExport-noconfig.cmake
[0.355s] -- Up-to-date: /dev_ws/install/share/ur_commander/cmake/export_ur_commander__rosidl_generator_pyExport.cmake
[0.355s] -- Up-to-date: /dev_ws/install/share/ur_commander/cmake/export_ur_commander__rosidl_generator_pyExport-noconfig.cmake
[0.355s] -- Up-to-date: /dev_ws/install/share/ur_commander/cmake/rosidl_cmake-extras.cmake
[0.355s] -- Up-to-date: /dev_ws/install/share/ur_commander/cmake/ament_cmake_export_dependencies-extras.cmake
[0.355s] -- Up-to-date: /dev_ws/install/share/ur_commander/cmake/ament_cmake_export_include_directories-extras.cmake
[0.355s] -- Up-to-date: /dev_ws/install/share/ur_commander/cmake/ament_cmake_export_libraries-extras.cmake
[0.355s] -- Up-to-date: /dev_ws/install/share/ur_commander/cmake/ament_cmake_export_targets-extras.cmake
[0.355s] -- Up-to-date: /dev_ws/install/share/ur_commander/cmake/rosidl_cmake_export_typesupport_targets-extras.cmake
[0.355s] -- Up-to-date: /dev_ws/install/share/ur_commander/cmake/rosidl_cmake_export_typesupport_libraries-extras.cmake
[0.355s] -- Up-to-date: /dev_ws/install/share/ur_commander/cmake/ur_commanderConfig.cmake
[0.355s] -- Up-to-date: /dev_ws/install/share/ur_commander/cmake/ur_commanderConfig-version.cmake
[0.355s] -- Up-to-date: /dev_ws/install/share/ur_commander/package.xml
[0.364s] Invoked command in '/dev_ws/build/ur_commander' returned '0': CMAKE_PREFIX_PATH=${CMAKE_PREFIX_PATH}:/opt/ros/humble /usr/bin/cmake --install /dev_ws/build/ur_commander
