[0.016s] Invoking command in '/dev_ws/build/ur_dashboard_msgs': CMAKE_PREFIX_PATH=${CMAKE_PREFIX_PATH}:/opt/ros/humble /usr/bin/cmake /dev_ws/src/moveit2-introduction/Universal_Robots_ROS2_Driver/ur_dashboard_msgs -DCMAKE_INSTALL_PREFIX=/dev_ws/install
[0.065s] -- The C compiler identification is GNU 11.4.0
[0.128s] -- The CXX compiler identification is GNU 11.4.0
[0.133s] -- Detecting C compiler ABI info
[0.184s] -- Detecting C compiler ABI info - done
[0.193s] -- Check for working C compiler: /usr/bin/cc - skipped
[0.194s] -- Detecting C compile features
[0.194s] -- Detecting C compile features - done
[0.197s] -- Detecting CXX compiler ABI info
[0.269s] -- Detecting CXX compiler ABI info - done
[0.278s] -- Check for working CXX compiler: /usr/bin/c++ - skipped
[0.278s] -- Detecting CXX compile features
[0.279s] -- Detecting CXX compile features - done
[0.282s] -- Found ament_cmake: 1.3.11 (/opt/ros/humble/share/ament_cmake/cmake)
[0.434s] -- Found Python3: /usr/bin/python3 (found version "3.10.12") found components: Interpreter 
[0.512s] -- Found rosidl_default_generators: 1.2.0 (/opt/ros/humble/share/rosidl_default_generators/cmake)
[0.515s] -- Using all available rosidl_typesupport_c: rosidl_typesupport_fastrtps_c;rosidl_typesupport_introspection_c
[0.521s] -- Found rosidl_adapter: 3.1.6 (/opt/ros/humble/share/rosidl_adapter/cmake)
[0.553s] -- Using all available rosidl_typesupport_cpp: rosidl_typesupport_fastrtps_cpp;rosidl_typesupport_introspection_cpp
[0.581s] -- Found action_msgs: 1.2.1 (/opt/ros/humble/share/action_msgs/cmake)
[0.881s] -- Found ament_cmake_ros: 0.10.0 (/opt/ros/humble/share/ament_cmake_ros/cmake)
[1.092s] -- Using all available rosidl_typesupport_c: rosidl_typesupport_fastrtps_c;rosidl_typesupport_introspection_c
[1.320s] -- Using all available rosidl_typesupport_cpp: rosidl_typesupport_fastrtps_cpp;rosidl_typesupport_introspection_cpp
[1.339s] -- Found PythonInterp: /usr/bin/python3 (found suitable version "3.10.12", minimum required is "3.6") 
[1.340s] -- Found python_cmake_module: 0.10.0 (/opt/ros/humble/share/python_cmake_module/cmake)
[1.363s] -- Found PythonLibs: /usr/lib/x86_64-linux-gnu/libpython3.10.so (found suitable version "3.10.12", minimum required is "3.5") 
[1.363s] -- Using PYTHON_EXECUTABLE: /usr/bin/python3
[1.363s] -- Using PYTHON_INCLUDE_DIRS: /usr/include/python3.10
[1.364s] -- Using PYTHON_LIBRARIES: /usr/lib/x86_64-linux-gnu/libpython3.10.so
[1.382s] -- Found PythonExtra: .so  
[1.421s] -- Configuring done
[1.463s] -- Generating done
[1.474s] -- Build files have been written to: /dev_ws/build/ur_dashboard_msgs
[1.478s] Invoked command in '/dev_ws/build/ur_dashboard_msgs' returned '0': CMAKE_PREFIX_PATH=${CMAKE_PREFIX_PATH}:/opt/ros/humble /usr/bin/cmake /dev_ws/src/moveit2-introduction/Universal_Robots_ROS2_Driver/ur_dashboard_msgs -DCMAKE_INSTALL_PREFIX=/dev_ws/install
[1.480s] Invoking command in '/dev_ws/build/ur_dashboard_msgs': CMAKE_PREFIX_PATH=${CMAKE_PREFIX_PATH}:/opt/ros/humble /usr/bin/cmake --build /dev_ws/build/ur_dashboard_msgs -- -j20 -l20
[1.519s] [  1%] [34m[1mGenerating C code for ROS interfaces[0m
[1.531s] [  1%] [34m[1mGenerating C++ code for ROS interfaces[0m
[1.537s] [  1%] Built target ament_cmake_python_copy_ur_dashboard_msgs
[1.720s] running egg_info
[1.720s] creating ur_dashboard_msgs.egg-info
[1.721s] writing ur_dashboard_msgs.egg-info/PKG-INFO
[1.721s] writing dependency_links to ur_dashboard_msgs.egg-info/dependency_links.txt
[1.721s] writing top-level names to ur_dashboard_msgs.egg-info/top_level.txt
[1.721s] writing manifest file 'ur_dashboard_msgs.egg-info/SOURCES.txt'
[1.723s] reading manifest file 'ur_dashboard_msgs.egg-info/SOURCES.txt'
[1.723s] writing manifest file 'ur_dashboard_msgs.egg-info/SOURCES.txt'
[1.746s] [  1%] Built target ament_cmake_python_build_ur_dashboard_msgs_egg
[2.506s] [  1%] [32mBuilding C object CMakeFiles/ur_dashboard_msgs__rosidl_generator_c.dir/rosidl_generator_c/ur_dashboard_msgs/msg/detail/program_state__functions.c.o[0m
[2.507s] [  3%] [32mBuilding C object CMakeFiles/ur_dashboard_msgs__rosidl_generator_c.dir/rosidl_generator_c/ur_dashboard_msgs/msg/detail/safety_mode__functions.c.o[0m
[2.507s] [  4%] [32mBuilding C object CMakeFiles/ur_dashboard_msgs__rosidl_generator_c.dir/rosidl_generator_c/ur_dashboard_msgs/srv/detail/add_to_log__functions.c.o[0m
[2.508s] [  4%] [32mBuilding C object CMakeFiles/ur_dashboard_msgs__rosidl_generator_c.dir/rosidl_generator_c/ur_dashboard_msgs/msg/detail/robot_mode__functions.c.o[0m
[2.508s] [  4%] [32mBuilding C object CMakeFiles/ur_dashboard_msgs__rosidl_generator_c.dir/rosidl_generator_c/ur_dashboard_msgs/srv/detail/get_loaded_program__functions.c.o[0m
[2.511s] [  5%] [32mBuilding C object CMakeFiles/ur_dashboard_msgs__rosidl_generator_c.dir/rosidl_generator_c/ur_dashboard_msgs/srv/detail/get_program_state__functions.c.o[0m
[2.514s] [  6%] [32mBuilding C object CMakeFiles/ur_dashboard_msgs__rosidl_generator_c.dir/rosidl_generator_c/ur_dashboard_msgs/srv/detail/get_robot_mode__functions.c.o[0m
[2.518s] [  7%] [32mBuilding C object CMakeFiles/ur_dashboard_msgs__rosidl_generator_c.dir/rosidl_generator_c/ur_dashboard_msgs/srv/detail/get_safety_mode__functions.c.o[0m
[2.519s] [  7%] [32mBuilding C object CMakeFiles/ur_dashboard_msgs__rosidl_generator_c.dir/rosidl_generator_c/ur_dashboard_msgs/srv/detail/is_program_running__functions.c.o[0m
[2.527s] [  8%] [32mBuilding C object CMakeFiles/ur_dashboard_msgs__rosidl_generator_c.dir/rosidl_generator_c/ur_dashboard_msgs/srv/detail/is_program_saved__functions.c.o[0m
[2.528s] [  9%] [32mBuilding C object CMakeFiles/ur_dashboard_msgs__rosidl_generator_c.dir/rosidl_generator_c/ur_dashboard_msgs/srv/detail/load__functions.c.o[0m
[2.529s] [ 10%] [32mBuilding C object CMakeFiles/ur_dashboard_msgs__rosidl_generator_c.dir/rosidl_generator_c/ur_dashboard_msgs/srv/detail/popup__functions.c.o[0m
[2.533s] [ 10%] [32mBuilding C object CMakeFiles/ur_dashboard_msgs__rosidl_generator_c.dir/rosidl_generator_c/ur_dashboard_msgs/srv/detail/raw_request__functions.c.o[0m
[2.536s] [ 11%] [32mBuilding C object CMakeFiles/ur_dashboard_msgs__rosidl_generator_c.dir/rosidl_generator_c/ur_dashboard_msgs/action/detail/set_mode__functions.c.o[0m
[2.544s] [ 11%] Built target ur_dashboard_msgs__cpp
[2.558s] [ 12%] [34m[1mGenerating C++ type support dispatch for ROS interfaces[0m
[2.559s] [ 13%] [34m[1mGenerating C++ type support for eProsima Fast-RTPS[0m
[2.560s] [ 13%] [34m[1mGenerating C++ introspection for ROS interfaces[0m
[2.679s] [ 14%] [32m[1mLinking C shared library libur_dashboard_msgs__rosidl_generator_c.so[0m
[2.723s] [ 14%] Built target ur_dashboard_msgs__rosidl_generator_c
[2.734s] [ 15%] [34m[1mGenerating C introspection for ROS interfaces[0m
[2.736s] [ 16%] [34m[1mGenerating C type support for eProsima Fast-RTPS[0m
[2.738s] [ 17%] [34m[1mGenerating C type support dispatch for ROS interfaces[0m
[3.270s] [ 19%] [32mBuilding CXX object CMakeFiles/ur_dashboard_msgs__rosidl_typesupport_cpp.dir/rosidl_typesupport_cpp/ur_dashboard_msgs/srv/get_robot_mode__type_support.cpp.o[0m
[3.271s] [ 19%] [32mBuilding CXX object CMakeFiles/ur_dashboard_msgs__rosidl_typesupport_cpp.dir/rosidl_typesupport_cpp/ur_dashboard_msgs/msg/program_state__type_support.cpp.o[0m
[3.271s] [ 21%] [32mBuilding CXX object CMakeFiles/ur_dashboard_msgs__rosidl_typesupport_cpp.dir/rosidl_typesupport_cpp/ur_dashboard_msgs/srv/load__type_support.cpp.o[0m
[3.271s] [ 21%] [32mBuilding CXX object CMakeFiles/ur_dashboard_msgs__rosidl_typesupport_cpp.dir/rosidl_typesupport_cpp/ur_dashboard_msgs/msg/robot_mode__type_support.cpp.o[0m
[3.271s] [ 21%] [32mBuilding CXX object CMakeFiles/ur_dashboard_msgs__rosidl_typesupport_cpp.dir/rosidl_typesupport_cpp/ur_dashboard_msgs/msg/safety_mode__type_support.cpp.o[0m
[3.271s] [ 23%] [32mBuilding CXX object CMakeFiles/ur_dashboard_msgs__rosidl_typesupport_cpp.dir/rosidl_typesupport_cpp/ur_dashboard_msgs/srv/is_program_running__type_support.cpp.o[0m
[3.271s] [ 23%] [32mBuilding CXX object CMakeFiles/ur_dashboard_msgs__rosidl_typesupport_cpp.dir/rosidl_typesupport_cpp/ur_dashboard_msgs/srv/get_loaded_program__type_support.cpp.o[0m
[3.272s] [ 24%] [32mBuilding CXX object CMakeFiles/ur_dashboard_msgs__rosidl_typesupport_cpp.dir/rosidl_typesupport_cpp/ur_dashboard_msgs/srv/add_to_log__type_support.cpp.o[0m
[3.272s] [ 25%] [32mBuilding CXX object CMakeFiles/ur_dashboard_msgs__rosidl_typesupport_cpp.dir/rosidl_typesupport_cpp/ur_dashboard_msgs/srv/get_program_state__type_support.cpp.o[0m
[3.272s] [ 25%] [32mBuilding CXX object CMakeFiles/ur_dashboard_msgs__rosidl_typesupport_cpp.dir/rosidl_typesupport_cpp/ur_dashboard_msgs/srv/get_safety_mode__type_support.cpp.o[0m
[3.272s] [ 26%] [32mBuilding CXX object CMakeFiles/ur_dashboard_msgs__rosidl_typesupport_cpp.dir/rosidl_typesupport_cpp/ur_dashboard_msgs/srv/popup__type_support.cpp.o[0m
[3.272s] [ 27%] [32mBuilding CXX object CMakeFiles/ur_dashboard_msgs__rosidl_typesupport_cpp.dir/rosidl_typesupport_cpp/ur_dashboard_msgs/srv/raw_request__type_support.cpp.o[0m
[3.272s] [ 27%] [32mBuilding CXX object CMakeFiles/ur_dashboard_msgs__rosidl_typesupport_cpp.dir/rosidl_typesupport_cpp/ur_dashboard_msgs/action/set_mode__type_support.cpp.o[0m
[3.272s] [ 27%] [32mBuilding CXX object CMakeFiles/ur_dashboard_msgs__rosidl_typesupport_cpp.dir/rosidl_typesupport_cpp/ur_dashboard_msgs/srv/is_program_saved__type_support.cpp.o[0m
[3.665s] [ 27%] [32mBuilding CXX object CMakeFiles/ur_dashboard_msgs__rosidl_typesupport_c.dir/rosidl_typesupport_c/ur_dashboard_msgs/msg/program_state__type_support.cpp.o[0m
[3.683s] [ 28%] [32mBuilding CXX object CMakeFiles/ur_dashboard_msgs__rosidl_typesupport_c.dir/rosidl_typesupport_c/ur_dashboard_msgs/msg/robot_mode__type_support.cpp.o[0m
[3.695s] [ 29%] [32mBuilding CXX object CMakeFiles/ur_dashboard_msgs__rosidl_typesupport_c.dir/rosidl_typesupport_c/ur_dashboard_msgs/srv/add_to_log__type_support.cpp.o[0m
[3.695s] [ 30%] [32mBuilding CXX object CMakeFiles/ur_dashboard_msgs__rosidl_typesupport_c.dir/rosidl_typesupport_c/ur_dashboard_msgs/msg/safety_mode__type_support.cpp.o[0m
[3.695s] [ 31%] [32mBuilding CXX object CMakeFiles/ur_dashboard_msgs__rosidl_typesupport_c.dir/rosidl_typesupport_c/ur_dashboard_msgs/srv/get_program_state__type_support.cpp.o[0m
[3.697s] [ 31%] [32mBuilding CXX object CMakeFiles/ur_dashboard_msgs__rosidl_typesupport_c.dir/rosidl_typesupport_c/ur_dashboard_msgs/srv/get_loaded_program__type_support.cpp.o[0m
[3.697s] [ 31%] [32mBuilding CXX object CMakeFiles/ur_dashboard_msgs__rosidl_typesupport_c.dir/rosidl_typesupport_c/ur_dashboard_msgs/srv/is_program_running__type_support.cpp.o[0m
[3.699s] [ 32%] [32mBuilding CXX object CMakeFiles/ur_dashboard_msgs__rosidl_typesupport_c.dir/rosidl_typesupport_c/ur_dashboard_msgs/srv/get_robot_mode__type_support.cpp.o[0m
[3.699s] [ 33%] [32mBuilding CXX object CMakeFiles/ur_dashboard_msgs__rosidl_typesupport_c.dir/rosidl_typesupport_c/ur_dashboard_msgs/srv/get_safety_mode__type_support.cpp.o[0m
[3.711s] [ 34%] [32mBuilding CXX object CMakeFiles/ur_dashboard_msgs__rosidl_typesupport_c.dir/rosidl_typesupport_c/ur_dashboard_msgs/srv/is_program_saved__type_support.cpp.o[0m
[3.723s] [ 35%] [32mBuilding CXX object CMakeFiles/ur_dashboard_msgs__rosidl_typesupport_introspection_cpp.dir/rosidl_typesupport_introspection_cpp/ur_dashboard_msgs/msg/detail/program_state__type_support.cpp.o[0m
[3.731s] [ 36%] [32mBuilding CXX object CMakeFiles/ur_dashboard_msgs__rosidl_typesupport_c.dir/rosidl_typesupport_c/ur_dashboard_msgs/srv/load__type_support.cpp.o[0m
[3.738s] [ 37%] [32mBuilding CXX object CMakeFiles/ur_dashboard_msgs__rosidl_typesupport_c.dir/rosidl_typesupport_c/ur_dashboard_msgs/srv/popup__type_support.cpp.o[0m
[3.741s] [ 38%] [32mBuilding CXX object CMakeFiles/ur_dashboard_msgs__rosidl_typesupport_introspection_cpp.dir/rosidl_typesupport_introspection_cpp/ur_dashboard_msgs/msg/detail/robot_mode__type_support.cpp.o[0m
[3.745s] [ 39%] [32mBuilding CXX object CMakeFiles/ur_dashboard_msgs__rosidl_typesupport_introspection_cpp.dir/rosidl_typesupport_introspection_cpp/ur_dashboard_msgs/msg/detail/safety_mode__type_support.cpp.o[0m
[3.749s] [ 39%] [32mBuilding CXX object CMakeFiles/ur_dashboard_msgs__rosidl_typesupport_introspection_cpp.dir/rosidl_typesupport_introspection_cpp/ur_dashboard_msgs/srv/detail/add_to_log__type_support.cpp.o[0m
[3.758s] [ 39%] [32mBuilding CXX object CMakeFiles/ur_dashboard_msgs__rosidl_typesupport_c.dir/rosidl_typesupport_c/ur_dashboard_msgs/srv/raw_request__type_support.cpp.o[0m
[3.768s] [ 40%] [32mBuilding CXX object CMakeFiles/ur_dashboard_msgs__rosidl_typesupport_c.dir/rosidl_typesupport_c/ur_dashboard_msgs/action/set_mode__type_support.cpp.o[0m
[3.774s] [ 41%] [32mBuilding CXX object CMakeFiles/ur_dashboard_msgs__rosidl_typesupport_introspection_cpp.dir/rosidl_typesupport_introspection_cpp/ur_dashboard_msgs/srv/detail/get_loaded_program__type_support.cpp.o[0m
[3.775s] [ 42%] [32mBuilding CXX object CMakeFiles/ur_dashboard_msgs__rosidl_typesupport_introspection_cpp.dir/rosidl_typesupport_introspection_cpp/ur_dashboard_msgs/srv/detail/get_program_state__type_support.cpp.o[0m
[3.775s] [ 43%] [32mBuilding CXX object CMakeFiles/ur_dashboard_msgs__rosidl_typesupport_introspection_cpp.dir/rosidl_typesupport_introspection_cpp/ur_dashboard_msgs/srv/detail/get_robot_mode__type_support.cpp.o[0m
[3.782s] [ 43%] [32mBuilding CXX object CMakeFiles/ur_dashboard_msgs__rosidl_typesupport_introspection_cpp.dir/rosidl_typesupport_introspection_cpp/ur_dashboard_msgs/srv/detail/get_safety_mode__type_support.cpp.o[0m
[3.811s] [ 44%] [32mBuilding CXX object CMakeFiles/ur_dashboard_msgs__rosidl_typesupport_introspection_cpp.dir/rosidl_typesupport_introspection_cpp/ur_dashboard_msgs/srv/detail/is_program_running__type_support.cpp.o[0m
[3.825s] [ 45%] [32mBuilding CXX object CMakeFiles/ur_dashboard_msgs__rosidl_typesupport_introspection_cpp.dir/rosidl_typesupport_introspection_cpp/ur_dashboard_msgs/srv/detail/is_program_saved__type_support.cpp.o[0m
[3.838s] [ 46%] [32m[1mLinking CXX shared library libur_dashboard_msgs__rosidl_typesupport_c.so[0m
[3.901s] [ 46%] Built target ur_dashboard_msgs__rosidl_typesupport_c
[3.915s] [ 47%] [32mBuilding CXX object CMakeFiles/ur_dashboard_msgs__rosidl_typesupport_introspection_cpp.dir/rosidl_typesupport_introspection_cpp/ur_dashboard_msgs/srv/detail/load__type_support.cpp.o[0m
[4.025s] [ 47%] [32mBuilding CXX object CMakeFiles/ur_dashboard_msgs__rosidl_typesupport_introspection_cpp.dir/rosidl_typesupport_introspection_cpp/ur_dashboard_msgs/srv/detail/popup__type_support.cpp.o[0m
[4.038s] [ 48%] [32mBuilding CXX object CMakeFiles/ur_dashboard_msgs__rosidl_typesupport_introspection_cpp.dir/rosidl_typesupport_introspection_cpp/ur_dashboard_msgs/srv/detail/raw_request__type_support.cpp.o[0m
[4.058s] [ 49%] [32mBuilding CXX object CMakeFiles/ur_dashboard_msgs__rosidl_typesupport_introspection_cpp.dir/rosidl_typesupport_introspection_cpp/ur_dashboard_msgs/action/detail/set_mode__type_support.cpp.o[0m
[4.104s] [ 50%] [32m[1mLinking CXX shared library libur_dashboard_msgs__rosidl_typesupport_cpp.so[0m
[4.191s] [ 50%] Built target ur_dashboard_msgs__rosidl_typesupport_cpp
[4.194s] [ 52%] [32mBuilding CXX object CMakeFiles/ur_dashboard_msgs__rosidl_typesupport_fastrtps_cpp.dir/rosidl_typesupport_fastrtps_cpp/ur_dashboard_msgs/msg/detail/dds_fastrtps/robot_mode__type_support.cpp.o[0m
[4.196s] [ 52%] [32mBuilding CXX object CMakeFiles/ur_dashboard_msgs__rosidl_typesupport_fastrtps_cpp.dir/rosidl_typesupport_fastrtps_cpp/ur_dashboard_msgs/msg/detail/dds_fastrtps/program_state__type_support.cpp.o[0m
[4.199s] [ 52%] [32mBuilding CXX object CMakeFiles/ur_dashboard_msgs__rosidl_typesupport_fastrtps_cpp.dir/rosidl_typesupport_fastrtps_cpp/ur_dashboard_msgs/msg/detail/dds_fastrtps/safety_mode__type_support.cpp.o[0m
[4.209s] [ 53%] [32mBuilding CXX object CMakeFiles/ur_dashboard_msgs__rosidl_typesupport_fastrtps_cpp.dir/rosidl_typesupport_fastrtps_cpp/ur_dashboard_msgs/srv/detail/dds_fastrtps/add_to_log__type_support.cpp.o[0m
[4.294s] [ 54%] [32mBuilding CXX object CMakeFiles/ur_dashboard_msgs__rosidl_typesupport_fastrtps_cpp.dir/rosidl_typesupport_fastrtps_cpp/ur_dashboard_msgs/srv/detail/dds_fastrtps/get_loaded_program__type_support.cpp.o[0m
[4.311s] [ 55%] [32mBuilding CXX object CMakeFiles/ur_dashboard_msgs__rosidl_typesupport_fastrtps_cpp.dir/rosidl_typesupport_fastrtps_cpp/ur_dashboard_msgs/srv/detail/dds_fastrtps/get_program_state__type_support.cpp.o[0m
[4.361s] [ 55%] [32mBuilding CXX object CMakeFiles/ur_dashboard_msgs__rosidl_typesupport_fastrtps_cpp.dir/rosidl_typesupport_fastrtps_cpp/ur_dashboard_msgs/srv/detail/dds_fastrtps/get_robot_mode__type_support.cpp.o[0m
[4.371s] [ 56%] [32mBuilding CXX object CMakeFiles/ur_dashboard_msgs__rosidl_typesupport_fastrtps_cpp.dir/rosidl_typesupport_fastrtps_cpp/ur_dashboard_msgs/srv/detail/dds_fastrtps/get_safety_mode__type_support.cpp.o[0m
[4.389s] [ 57%] [32mBuilding CXX object CMakeFiles/ur_dashboard_msgs__rosidl_typesupport_fastrtps_cpp.dir/rosidl_typesupport_fastrtps_cpp/ur_dashboard_msgs/srv/detail/dds_fastrtps/is_program_running__type_support.cpp.o[0m
[4.438s] [ 58%] [32mBuilding CXX object CMakeFiles/ur_dashboard_msgs__rosidl_typesupport_fastrtps_cpp.dir/rosidl_typesupport_fastrtps_cpp/ur_dashboard_msgs/srv/detail/dds_fastrtps/is_program_saved__type_support.cpp.o[0m
[4.512s] [ 58%] [32mBuilding CXX object CMakeFiles/ur_dashboard_msgs__rosidl_typesupport_fastrtps_cpp.dir/rosidl_typesupport_fastrtps_cpp/ur_dashboard_msgs/srv/detail/dds_fastrtps/load__type_support.cpp.o[0m
[4.578s] [ 59%] [32mBuilding CXX object CMakeFiles/ur_dashboard_msgs__rosidl_typesupport_fastrtps_c.dir/rosidl_typesupport_fastrtps_c/ur_dashboard_msgs/msg/detail/program_state__type_support_c.cpp.o[0m
[4.674s] [ 59%] [32mBuilding CXX object CMakeFiles/ur_dashboard_msgs__rosidl_typesupport_fastrtps_c.dir/rosidl_typesupport_fastrtps_c/ur_dashboard_msgs/msg/detail/robot_mode__type_support_c.cpp.o[0m
[4.812s] [ 60%] [32mBuilding CXX object CMakeFiles/ur_dashboard_msgs__rosidl_typesupport_fastrtps_c.dir/rosidl_typesupport_fastrtps_c/ur_dashboard_msgs/msg/detail/safety_mode__type_support_c.cpp.o[0m
[4.837s] [ 61%] [32mBuilding CXX object CMakeFiles/ur_dashboard_msgs__rosidl_typesupport_fastrtps_c.dir/rosidl_typesupport_fastrtps_c/ur_dashboard_msgs/srv/detail/add_to_log__type_support_c.cpp.o[0m
[4.894s] [ 62%] [32mBuilding CXX object CMakeFiles/ur_dashboard_msgs__rosidl_typesupport_fastrtps_cpp.dir/rosidl_typesupport_fastrtps_cpp/ur_dashboard_msgs/srv/detail/dds_fastrtps/popup__type_support.cpp.o[0m
[4.910s] [ 63%] [32mBuilding CXX object CMakeFiles/ur_dashboard_msgs__rosidl_typesupport_fastrtps_cpp.dir/rosidl_typesupport_fastrtps_cpp/ur_dashboard_msgs/srv/detail/dds_fastrtps/raw_request__type_support.cpp.o[0m
[4.911s] [ 64%] [32mBuilding CXX object CMakeFiles/ur_dashboard_msgs__rosidl_typesupport_fastrtps_c.dir/rosidl_typesupport_fastrtps_c/ur_dashboard_msgs/srv/detail/get_loaded_program__type_support_c.cpp.o[0m
[4.945s] [ 65%] [32mBuilding CXX object CMakeFiles/ur_dashboard_msgs__rosidl_typesupport_fastrtps_cpp.dir/rosidl_typesupport_fastrtps_cpp/ur_dashboard_msgs/action/detail/dds_fastrtps/set_mode__type_support.cpp.o[0m
[4.950s] [ 65%] [32mBuilding CXX object CMakeFiles/ur_dashboard_msgs__rosidl_typesupport_fastrtps_c.dir/rosidl_typesupport_fastrtps_c/ur_dashboard_msgs/srv/detail/get_program_state__type_support_c.cpp.o[0m
[4.983s] [ 66%] [32mBuilding CXX object CMakeFiles/ur_dashboard_msgs__rosidl_typesupport_fastrtps_c.dir/rosidl_typesupport_fastrtps_c/ur_dashboard_msgs/srv/detail/get_robot_mode__type_support_c.cpp.o[0m
[5.037s] [ 67%] [32mBuilding CXX object CMakeFiles/ur_dashboard_msgs__rosidl_typesupport_fastrtps_c.dir/rosidl_typesupport_fastrtps_c/ur_dashboard_msgs/srv/detail/is_program_running__type_support_c.cpp.o[0m
[5.052s] [ 68%] [32mBuilding CXX object CMakeFiles/ur_dashboard_msgs__rosidl_typesupport_fastrtps_c.dir/rosidl_typesupport_fastrtps_c/ur_dashboard_msgs/srv/detail/get_safety_mode__type_support_c.cpp.o[0m
[5.086s] [ 68%] [32mBuilding CXX object CMakeFiles/ur_dashboard_msgs__rosidl_typesupport_fastrtps_c.dir/rosidl_typesupport_fastrtps_c/ur_dashboard_msgs/srv/detail/is_program_saved__type_support_c.cpp.o[0m
[5.126s] [ 69%] [32mBuilding CXX object CMakeFiles/ur_dashboard_msgs__rosidl_typesupport_fastrtps_c.dir/rosidl_typesupport_fastrtps_c/ur_dashboard_msgs/srv/detail/load__type_support_c.cpp.o[0m
[5.132s] [ 70%] [32mBuilding CXX object CMakeFiles/ur_dashboard_msgs__rosidl_typesupport_fastrtps_c.dir/rosidl_typesupport_fastrtps_c/ur_dashboard_msgs/srv/detail/popup__type_support_c.cpp.o[0m
[5.170s] [ 71%] [32mBuilding CXX object CMakeFiles/ur_dashboard_msgs__rosidl_typesupport_fastrtps_c.dir/rosidl_typesupport_fastrtps_c/ur_dashboard_msgs/srv/detail/raw_request__type_support_c.cpp.o[0m
[5.180s] [ 71%] [32mBuilding CXX object CMakeFiles/ur_dashboard_msgs__rosidl_typesupport_fastrtps_c.dir/rosidl_typesupport_fastrtps_c/ur_dashboard_msgs/action/detail/set_mode__type_support_c.cpp.o[0m
[5.190s] [ 72%] [32mBuilding C object CMakeFiles/ur_dashboard_msgs__rosidl_typesupport_introspection_c.dir/rosidl_typesupport_introspection_c/ur_dashboard_msgs/msg/detail/program_state__type_support.c.o[0m
[5.275s] [ 73%] [32mBuilding C object CMakeFiles/ur_dashboard_msgs__rosidl_typesupport_introspection_c.dir/rosidl_typesupport_introspection_c/ur_dashboard_msgs/msg/detail/robot_mode__type_support.c.o[0m
[5.340s] [ 73%] [32mBuilding C object CMakeFiles/ur_dashboard_msgs__rosidl_typesupport_introspection_c.dir/rosidl_typesupport_introspection_c/ur_dashboard_msgs/msg/detail/safety_mode__type_support.c.o[0m
[5.382s] [ 74%] [32mBuilding C object CMakeFiles/ur_dashboard_msgs__rosidl_typesupport_introspection_c.dir/rosidl_typesupport_introspection_c/ur_dashboard_msgs/srv/detail/add_to_log__type_support.c.o[0m
[5.395s] [ 75%] [32mBuilding C object CMakeFiles/ur_dashboard_msgs__rosidl_typesupport_introspection_c.dir/rosidl_typesupport_introspection_c/ur_dashboard_msgs/srv/detail/get_loaded_program__type_support.c.o[0m
[5.454s] [ 76%] [32m[1mLinking CXX shared library libur_dashboard_msgs__rosidl_typesupport_introspection_cpp.so[0m
[5.461s] [ 77%] [32mBuilding C object CMakeFiles/ur_dashboard_msgs__rosidl_typesupport_introspection_c.dir/rosidl_typesupport_introspection_c/ur_dashboard_msgs/srv/detail/get_program_state__type_support.c.o[0m
[5.462s] [ 77%] [32mBuilding C object CMakeFiles/ur_dashboard_msgs__rosidl_typesupport_introspection_c.dir/rosidl_typesupport_introspection_c/ur_dashboard_msgs/srv/detail/get_robot_mode__type_support.c.o[0m
[5.478s] [ 78%] [32mBuilding C object CMakeFiles/ur_dashboard_msgs__rosidl_typesupport_introspection_c.dir/rosidl_typesupport_introspection_c/ur_dashboard_msgs/srv/detail/get_safety_mode__type_support.c.o[0m
[5.492s] [ 79%] [32mBuilding C object CMakeFiles/ur_dashboard_msgs__rosidl_typesupport_introspection_c.dir/rosidl_typesupport_introspection_c/ur_dashboard_msgs/srv/detail/is_program_running__type_support.c.o[0m
[5.504s] [ 79%] [32mBuilding C object CMakeFiles/ur_dashboard_msgs__rosidl_typesupport_introspection_c.dir/rosidl_typesupport_introspection_c/ur_dashboard_msgs/srv/detail/is_program_saved__type_support.c.o[0m
[5.541s] [ 80%] [32mBuilding C object CMakeFiles/ur_dashboard_msgs__rosidl_typesupport_introspection_c.dir/rosidl_typesupport_introspection_c/ur_dashboard_msgs/srv/detail/load__type_support.c.o[0m
[5.548s] [ 81%] [32mBuilding C object CMakeFiles/ur_dashboard_msgs__rosidl_typesupport_introspection_c.dir/rosidl_typesupport_introspection_c/ur_dashboard_msgs/srv/detail/popup__type_support.c.o[0m
[5.554s] [ 82%] [32mBuilding C object CMakeFiles/ur_dashboard_msgs__rosidl_typesupport_introspection_c.dir/rosidl_typesupport_introspection_c/ur_dashboard_msgs/action/detail/set_mode__type_support.c.o[0m
[5.555s] [ 82%] [32mBuilding C object CMakeFiles/ur_dashboard_msgs__rosidl_typesupport_introspection_c.dir/rosidl_typesupport_introspection_c/ur_dashboard_msgs/srv/detail/raw_request__type_support.c.o[0m
[5.575s] [ 82%] Built target ur_dashboard_msgs__rosidl_typesupport_introspection_cpp
[5.614s] [ 83%] [32m[1mLinking C shared library libur_dashboard_msgs__rosidl_typesupport_introspection_c.so[0m
[5.649s] [ 83%] Built target ur_dashboard_msgs__rosidl_typesupport_introspection_c
[5.838s] [ 83%] [32m[1mLinking CXX shared library libur_dashboard_msgs__rosidl_typesupport_fastrtps_cpp.so[0m
[5.848s] [ 84%] [32m[1mLinking CXX shared library libur_dashboard_msgs__rosidl_typesupport_fastrtps_c.so[0m
[5.899s] [ 84%] Built target ur_dashboard_msgs__rosidl_typesupport_fastrtps_cpp
[5.907s] [ 84%] Built target ur_dashboard_msgs__rosidl_typesupport_fastrtps_c
[5.923s] [ 84%] Built target ur_dashboard_msgs
[5.942s] [ 85%] [34m[1mGenerating Python code for ROS interfaces[0m
[7.509s] [ 85%] Built target ur_dashboard_msgs__py
[7.537s] [ 86%] [32mBuilding C object CMakeFiles/ur_dashboard_msgs__rosidl_generator_py.dir/rosidl_generator_py/ur_dashboard_msgs/msg/_program_state_s.c.o[0m
[7.541s] [ 87%] [32mBuilding C object CMakeFiles/ur_dashboard_msgs__rosidl_generator_py.dir/rosidl_generator_py/ur_dashboard_msgs/srv/_get_loaded_program_s.c.o[0m
[7.544s] [ 88%] [32mBuilding C object CMakeFiles/ur_dashboard_msgs__rosidl_generator_py.dir/rosidl_generator_py/ur_dashboard_msgs/srv/_get_robot_mode_s.c.o[0m
[7.544s] [ 89%] [32mBuilding C object CMakeFiles/ur_dashboard_msgs__rosidl_generator_py.dir/rosidl_generator_py/ur_dashboard_msgs/msg/_safety_mode_s.c.o[0m
[7.545s] [ 89%] [32mBuilding C object CMakeFiles/ur_dashboard_msgs__rosidl_generator_py.dir/rosidl_generator_py/ur_dashboard_msgs/srv/_get_program_state_s.c.o[0m
[7.545s] [ 89%] [32mBuilding C object CMakeFiles/ur_dashboard_msgs__rosidl_generator_py.dir/rosidl_generator_py/ur_dashboard_msgs/srv/_is_program_saved_s.c.o[0m
[7.548s] [ 90%] [32mBuilding C object CMakeFiles/ur_dashboard_msgs__rosidl_generator_py.dir/rosidl_generator_py/ur_dashboard_msgs/msg/_robot_mode_s.c.o[0m
[7.548s] [ 90%] [32mBuilding C object CMakeFiles/ur_dashboard_msgs__rosidl_generator_py.dir/rosidl_generator_py/ur_dashboard_msgs/srv/_add_to_log_s.c.o[0m
[7.550s] [ 91%] [32mBuilding C object CMakeFiles/ur_dashboard_msgs__rosidl_generator_py.dir/rosidl_generator_py/ur_dashboard_msgs/srv/_popup_s.c.o[0m
[7.551s] [ 91%] [32mBuilding C object CMakeFiles/ur_dashboard_msgs__rosidl_generator_py.dir/rosidl_generator_py/ur_dashboard_msgs/srv/_raw_request_s.c.o[0m
[7.554s] [ 92%] [32mBuilding C object CMakeFiles/ur_dashboard_msgs__rosidl_generator_py.dir/rosidl_generator_py/ur_dashboard_msgs/srv/_is_program_running_s.c.o[0m
[7.554s] [ 93%] [32mBuilding C object CMakeFiles/ur_dashboard_msgs__rosidl_generator_py.dir/rosidl_generator_py/ur_dashboard_msgs/srv/_get_safety_mode_s.c.o[0m
[7.556s] [ 94%] [32mBuilding C object CMakeFiles/ur_dashboard_msgs__rosidl_generator_py.dir/rosidl_generator_py/ur_dashboard_msgs/srv/_load_s.c.o[0m
[7.558s] [ 95%] [32mBuilding C object CMakeFiles/ur_dashboard_msgs__rosidl_generator_py.dir/rosidl_generator_py/ur_dashboard_msgs/action/_set_mode_s.c.o[0m
[7.725s] [ 96%] [32m[1mLinking C shared library rosidl_generator_py/ur_dashboard_msgs/libur_dashboard_msgs__rosidl_generator_py.so[0m
[7.779s] [ 96%] Built target ur_dashboard_msgs__rosidl_generator_py
[7.813s] [ 97%] [32mBuilding C object CMakeFiles/ur_dashboard_msgs__rosidl_typesupport_c__pyext.dir/rosidl_generator_py/ur_dashboard_msgs/_ur_dashboard_msgs_s.ep.rosidl_typesupport_c.c.o[0m
[7.814s] [ 98%] [32mBuilding C object CMakeFiles/ur_dashboard_msgs__rosidl_typesupport_fastrtps_c__pyext.dir/rosidl_generator_py/ur_dashboard_msgs/_ur_dashboard_msgs_s.ep.rosidl_typesupport_fastrtps_c.c.o[0m
[7.816s] [ 99%] [32mBuilding C object CMakeFiles/ur_dashboard_msgs__rosidl_typesupport_introspection_c__pyext.dir/rosidl_generator_py/ur_dashboard_msgs/_ur_dashboard_msgs_s.ep.rosidl_typesupport_introspection_c.c.o[0m
[7.955s] [ 99%] [32m[1mLinking C shared library rosidl_generator_py/ur_dashboard_msgs/ur_dashboard_msgs_s__rosidl_typesupport_c.cpython-310-x86_64-linux-gnu.so[0m
[7.957s] [100%] [32m[1mLinking C shared library rosidl_generator_py/ur_dashboard_msgs/ur_dashboard_msgs_s__rosidl_typesupport_introspection_c.cpython-310-x86_64-linux-gnu.so[0m
[7.959s] [100%] [32m[1mLinking C shared library rosidl_generator_py/ur_dashboard_msgs/ur_dashboard_msgs_s__rosidl_typesupport_fastrtps_c.cpython-310-x86_64-linux-gnu.so[0m
[7.988s] [100%] Built target ur_dashboard_msgs__rosidl_typesupport_introspection_c__pyext
[7.992s] [100%] Built target ur_dashboard_msgs__rosidl_typesupport_c__pyext
[7.992s] [100%] Built target ur_dashboard_msgs__rosidl_typesupport_fastrtps_c__pyext
[8.003s] Invoked command in '/dev_ws/build/ur_dashboard_msgs' returned '0': CMAKE_PREFIX_PATH=${CMAKE_PREFIX_PATH}:/opt/ros/humble /usr/bin/cmake --build /dev_ws/build/ur_dashboard_msgs -- -j20 -l20
[8.005s] Invoking command in '/dev_ws/build/ur_dashboard_msgs': CMAKE_PREFIX_PATH=${CMAKE_PREFIX_PATH}:/opt/ros/humble /usr/bin/cmake --install /dev_ws/build/ur_dashboard_msgs
[8.011s] -- Install configuration: ""
[8.012s] -- Installing: /dev_ws/install/share/ament_index/resource_index/rosidl_interfaces/ur_dashboard_msgs
[8.012s] -- Installing: /dev_ws/install/include/ur_dashboard_msgs/ur_dashboard_msgs
[8.012s] -- Installing: /dev_ws/install/include/ur_dashboard_msgs/ur_dashboard_msgs/msg
[8.012s] -- Installing: /dev_ws/install/include/ur_dashboard_msgs/ur_dashboard_msgs/msg/rosidl_generator_c__visibility_control.h
[8.012s] -- Installing: /dev_ws/install/include/ur_dashboard_msgs/ur_dashboard_msgs/msg/detail
[8.012s] -- Installing: /dev_ws/install/include/ur_dashboard_msgs/ur_dashboard_msgs/msg/detail/safety_mode__functions.c
[8.012s] -- Installing: /dev_ws/install/include/ur_dashboard_msgs/ur_dashboard_msgs/msg/detail/program_state__functions.c
[8.012s] -- Installing: /dev_ws/install/include/ur_dashboard_msgs/ur_dashboard_msgs/msg/detail/safety_mode__functions.h
[8.012s] -- Installing: /dev_ws/install/include/ur_dashboard_msgs/ur_dashboard_msgs/msg/detail/robot_mode__functions.h
[8.012s] -- Installing: /dev_ws/install/include/ur_dashboard_msgs/ur_dashboard_msgs/msg/detail/safety_mode__type_support.h
[8.012s] -- Installing: /dev_ws/install/include/ur_dashboard_msgs/ur_dashboard_msgs/msg/detail/safety_mode__struct.h
[8.013s] -- Installing: /dev_ws/install/include/ur_dashboard_msgs/ur_dashboard_msgs/msg/detail/program_state__type_support.h
[8.013s] -- Installing: /dev_ws/install/include/ur_dashboard_msgs/ur_dashboard_msgs/msg/detail/robot_mode__type_support.h
[8.013s] -- Installing: /dev_ws/install/include/ur_dashboard_msgs/ur_dashboard_msgs/msg/detail/robot_mode__struct.h
[8.013s] -- Installing: /dev_ws/install/include/ur_dashboard_msgs/ur_dashboard_msgs/msg/detail/program_state__functions.h
[8.013s] -- Installing: /dev_ws/install/include/ur_dashboard_msgs/ur_dashboard_msgs/msg/detail/robot_mode__functions.c
[8.013s] -- Installing: /dev_ws/install/include/ur_dashboard_msgs/ur_dashboard_msgs/msg/detail/program_state__struct.h
[8.013s] -- Installing: /dev_ws/install/include/ur_dashboard_msgs/ur_dashboard_msgs/msg/safety_mode.h
[8.013s] -- Installing: /dev_ws/install/include/ur_dashboard_msgs/ur_dashboard_msgs/msg/robot_mode.h
[8.013s] -- Installing: /dev_ws/install/include/ur_dashboard_msgs/ur_dashboard_msgs/msg/program_state.h
[8.013s] -- Installing: /dev_ws/install/include/ur_dashboard_msgs/ur_dashboard_msgs/action
[8.013s] -- Installing: /dev_ws/install/include/ur_dashboard_msgs/ur_dashboard_msgs/action/detail
[8.013s] -- Installing: /dev_ws/install/include/ur_dashboard_msgs/ur_dashboard_msgs/action/detail/set_mode__functions.c
[8.014s] -- Installing: /dev_ws/install/include/ur_dashboard_msgs/ur_dashboard_msgs/action/detail/set_mode__type_support.h
[8.014s] -- Installing: /dev_ws/install/include/ur_dashboard_msgs/ur_dashboard_msgs/action/detail/set_mode__struct.h
[8.014s] -- Installing: /dev_ws/install/include/ur_dashboard_msgs/ur_dashboard_msgs/action/detail/set_mode__functions.h
[8.014s] -- Installing: /dev_ws/install/include/ur_dashboard_msgs/ur_dashboard_msgs/action/set_mode.h
[8.014s] -- Installing: /dev_ws/install/include/ur_dashboard_msgs/ur_dashboard_msgs/srv
[8.014s] -- Installing: /dev_ws/install/include/ur_dashboard_msgs/ur_dashboard_msgs/srv/popup.h
[8.014s] -- Installing: /dev_ws/install/include/ur_dashboard_msgs/ur_dashboard_msgs/srv/load.h
[8.014s] -- Installing: /dev_ws/install/include/ur_dashboard_msgs/ur_dashboard_msgs/srv/get_program_state.h
[8.014s] -- Installing: /dev_ws/install/include/ur_dashboard_msgs/ur_dashboard_msgs/srv/is_program_running.h
[8.014s] -- Installing: /dev_ws/install/include/ur_dashboard_msgs/ur_dashboard_msgs/srv/detail
[8.014s] -- Installing: /dev_ws/install/include/ur_dashboard_msgs/ur_dashboard_msgs/srv/detail/get_robot_mode__functions.h
[8.014s] -- Installing: /dev_ws/install/include/ur_dashboard_msgs/ur_dashboard_msgs/srv/detail/is_program_saved__functions.c
[8.014s] -- Installing: /dev_ws/install/include/ur_dashboard_msgs/ur_dashboard_msgs/srv/detail/add_to_log__functions.h
[8.015s] -- Installing: /dev_ws/install/include/ur_dashboard_msgs/ur_dashboard_msgs/srv/detail/raw_request__functions.c
[8.015s] -- Installing: /dev_ws/install/include/ur_dashboard_msgs/ur_dashboard_msgs/srv/detail/get_robot_mode__struct.h
[8.015s] -- Installing: /dev_ws/install/include/ur_dashboard_msgs/ur_dashboard_msgs/srv/detail/raw_request__type_support.h
[8.015s] -- Installing: /dev_ws/install/include/ur_dashboard_msgs/ur_dashboard_msgs/srv/detail/add_to_log__functions.c
[8.015s] -- Installing: /dev_ws/install/include/ur_dashboard_msgs/ur_dashboard_msgs/srv/detail/get_loaded_program__functions.c
[8.015s] -- Installing: /dev_ws/install/include/ur_dashboard_msgs/ur_dashboard_msgs/srv/detail/get_loaded_program__functions.h
[8.015s] -- Installing: /dev_ws/install/include/ur_dashboard_msgs/ur_dashboard_msgs/srv/detail/popup__struct.h
[8.015s] -- Installing: /dev_ws/install/include/ur_dashboard_msgs/ur_dashboard_msgs/srv/detail/is_program_saved__type_support.h
[8.015s] -- Installing: /dev_ws/install/include/ur_dashboard_msgs/ur_dashboard_msgs/srv/detail/get_program_state__struct.h
[8.015s] -- Installing: /dev_ws/install/include/ur_dashboard_msgs/ur_dashboard_msgs/srv/detail/load__functions.h
[8.015s] -- Installing: /dev_ws/install/include/ur_dashboard_msgs/ur_dashboard_msgs/srv/detail/add_to_log__struct.h
[8.015s] -- Installing: /dev_ws/install/include/ur_dashboard_msgs/ur_dashboard_msgs/srv/detail/popup__functions.c
[8.016s] -- Installing: /dev_ws/install/include/ur_dashboard_msgs/ur_dashboard_msgs/srv/detail/is_program_running__struct.h
[8.016s] -- Installing: /dev_ws/install/include/ur_dashboard_msgs/ur_dashboard_msgs/srv/detail/is_program_saved__functions.h
[8.016s] -- Installing: /dev_ws/install/include/ur_dashboard_msgs/ur_dashboard_msgs/srv/detail/get_loaded_program__type_support.h
[8.016s] -- Installing: /dev_ws/install/include/ur_dashboard_msgs/ur_dashboard_msgs/srv/detail/popup__functions.h
[8.016s] -- Installing: /dev_ws/install/include/ur_dashboard_msgs/ur_dashboard_msgs/srv/detail/popup__type_support.h
[8.016s] -- Installing: /dev_ws/install/include/ur_dashboard_msgs/ur_dashboard_msgs/srv/detail/load__struct.h
[8.016s] -- Installing: /dev_ws/install/include/ur_dashboard_msgs/ur_dashboard_msgs/srv/detail/get_robot_mode__type_support.h
[8.016s] -- Installing: /dev_ws/install/include/ur_dashboard_msgs/ur_dashboard_msgs/srv/detail/add_to_log__type_support.h
[8.016s] -- Installing: /dev_ws/install/include/ur_dashboard_msgs/ur_dashboard_msgs/srv/detail/get_safety_mode__functions.c
[8.016s] -- Installing: /dev_ws/install/include/ur_dashboard_msgs/ur_dashboard_msgs/srv/detail/get_safety_mode__type_support.h
[8.016s] -- Installing: /dev_ws/install/include/ur_dashboard_msgs/ur_dashboard_msgs/srv/detail/get_robot_mode__functions.c
[8.016s] -- Installing: /dev_ws/install/include/ur_dashboard_msgs/ur_dashboard_msgs/srv/detail/get_program_state__functions.h
[8.016s] -- Installing: /dev_ws/install/include/ur_dashboard_msgs/ur_dashboard_msgs/srv/detail/get_safety_mode__struct.h
[8.016s] -- Installing: /dev_ws/install/include/ur_dashboard_msgs/ur_dashboard_msgs/srv/detail/raw_request__struct.h
[8.017s] -- Installing: /dev_ws/install/include/ur_dashboard_msgs/ur_dashboard_msgs/srv/detail/raw_request__functions.h
[8.017s] -- Installing: /dev_ws/install/include/ur_dashboard_msgs/ur_dashboard_msgs/srv/detail/is_program_saved__struct.h
[8.017s] -- Installing: /dev_ws/install/include/ur_dashboard_msgs/ur_dashboard_msgs/srv/detail/get_safety_mode__functions.h
[8.017s] -- Installing: /dev_ws/install/include/ur_dashboard_msgs/ur_dashboard_msgs/srv/detail/get_program_state__functions.c
[8.017s] -- Installing: /dev_ws/install/include/ur_dashboard_msgs/ur_dashboard_msgs/srv/detail/is_program_running__functions.c
[8.017s] -- Installing: /dev_ws/install/include/ur_dashboard_msgs/ur_dashboard_msgs/srv/detail/is_program_running__functions.h
[8.017s] -- Installing: /dev_ws/install/include/ur_dashboard_msgs/ur_dashboard_msgs/srv/detail/get_program_state__type_support.h
[8.017s] -- Installing: /dev_ws/install/include/ur_dashboard_msgs/ur_dashboard_msgs/srv/detail/is_program_running__type_support.h
[8.017s] -- Installing: /dev_ws/install/include/ur_dashboard_msgs/ur_dashboard_msgs/srv/detail/load__functions.c
[8.017s] -- Installing: /dev_ws/install/include/ur_dashboard_msgs/ur_dashboard_msgs/srv/detail/get_loaded_program__struct.h
[8.017s] -- Installing: /dev_ws/install/include/ur_dashboard_msgs/ur_dashboard_msgs/srv/detail/load__type_support.h
[8.017s] -- Installing: /dev_ws/install/include/ur_dashboard_msgs/ur_dashboard_msgs/srv/is_program_saved.h
[8.017s] -- Installing: /dev_ws/install/include/ur_dashboard_msgs/ur_dashboard_msgs/srv/get_safety_mode.h
[8.017s] -- Installing: /dev_ws/install/include/ur_dashboard_msgs/ur_dashboard_msgs/srv/get_loaded_program.h
[8.017s] -- Installing: /dev_ws/install/include/ur_dashboard_msgs/ur_dashboard_msgs/srv/raw_request.h
[8.018s] -- Installing: /dev_ws/install/include/ur_dashboard_msgs/ur_dashboard_msgs/srv/get_robot_mode.h
[8.018s] -- Installing: /dev_ws/install/include/ur_dashboard_msgs/ur_dashboard_msgs/srv/add_to_log.h
[8.018s] -- Installing: /dev_ws/install/share/ur_dashboard_msgs/environment/library_path.sh
[8.018s] -- Installing: /dev_ws/install/share/ur_dashboard_msgs/environment/library_path.dsv
[8.018s] -- Installing: /dev_ws/install/lib/libur_dashboard_msgs__rosidl_generator_c.so
[8.018s] -- Set runtime path of "/dev_ws/install/lib/libur_dashboard_msgs__rosidl_generator_c.so" to ""
[8.018s] -- Up-to-date: /dev_ws/install/include/ur_dashboard_msgs/ur_dashboard_msgs
[8.018s] -- Up-to-date: /dev_ws/install/include/ur_dashboard_msgs/ur_dashboard_msgs/msg
[8.018s] -- Up-to-date: /dev_ws/install/include/ur_dashboard_msgs/ur_dashboard_msgs/msg/detail
[8.018s] -- Installing: /dev_ws/install/include/ur_dashboard_msgs/ur_dashboard_msgs/msg/detail/robot_mode__rosidl_typesupport_fastrtps_c.h
[8.019s] -- Installing: /dev_ws/install/include/ur_dashboard_msgs/ur_dashboard_msgs/msg/detail/program_state__rosidl_typesupport_fastrtps_c.h
[8.019s] -- Installing: /dev_ws/install/include/ur_dashboard_msgs/ur_dashboard_msgs/msg/detail/safety_mode__rosidl_typesupport_fastrtps_c.h
[8.019s] -- Installing: /dev_ws/install/include/ur_dashboard_msgs/ur_dashboard_msgs/msg/rosidl_typesupport_fastrtps_c__visibility_control.h
[8.019s] -- Up-to-date: /dev_ws/install/include/ur_dashboard_msgs/ur_dashboard_msgs/action
[8.019s] -- Up-to-date: /dev_ws/install/include/ur_dashboard_msgs/ur_dashboard_msgs/action/detail
[8.019s] -- Installing: /dev_ws/install/include/ur_dashboard_msgs/ur_dashboard_msgs/action/detail/set_mode__rosidl_typesupport_fastrtps_c.h
[8.019s] -- Up-to-date: /dev_ws/install/include/ur_dashboard_msgs/ur_dashboard_msgs/srv
[8.019s] -- Up-to-date: /dev_ws/install/include/ur_dashboard_msgs/ur_dashboard_msgs/srv/detail
[8.019s] -- Installing: /dev_ws/install/include/ur_dashboard_msgs/ur_dashboard_msgs/srv/detail/load__rosidl_typesupport_fastrtps_c.h
[8.019s] -- Installing: /dev_ws/install/include/ur_dashboard_msgs/ur_dashboard_msgs/srv/detail/is_program_saved__rosidl_typesupport_fastrtps_c.h
[8.019s] -- Installing: /dev_ws/install/include/ur_dashboard_msgs/ur_dashboard_msgs/srv/detail/get_loaded_program__rosidl_typesupport_fastrtps_c.h
[8.019s] -- Installing: /dev_ws/install/include/ur_dashboard_msgs/ur_dashboard_msgs/srv/detail/get_robot_mode__rosidl_typesupport_fastrtps_c.h
[8.019s] -- Installing: /dev_ws/install/include/ur_dashboard_msgs/ur_dashboard_msgs/srv/detail/get_safety_mode__rosidl_typesupport_fastrtps_c.h
[8.019s] -- Installing: /dev_ws/install/include/ur_dashboard_msgs/ur_dashboard_msgs/srv/detail/raw_request__rosidl_typesupport_fastrtps_c.h
[8.019s] -- Installing: /dev_ws/install/include/ur_dashboard_msgs/ur_dashboard_msgs/srv/detail/popup__rosidl_typesupport_fastrtps_c.h
[8.019s] -- Installing: /dev_ws/install/include/ur_dashboard_msgs/ur_dashboard_msgs/srv/detail/get_program_state__rosidl_typesupport_fastrtps_c.h
[8.019s] -- Installing: /dev_ws/install/include/ur_dashboard_msgs/ur_dashboard_msgs/srv/detail/add_to_log__rosidl_typesupport_fastrtps_c.h
[8.019s] -- Installing: /dev_ws/install/include/ur_dashboard_msgs/ur_dashboard_msgs/srv/detail/is_program_running__rosidl_typesupport_fastrtps_c.h
[8.019s] -- Installing: /dev_ws/install/lib/libur_dashboard_msgs__rosidl_typesupport_fastrtps_c.so
[8.020s] -- Set runtime path of "/dev_ws/install/lib/libur_dashboard_msgs__rosidl_typesupport_fastrtps_c.so" to ""
[8.020s] -- Up-to-date: /dev_ws/install/include/ur_dashboard_msgs/ur_dashboard_msgs
[8.020s] -- Up-to-date: /dev_ws/install/include/ur_dashboard_msgs/ur_dashboard_msgs/msg
[8.020s] -- Up-to-date: /dev_ws/install/include/ur_dashboard_msgs/ur_dashboard_msgs/msg/detail
[8.020s] -- Installing: /dev_ws/install/include/ur_dashboard_msgs/ur_dashboard_msgs/msg/detail/robot_mode__type_support.c
[8.020s] -- Installing: /dev_ws/install/include/ur_dashboard_msgs/ur_dashboard_msgs/msg/detail/robot_mode__rosidl_typesupport_introspection_c.h
[8.020s] -- Installing: /dev_ws/install/include/ur_dashboard_msgs/ur_dashboard_msgs/msg/detail/safety_mode__rosidl_typesupport_introspection_c.h
[8.020s] -- Installing: /dev_ws/install/include/ur_dashboard_msgs/ur_dashboard_msgs/msg/detail/safety_mode__type_support.c
[8.020s] -- Installing: /dev_ws/install/include/ur_dashboard_msgs/ur_dashboard_msgs/msg/detail/program_state__type_support.c
[8.020s] -- Installing: /dev_ws/install/include/ur_dashboard_msgs/ur_dashboard_msgs/msg/detail/program_state__rosidl_typesupport_introspection_c.h
[8.020s] -- Installing: /dev_ws/install/include/ur_dashboard_msgs/ur_dashboard_msgs/msg/rosidl_typesupport_introspection_c__visibility_control.h
[8.020s] -- Up-to-date: /dev_ws/install/include/ur_dashboard_msgs/ur_dashboard_msgs/action
[8.020s] -- Up-to-date: /dev_ws/install/include/ur_dashboard_msgs/ur_dashboard_msgs/action/detail
[8.020s] -- Installing: /dev_ws/install/include/ur_dashboard_msgs/ur_dashboard_msgs/action/detail/set_mode__rosidl_typesupport_introspection_c.h
[8.020s] -- Installing: /dev_ws/install/include/ur_dashboard_msgs/ur_dashboard_msgs/action/detail/set_mode__type_support.c
[8.020s] -- Up-to-date: /dev_ws/install/include/ur_dashboard_msgs/ur_dashboard_msgs/srv
[8.020s] -- Up-to-date: /dev_ws/install/include/ur_dashboard_msgs/ur_dashboard_msgs/srv/detail
[8.020s] -- Installing: /dev_ws/install/include/ur_dashboard_msgs/ur_dashboard_msgs/srv/detail/add_to_log__type_support.c
[8.020s] -- Installing: /dev_ws/install/include/ur_dashboard_msgs/ur_dashboard_msgs/srv/detail/is_program_running__type_support.c
[8.020s] -- Installing: /dev_ws/install/include/ur_dashboard_msgs/ur_dashboard_msgs/srv/detail/popup__type_support.c
[8.020s] -- Installing: /dev_ws/install/include/ur_dashboard_msgs/ur_dashboard_msgs/srv/detail/get_program_state__type_support.c
[8.020s] -- Installing: /dev_ws/install/include/ur_dashboard_msgs/ur_dashboard_msgs/srv/detail/popup__rosidl_typesupport_introspection_c.h
[8.021s] -- Installing: /dev_ws/install/include/ur_dashboard_msgs/ur_dashboard_msgs/srv/detail/get_robot_mode__rosidl_typesupport_introspection_c.h
[8.021s] -- Installing: /dev_ws/install/include/ur_dashboard_msgs/ur_dashboard_msgs/srv/detail/raw_request__type_support.c
[8.021s] -- Installing: /dev_ws/install/include/ur_dashboard_msgs/ur_dashboard_msgs/srv/detail/load__rosidl_typesupport_introspection_c.h
[8.021s] -- Installing: /dev_ws/install/include/ur_dashboard_msgs/ur_dashboard_msgs/srv/detail/add_to_log__rosidl_typesupport_introspection_c.h
[8.021s] -- Installing: /dev_ws/install/include/ur_dashboard_msgs/ur_dashboard_msgs/srv/detail/get_loaded_program__rosidl_typesupport_introspection_c.h
[8.021s] -- Installing: /dev_ws/install/include/ur_dashboard_msgs/ur_dashboard_msgs/srv/detail/load__type_support.c
[8.021s] -- Installing: /dev_ws/install/include/ur_dashboard_msgs/ur_dashboard_msgs/srv/detail/get_safety_mode__type_support.c
[8.021s] -- Installing: /dev_ws/install/include/ur_dashboard_msgs/ur_dashboard_msgs/srv/detail/get_robot_mode__type_support.c
[8.021s] -- Installing: /dev_ws/install/include/ur_dashboard_msgs/ur_dashboard_msgs/srv/detail/get_program_state__rosidl_typesupport_introspection_c.h
[8.021s] -- Installing: /dev_ws/install/include/ur_dashboard_msgs/ur_dashboard_msgs/srv/detail/is_program_saved__type_support.c
[8.021s] -- Installing: /dev_ws/install/include/ur_dashboard_msgs/ur_dashboard_msgs/srv/detail/get_loaded_program__type_support.c
[8.021s] -- Installing: /dev_ws/install/include/ur_dashboard_msgs/ur_dashboard_msgs/srv/detail/raw_request__rosidl_typesupport_introspection_c.h
[8.021s] -- Installing: /dev_ws/install/include/ur_dashboard_msgs/ur_dashboard_msgs/srv/detail/get_safety_mode__rosidl_typesupport_introspection_c.h
[8.021s] -- Installing: /dev_ws/install/include/ur_dashboard_msgs/ur_dashboard_msgs/srv/detail/is_program_running__rosidl_typesupport_introspection_c.h
[8.021s] -- Installing: /dev_ws/install/include/ur_dashboard_msgs/ur_dashboard_msgs/srv/detail/is_program_saved__rosidl_typesupport_introspection_c.h
[8.021s] -- Installing: /dev_ws/install/lib/libur_dashboard_msgs__rosidl_typesupport_introspection_c.so
[8.022s] -- Set runtime path of "/dev_ws/install/lib/libur_dashboard_msgs__rosidl_typesupport_introspection_c.so" to ""
[8.022s] -- Installing: /dev_ws/install/lib/libur_dashboard_msgs__rosidl_typesupport_c.so
[8.022s] -- Set runtime path of "/dev_ws/install/lib/libur_dashboard_msgs__rosidl_typesupport_c.so" to ""
[8.022s] -- Up-to-date: /dev_ws/install/include/ur_dashboard_msgs/ur_dashboard_msgs
[8.022s] -- Up-to-date: /dev_ws/install/include/ur_dashboard_msgs/ur_dashboard_msgs/msg
[8.022s] -- Up-to-date: /dev_ws/install/include/ur_dashboard_msgs/ur_dashboard_msgs/msg/detail
[8.022s] -- Installing: /dev_ws/install/include/ur_dashboard_msgs/ur_dashboard_msgs/msg/detail/safety_mode__traits.hpp
[8.022s] -- Installing: /dev_ws/install/include/ur_dashboard_msgs/ur_dashboard_msgs/msg/detail/robot_mode__builder.hpp
[8.022s] -- Installing: /dev_ws/install/include/ur_dashboard_msgs/ur_dashboard_msgs/msg/detail/program_state__builder.hpp
[8.022s] -- Installing: /dev_ws/install/include/ur_dashboard_msgs/ur_dashboard_msgs/msg/detail/program_state__traits.hpp
[8.022s] -- Installing: /dev_ws/install/include/ur_dashboard_msgs/ur_dashboard_msgs/msg/detail/robot_mode__traits.hpp
[8.022s] -- Installing: /dev_ws/install/include/ur_dashboard_msgs/ur_dashboard_msgs/msg/detail/robot_mode__type_support.hpp
[8.022s] -- Installing: /dev_ws/install/include/ur_dashboard_msgs/ur_dashboard_msgs/msg/detail/robot_mode__struct.hpp
[8.022s] -- Installing: /dev_ws/install/include/ur_dashboard_msgs/ur_dashboard_msgs/msg/detail/program_state__struct.hpp
[8.022s] -- Installing: /dev_ws/install/include/ur_dashboard_msgs/ur_dashboard_msgs/msg/detail/safety_mode__builder.hpp
[8.022s] -- Installing: /dev_ws/install/include/ur_dashboard_msgs/ur_dashboard_msgs/msg/detail/safety_mode__struct.hpp
[8.023s] -- Installing: /dev_ws/install/include/ur_dashboard_msgs/ur_dashboard_msgs/msg/detail/safety_mode__type_support.hpp
[8.023s] -- Installing: /dev_ws/install/include/ur_dashboard_msgs/ur_dashboard_msgs/msg/detail/program_state__type_support.hpp
[8.023s] -- Installing: /dev_ws/install/include/ur_dashboard_msgs/ur_dashboard_msgs/msg/rosidl_generator_cpp__visibility_control.hpp
[8.023s] -- Installing: /dev_ws/install/include/ur_dashboard_msgs/ur_dashboard_msgs/msg/safety_mode.hpp
[8.023s] -- Installing: /dev_ws/install/include/ur_dashboard_msgs/ur_dashboard_msgs/msg/program_state.hpp
[8.023s] -- Installing: /dev_ws/install/include/ur_dashboard_msgs/ur_dashboard_msgs/msg/robot_mode.hpp
[8.023s] -- Up-to-date: /dev_ws/install/include/ur_dashboard_msgs/ur_dashboard_msgs/action
[8.023s] -- Installing: /dev_ws/install/include/ur_dashboard_msgs/ur_dashboard_msgs/action/set_mode.hpp
[8.023s] -- Up-to-date: /dev_ws/install/include/ur_dashboard_msgs/ur_dashboard_msgs/action/detail
[8.023s] -- Installing: /dev_ws/install/include/ur_dashboard_msgs/ur_dashboard_msgs/action/detail/set_mode__struct.hpp
[8.023s] -- Installing: /dev_ws/install/include/ur_dashboard_msgs/ur_dashboard_msgs/action/detail/set_mode__type_support.hpp
[8.023s] -- Installing: /dev_ws/install/include/ur_dashboard_msgs/ur_dashboard_msgs/action/detail/set_mode__builder.hpp
[8.023s] -- Installing: /dev_ws/install/include/ur_dashboard_msgs/ur_dashboard_msgs/action/detail/set_mode__traits.hpp
[8.023s] -- Up-to-date: /dev_ws/install/include/ur_dashboard_msgs/ur_dashboard_msgs/srv
[8.023s] -- Installing: /dev_ws/install/include/ur_dashboard_msgs/ur_dashboard_msgs/srv/get_safety_mode.hpp
[8.023s] -- Installing: /dev_ws/install/include/ur_dashboard_msgs/ur_dashboard_msgs/srv/get_robot_mode.hpp
[8.023s] -- Installing: /dev_ws/install/include/ur_dashboard_msgs/ur_dashboard_msgs/srv/is_program_saved.hpp
[8.023s] -- Installing: /dev_ws/install/include/ur_dashboard_msgs/ur_dashboard_msgs/srv/is_program_running.hpp
[8.023s] -- Up-to-date: /dev_ws/install/include/ur_dashboard_msgs/ur_dashboard_msgs/srv/detail
[8.023s] -- Installing: /dev_ws/install/include/ur_dashboard_msgs/ur_dashboard_msgs/srv/detail/is_program_running__struct.hpp
[8.024s] -- Installing: /dev_ws/install/include/ur_dashboard_msgs/ur_dashboard_msgs/srv/detail/get_loaded_program__type_support.hpp
[8.024s] -- Installing: /dev_ws/install/include/ur_dashboard_msgs/ur_dashboard_msgs/srv/detail/is_program_running__builder.hpp
[8.024s] -- Installing: /dev_ws/install/include/ur_dashboard_msgs/ur_dashboard_msgs/srv/detail/is_program_saved__traits.hpp
[8.024s] -- Installing: /dev_ws/install/include/ur_dashboard_msgs/ur_dashboard_msgs/srv/detail/load__traits.hpp
[8.024s] -- Installing: /dev_ws/install/include/ur_dashboard_msgs/ur_dashboard_msgs/srv/detail/get_robot_mode__traits.hpp
[8.024s] -- Installing: /dev_ws/install/include/ur_dashboard_msgs/ur_dashboard_msgs/srv/detail/get_loaded_program__traits.hpp
[8.024s] -- Installing: /dev_ws/install/include/ur_dashboard_msgs/ur_dashboard_msgs/srv/detail/get_safety_mode__builder.hpp
[8.024s] -- Installing: /dev_ws/install/include/ur_dashboard_msgs/ur_dashboard_msgs/srv/detail/raw_request__struct.hpp
[8.024s] -- Installing: /dev_ws/install/include/ur_dashboard_msgs/ur_dashboard_msgs/srv/detail/is_program_saved__type_support.hpp
[8.024s] -- Installing: /dev_ws/install/include/ur_dashboard_msgs/ur_dashboard_msgs/srv/detail/raw_request__traits.hpp
[8.024s] -- Installing: /dev_ws/install/include/ur_dashboard_msgs/ur_dashboard_msgs/srv/detail/add_to_log__traits.hpp
[8.024s] -- Installing: /dev_ws/install/include/ur_dashboard_msgs/ur_dashboard_msgs/srv/detail/get_robot_mode__builder.hpp
[8.024s] -- Installing: /dev_ws/install/include/ur_dashboard_msgs/ur_dashboard_msgs/srv/detail/get_program_state__struct.hpp
[8.024s] -- Installing: /dev_ws/install/include/ur_dashboard_msgs/ur_dashboard_msgs/srv/detail/get_safety_mode__type_support.hpp
[8.024s] -- Installing: /dev_ws/install/include/ur_dashboard_msgs/ur_dashboard_msgs/srv/detail/get_program_state__builder.hpp
[8.024s] -- Installing: /dev_ws/install/include/ur_dashboard_msgs/ur_dashboard_msgs/srv/detail/raw_request__type_support.hpp
[8.024s] -- Installing: /dev_ws/install/include/ur_dashboard_msgs/ur_dashboard_msgs/srv/detail/get_loaded_program__struct.hpp
[8.025s] -- Installing: /dev_ws/install/include/ur_dashboard_msgs/ur_dashboard_msgs/srv/detail/is_program_running__traits.hpp
[8.025s] -- Installing: /dev_ws/install/include/ur_dashboard_msgs/ur_dashboard_msgs/srv/detail/popup__type_support.hpp
[8.025s] -- Installing: /dev_ws/install/include/ur_dashboard_msgs/ur_dashboard_msgs/srv/detail/popup__builder.hpp
[8.025s] -- Installing: /dev_ws/install/include/ur_dashboard_msgs/ur_dashboard_msgs/srv/detail/add_to_log__builder.hpp
[8.025s] -- Installing: /dev_ws/install/include/ur_dashboard_msgs/ur_dashboard_msgs/srv/detail/popup__struct.hpp
[8.025s] -- Installing: /dev_ws/install/include/ur_dashboard_msgs/ur_dashboard_msgs/srv/detail/raw_request__builder.hpp
[8.025s] -- Installing: /dev_ws/install/include/ur_dashboard_msgs/ur_dashboard_msgs/srv/detail/get_loaded_program__builder.hpp
[8.025s] -- Installing: /dev_ws/install/include/ur_dashboard_msgs/ur_dashboard_msgs/srv/detail/popup__traits.hpp
[8.025s] -- Installing: /dev_ws/install/include/ur_dashboard_msgs/ur_dashboard_msgs/srv/detail/get_robot_mode__type_support.hpp
[8.025s] -- Installing: /dev_ws/install/include/ur_dashboard_msgs/ur_dashboard_msgs/srv/detail/load__type_support.hpp
[8.025s] -- Installing: /dev_ws/install/include/ur_dashboard_msgs/ur_dashboard_msgs/srv/detail/load__struct.hpp
[8.025s] -- Installing: /dev_ws/install/include/ur_dashboard_msgs/ur_dashboard_msgs/srv/detail/load__builder.hpp
[8.025s] -- Installing: /dev_ws/install/include/ur_dashboard_msgs/ur_dashboard_msgs/srv/detail/get_safety_mode__traits.hpp
[8.025s] -- Installing: /dev_ws/install/include/ur_dashboard_msgs/ur_dashboard_msgs/srv/detail/is_program_saved__struct.hpp
[8.025s] -- Installing: /dev_ws/install/include/ur_dashboard_msgs/ur_dashboard_msgs/srv/detail/get_program_state__type_support.hpp
[8.025s] -- Installing: /dev_ws/install/include/ur_dashboard_msgs/ur_dashboard_msgs/srv/detail/add_to_log__struct.hpp
[8.026s] -- Installing: /dev_ws/install/include/ur_dashboard_msgs/ur_dashboard_msgs/srv/detail/get_program_state__traits.hpp
[8.026s] -- Installing: /dev_ws/install/include/ur_dashboard_msgs/ur_dashboard_msgs/srv/detail/is_program_saved__builder.hpp
[8.026s] -- Installing: /dev_ws/install/include/ur_dashboard_msgs/ur_dashboard_msgs/srv/detail/add_to_log__type_support.hpp
[8.026s] -- Installing: /dev_ws/install/include/ur_dashboard_msgs/ur_dashboard_msgs/srv/detail/get_safety_mode__struct.hpp
[8.026s] -- Installing: /dev_ws/install/include/ur_dashboard_msgs/ur_dashboard_msgs/srv/detail/get_robot_mode__struct.hpp
[8.026s] -- Installing: /dev_ws/install/include/ur_dashboard_msgs/ur_dashboard_msgs/srv/detail/is_program_running__type_support.hpp
[8.026s] -- Installing: /dev_ws/install/include/ur_dashboard_msgs/ur_dashboard_msgs/srv/load.hpp
[8.026s] -- Installing: /dev_ws/install/include/ur_dashboard_msgs/ur_dashboard_msgs/srv/add_to_log.hpp
[8.026s] -- Installing: /dev_ws/install/include/ur_dashboard_msgs/ur_dashboard_msgs/srv/get_program_state.hpp
[8.026s] -- Installing: /dev_ws/install/include/ur_dashboard_msgs/ur_dashboard_msgs/srv/get_loaded_program.hpp
[8.026s] -- Installing: /dev_ws/install/include/ur_dashboard_msgs/ur_dashboard_msgs/srv/popup.hpp
[8.026s] -- Installing: /dev_ws/install/include/ur_dashboard_msgs/ur_dashboard_msgs/srv/raw_request.hpp
[8.026s] -- Up-to-date: /dev_ws/install/include/ur_dashboard_msgs/ur_dashboard_msgs
[8.026s] -- Up-to-date: /dev_ws/install/include/ur_dashboard_msgs/ur_dashboard_msgs/msg
[8.026s] -- Up-to-date: /dev_ws/install/include/ur_dashboard_msgs/ur_dashboard_msgs/msg/detail
[8.026s] -- Installing: /dev_ws/install/include/ur_dashboard_msgs/ur_dashboard_msgs/msg/detail/robot_mode__rosidl_typesupport_fastrtps_cpp.hpp
[8.026s] -- Installing: /dev_ws/install/include/ur_dashboard_msgs/ur_dashboard_msgs/msg/detail/safety_mode__rosidl_typesupport_fastrtps_cpp.hpp
[8.026s] -- Installing: /dev_ws/install/include/ur_dashboard_msgs/ur_dashboard_msgs/msg/detail/dds_fastrtps
[8.027s] -- Installing: /dev_ws/install/include/ur_dashboard_msgs/ur_dashboard_msgs/msg/detail/program_state__rosidl_typesupport_fastrtps_cpp.hpp
[8.027s] -- Installing: /dev_ws/install/include/ur_dashboard_msgs/ur_dashboard_msgs/msg/rosidl_typesupport_fastrtps_cpp__visibility_control.h
[8.027s] -- Up-to-date: /dev_ws/install/include/ur_dashboard_msgs/ur_dashboard_msgs/action
[8.027s] -- Up-to-date: /dev_ws/install/include/ur_dashboard_msgs/ur_dashboard_msgs/action/detail
[8.027s] -- Installing: /dev_ws/install/include/ur_dashboard_msgs/ur_dashboard_msgs/action/detail/dds_fastrtps
[8.027s] -- Installing: /dev_ws/install/include/ur_dashboard_msgs/ur_dashboard_msgs/action/detail/set_mode__rosidl_typesupport_fastrtps_cpp.hpp
[8.027s] -- Up-to-date: /dev_ws/install/include/ur_dashboard_msgs/ur_dashboard_msgs/srv
[8.027s] -- Up-to-date: /dev_ws/install/include/ur_dashboard_msgs/ur_dashboard_msgs/srv/detail
[8.027s] -- Installing: /dev_ws/install/include/ur_dashboard_msgs/ur_dashboard_msgs/srv/detail/popup__rosidl_typesupport_fastrtps_cpp.hpp
[8.027s] -- Installing: /dev_ws/install/include/ur_dashboard_msgs/ur_dashboard_msgs/srv/detail/is_program_saved__rosidl_typesupport_fastrtps_cpp.hpp
[8.027s] -- Installing: /dev_ws/install/include/ur_dashboard_msgs/ur_dashboard_msgs/srv/detail/get_robot_mode__rosidl_typesupport_fastrtps_cpp.hpp
[8.027s] -- Installing: /dev_ws/install/include/ur_dashboard_msgs/ur_dashboard_msgs/srv/detail/is_program_running__rosidl_typesupport_fastrtps_cpp.hpp
[8.027s] -- Installing: /dev_ws/install/include/ur_dashboard_msgs/ur_dashboard_msgs/srv/detail/get_loaded_program__rosidl_typesupport_fastrtps_cpp.hpp
[8.027s] -- Installing: /dev_ws/install/include/ur_dashboard_msgs/ur_dashboard_msgs/srv/detail/get_program_state__rosidl_typesupport_fastrtps_cpp.hpp
[8.027s] -- Installing: /dev_ws/install/include/ur_dashboard_msgs/ur_dashboard_msgs/srv/detail/raw_request__rosidl_typesupport_fastrtps_cpp.hpp
[8.027s] -- Installing: /dev_ws/install/include/ur_dashboard_msgs/ur_dashboard_msgs/srv/detail/dds_fastrtps
[8.027s] -- Installing: /dev_ws/install/include/ur_dashboard_msgs/ur_dashboard_msgs/srv/detail/add_to_log__rosidl_typesupport_fastrtps_cpp.hpp
[8.027s] -- Installing: /dev_ws/install/include/ur_dashboard_msgs/ur_dashboard_msgs/srv/detail/get_safety_mode__rosidl_typesupport_fastrtps_cpp.hpp
[8.027s] -- Installing: /dev_ws/install/include/ur_dashboard_msgs/ur_dashboard_msgs/srv/detail/load__rosidl_typesupport_fastrtps_cpp.hpp
[8.027s] -- Installing: /dev_ws/install/lib/libur_dashboard_msgs__rosidl_typesupport_fastrtps_cpp.so
[8.028s] -- Set runtime path of "/dev_ws/install/lib/libur_dashboard_msgs__rosidl_typesupport_fastrtps_cpp.so" to ""
[8.028s] -- Up-to-date: /dev_ws/install/include/ur_dashboard_msgs/ur_dashboard_msgs
[8.028s] -- Up-to-date: /dev_ws/install/include/ur_dashboard_msgs/ur_dashboard_msgs/msg
[8.028s] -- Up-to-date: /dev_ws/install/include/ur_dashboard_msgs/ur_dashboard_msgs/msg/detail
[8.028s] -- Installing: /dev_ws/install/include/ur_dashboard_msgs/ur_dashboard_msgs/msg/detail/safety_mode__rosidl_typesupport_introspection_cpp.hpp
[8.028s] -- Installing: /dev_ws/install/include/ur_dashboard_msgs/ur_dashboard_msgs/msg/detail/program_state__rosidl_typesupport_introspection_cpp.hpp
[8.028s] -- Installing: /dev_ws/install/include/ur_dashboard_msgs/ur_dashboard_msgs/msg/detail/robot_mode__rosidl_typesupport_introspection_cpp.hpp
[8.028s] -- Installing: /dev_ws/install/include/ur_dashboard_msgs/ur_dashboard_msgs/msg/detail/robot_mode__type_support.cpp
[8.028s] -- Installing: /dev_ws/install/include/ur_dashboard_msgs/ur_dashboard_msgs/msg/detail/program_state__type_support.cpp
[8.028s] -- Installing: /dev_ws/install/include/ur_dashboard_msgs/ur_dashboard_msgs/msg/detail/safety_mode__type_support.cpp
[8.028s] -- Up-to-date: /dev_ws/install/include/ur_dashboard_msgs/ur_dashboard_msgs/action
[8.028s] -- Up-to-date: /dev_ws/install/include/ur_dashboard_msgs/ur_dashboard_msgs/action/detail
[8.028s] -- Installing: /dev_ws/install/include/ur_dashboard_msgs/ur_dashboard_msgs/action/detail/set_mode__rosidl_typesupport_introspection_cpp.hpp
[8.028s] -- Installing: /dev_ws/install/include/ur_dashboard_msgs/ur_dashboard_msgs/action/detail/set_mode__type_support.cpp
[8.029s] -- Up-to-date: /dev_ws/install/include/ur_dashboard_msgs/ur_dashboard_msgs/srv
[8.029s] -- Up-to-date: /dev_ws/install/include/ur_dashboard_msgs/ur_dashboard_msgs/srv/detail
[8.029s] -- Installing: /dev_ws/install/include/ur_dashboard_msgs/ur_dashboard_msgs/srv/detail/is_program_running__type_support.cpp
[8.029s] -- Installing: /dev_ws/install/include/ur_dashboard_msgs/ur_dashboard_msgs/srv/detail/get_safety_mode__rosidl_typesupport_introspection_cpp.hpp
[8.029s] -- Installing: /dev_ws/install/include/ur_dashboard_msgs/ur_dashboard_msgs/srv/detail/load__rosidl_typesupport_introspection_cpp.hpp
[8.029s] -- Installing: /dev_ws/install/include/ur_dashboard_msgs/ur_dashboard_msgs/srv/detail/popup__rosidl_typesupport_introspection_cpp.hpp
[8.029s] -- Installing: /dev_ws/install/include/ur_dashboard_msgs/ur_dashboard_msgs/srv/detail/add_to_log__type_support.cpp
[8.029s] -- Installing: /dev_ws/install/include/ur_dashboard_msgs/ur_dashboard_msgs/srv/detail/load__type_support.cpp
[8.029s] -- Installing: /dev_ws/install/include/ur_dashboard_msgs/ur_dashboard_msgs/srv/detail/get_robot_mode__rosidl_typesupport_introspection_cpp.hpp
[8.029s] -- Installing: /dev_ws/install/include/ur_dashboard_msgs/ur_dashboard_msgs/srv/detail/get_loaded_program__rosidl_typesupport_introspection_cpp.hpp
[8.029s] -- Installing: /dev_ws/install/include/ur_dashboard_msgs/ur_dashboard_msgs/srv/detail/popup__type_support.cpp
[8.029s] -- Installing: /dev_ws/install/include/ur_dashboard_msgs/ur_dashboard_msgs/srv/detail/is_program_running__rosidl_typesupport_introspection_cpp.hpp
[8.029s] -- Installing: /dev_ws/install/include/ur_dashboard_msgs/ur_dashboard_msgs/srv/detail/get_safety_mode__type_support.cpp
[8.029s] -- Installing: /dev_ws/install/include/ur_dashboard_msgs/ur_dashboard_msgs/srv/detail/raw_request__type_support.cpp
[8.029s] -- Installing: /dev_ws/install/include/ur_dashboard_msgs/ur_dashboard_msgs/srv/detail/add_to_log__rosidl_typesupport_introspection_cpp.hpp
[8.029s] -- Installing: /dev_ws/install/include/ur_dashboard_msgs/ur_dashboard_msgs/srv/detail/get_loaded_program__type_support.cpp
[8.029s] -- Installing: /dev_ws/install/include/ur_dashboard_msgs/ur_dashboard_msgs/srv/detail/is_program_saved__rosidl_typesupport_introspection_cpp.hpp
[8.029s] -- Installing: /dev_ws/install/include/ur_dashboard_msgs/ur_dashboard_msgs/srv/detail/get_program_state__type_support.cpp
[8.029s] -- Installing: /dev_ws/install/include/ur_dashboard_msgs/ur_dashboard_msgs/srv/detail/get_program_state__rosidl_typesupport_introspection_cpp.hpp
[8.029s] -- Installing: /dev_ws/install/include/ur_dashboard_msgs/ur_dashboard_msgs/srv/detail/is_program_saved__type_support.cpp
[8.030s] -- Installing: /dev_ws/install/include/ur_dashboard_msgs/ur_dashboard_msgs/srv/detail/raw_request__rosidl_typesupport_introspection_cpp.hpp
[8.030s] -- Installing: /dev_ws/install/include/ur_dashboard_msgs/ur_dashboard_msgs/srv/detail/get_robot_mode__type_support.cpp
[8.030s] -- Installing: /dev_ws/install/lib/libur_dashboard_msgs__rosidl_typesupport_introspection_cpp.so
[8.030s] -- Set runtime path of "/dev_ws/install/lib/libur_dashboard_msgs__rosidl_typesupport_introspection_cpp.so" to ""
[8.030s] -- Installing: /dev_ws/install/lib/libur_dashboard_msgs__rosidl_typesupport_cpp.so
[8.030s] -- Set runtime path of "/dev_ws/install/lib/libur_dashboard_msgs__rosidl_typesupport_cpp.so" to ""
[8.030s] -- Installing: /dev_ws/install/share/ur_dashboard_msgs/environment/pythonpath.sh
[8.030s] -- Installing: /dev_ws/install/share/ur_dashboard_msgs/environment/pythonpath.dsv
[8.030s] -- Installing: /dev_ws/install/local/lib/python3.10/dist-packages/ur_dashboard_msgs-2.2.16-py3.10.egg-info
[8.031s] -- Installing: /dev_ws/install/local/lib/python3.10/dist-packages/ur_dashboard_msgs-2.2.16-py3.10.egg-info/SOURCES.txt
[8.031s] -- Installing: /dev_ws/install/local/lib/python3.10/dist-packages/ur_dashboard_msgs-2.2.16-py3.10.egg-info/dependency_links.txt
[8.031s] -- Installing: /dev_ws/install/local/lib/python3.10/dist-packages/ur_dashboard_msgs-2.2.16-py3.10.egg-info/top_level.txt
[8.031s] -- Installing: /dev_ws/install/local/lib/python3.10/dist-packages/ur_dashboard_msgs-2.2.16-py3.10.egg-info/PKG-INFO
[8.031s] -- Installing: /dev_ws/install/local/lib/python3.10/dist-packages/ur_dashboard_msgs
[8.031s] -- Installing: /dev_ws/install/local/lib/python3.10/dist-packages/ur_dashboard_msgs/libur_dashboard_msgs__rosidl_generator_py.so
[8.031s] -- Installing: /dev_ws/install/local/lib/python3.10/dist-packages/ur_dashboard_msgs/msg
[8.031s] -- Installing: /dev_ws/install/local/lib/python3.10/dist-packages/ur_dashboard_msgs/msg/_program_state.py
[8.031s] -- Installing: /dev_ws/install/local/lib/python3.10/dist-packages/ur_dashboard_msgs/msg/_safety_mode_s.c
[8.031s] -- Installing: /dev_ws/install/local/lib/python3.10/dist-packages/ur_dashboard_msgs/msg/_robot_mode_s.c
[8.031s] -- Installing: /dev_ws/install/local/lib/python3.10/dist-packages/ur_dashboard_msgs/msg/_safety_mode.py
[8.031s] -- Installing: /dev_ws/install/local/lib/python3.10/dist-packages/ur_dashboard_msgs/msg/__init__.py
[8.031s] -- Installing: /dev_ws/install/local/lib/python3.10/dist-packages/ur_dashboard_msgs/msg/_program_state_s.c
[8.031s] -- Installing: /dev_ws/install/local/lib/python3.10/dist-packages/ur_dashboard_msgs/msg/_robot_mode.py
[8.031s] -- Installing: /dev_ws/install/local/lib/python3.10/dist-packages/ur_dashboard_msgs/ur_dashboard_msgs_s__rosidl_typesupport_fastrtps_c.cpython-310-x86_64-linux-gnu.so
[8.031s] -- Installing: /dev_ws/install/local/lib/python3.10/dist-packages/ur_dashboard_msgs/action
[8.031s] -- Installing: /dev_ws/install/local/lib/python3.10/dist-packages/ur_dashboard_msgs/action/_set_mode_s.c
[8.031s] -- Installing: /dev_ws/install/local/lib/python3.10/dist-packages/ur_dashboard_msgs/action/_set_mode.py
[8.032s] -- Installing: /dev_ws/install/local/lib/python3.10/dist-packages/ur_dashboard_msgs/action/__init__.py
[8.032s] -- Installing: /dev_ws/install/local/lib/python3.10/dist-packages/ur_dashboard_msgs/_ur_dashboard_msgs_s.ep.rosidl_typesupport_c.c
[8.032s] -- Installing: /dev_ws/install/local/lib/python3.10/dist-packages/ur_dashboard_msgs/ur_dashboard_msgs_s__rosidl_typesupport_introspection_c.cpython-310-x86_64-linux-gnu.so
[8.032s] -- Installing: /dev_ws/install/local/lib/python3.10/dist-packages/ur_dashboard_msgs/_ur_dashboard_msgs_s.ep.rosidl_typesupport_introspection_c.c
[8.032s] -- Installing: /dev_ws/install/local/lib/python3.10/dist-packages/ur_dashboard_msgs/srv
[8.032s] -- Installing: /dev_ws/install/local/lib/python3.10/dist-packages/ur_dashboard_msgs/srv/_raw_request.py
[8.032s] -- Installing: /dev_ws/install/local/lib/python3.10/dist-packages/ur_dashboard_msgs/srv/_get_program_state.py
[8.032s] -- Installing: /dev_ws/install/local/lib/python3.10/dist-packages/ur_dashboard_msgs/srv/_is_program_saved.py
[8.032s] -- Installing: /dev_ws/install/local/lib/python3.10/dist-packages/ur_dashboard_msgs/srv/_get_loaded_program.py
[8.032s] -- Installing: /dev_ws/install/local/lib/python3.10/dist-packages/ur_dashboard_msgs/srv/_get_loaded_program_s.c
[8.032s] -- Installing: /dev_ws/install/local/lib/python3.10/dist-packages/ur_dashboard_msgs/srv/_load_s.c
[8.032s] -- Installing: /dev_ws/install/local/lib/python3.10/dist-packages/ur_dashboard_msgs/srv/_is_program_running.py
[8.032s] -- Installing: /dev_ws/install/local/lib/python3.10/dist-packages/ur_dashboard_msgs/srv/_get_robot_mode.py
[8.032s] -- Installing: /dev_ws/install/local/lib/python3.10/dist-packages/ur_dashboard_msgs/srv/_get_safety_mode.py
[8.033s] -- Installing: /dev_ws/install/local/lib/python3.10/dist-packages/ur_dashboard_msgs/srv/_load.py
[8.033s] -- Installing: /dev_ws/install/local/lib/python3.10/dist-packages/ur_dashboard_msgs/srv/_get_safety_mode_s.c
[8.033s] -- Installing: /dev_ws/install/local/lib/python3.10/dist-packages/ur_dashboard_msgs/srv/_popup_s.c
[8.033s] -- Installing: /dev_ws/install/local/lib/python3.10/dist-packages/ur_dashboard_msgs/srv/_add_to_log_s.c
[8.033s] -- Installing: /dev_ws/install/local/lib/python3.10/dist-packages/ur_dashboard_msgs/srv/_popup.py
[8.033s] -- Installing: /dev_ws/install/local/lib/python3.10/dist-packages/ur_dashboard_msgs/srv/_get_robot_mode_s.c
[8.033s] -- Installing: /dev_ws/install/local/lib/python3.10/dist-packages/ur_dashboard_msgs/srv/_add_to_log.py
[8.033s] -- Installing: /dev_ws/install/local/lib/python3.10/dist-packages/ur_dashboard_msgs/srv/_raw_request_s.c
[8.033s] -- Installing: /dev_ws/install/local/lib/python3.10/dist-packages/ur_dashboard_msgs/srv/__init__.py
[8.033s] -- Installing: /dev_ws/install/local/lib/python3.10/dist-packages/ur_dashboard_msgs/srv/_is_program_saved_s.c
[8.033s] -- Installing: /dev_ws/install/local/lib/python3.10/dist-packages/ur_dashboard_msgs/srv/_is_program_running_s.c
[8.033s] -- Installing: /dev_ws/install/local/lib/python3.10/dist-packages/ur_dashboard_msgs/srv/_get_program_state_s.c
[8.033s] -- Installing: /dev_ws/install/local/lib/python3.10/dist-packages/ur_dashboard_msgs/_ur_dashboard_msgs_s.ep.rosidl_typesupport_fastrtps_c.c
[8.033s] -- Installing: /dev_ws/install/local/lib/python3.10/dist-packages/ur_dashboard_msgs/__init__.py
[8.033s] -- Installing: /dev_ws/install/local/lib/python3.10/dist-packages/ur_dashboard_msgs/ur_dashboard_msgs_s__rosidl_typesupport_c.cpython-310-x86_64-linux-gnu.so
[8.073s] Listing '/dev_ws/install/local/lib/python3.10/dist-packages/ur_dashboard_msgs'...
[8.073s] Compiling '/dev_ws/install/local/lib/python3.10/dist-packages/ur_dashboard_msgs/__init__.py'...
[8.073s] Listing '/dev_ws/install/local/lib/python3.10/dist-packages/ur_dashboard_msgs/action'...
[8.073s] Compiling '/dev_ws/install/local/lib/python3.10/dist-packages/ur_dashboard_msgs/action/__init__.py'...
[8.073s] Compiling '/dev_ws/install/local/lib/python3.10/dist-packages/ur_dashboard_msgs/action/_set_mode.py'...
[8.073s] Listing '/dev_ws/install/local/lib/python3.10/dist-packages/ur_dashboard_msgs/msg'...
[8.073s] Compiling '/dev_ws/install/local/lib/python3.10/dist-packages/ur_dashboard_msgs/msg/__init__.py'...
[8.073s] Compiling '/dev_ws/install/local/lib/python3.10/dist-packages/ur_dashboard_msgs/msg/_program_state.py'...
[8.074s] Compiling '/dev_ws/install/local/lib/python3.10/dist-packages/ur_dashboard_msgs/msg/_robot_mode.py'...
[8.074s] Compiling '/dev_ws/install/local/lib/python3.10/dist-packages/ur_dashboard_msgs/msg/_safety_mode.py'...
[8.074s] Listing '/dev_ws/install/local/lib/python3.10/dist-packages/ur_dashboard_msgs/srv'...
[8.074s] Compiling '/dev_ws/install/local/lib/python3.10/dist-packages/ur_dashboard_msgs/srv/__init__.py'...
[8.074s] Compiling '/dev_ws/install/local/lib/python3.10/dist-packages/ur_dashboard_msgs/srv/_add_to_log.py'...
[8.074s] Compiling '/dev_ws/install/local/lib/python3.10/dist-packages/ur_dashboard_msgs/srv/_get_loaded_program.py'...
[8.074s] Compiling '/dev_ws/install/local/lib/python3.10/dist-packages/ur_dashboard_msgs/srv/_get_program_state.py'...
[8.074s] Compiling '/dev_ws/install/local/lib/python3.10/dist-packages/ur_dashboard_msgs/srv/_get_robot_mode.py'...
[8.074s] Compiling '/dev_ws/install/local/lib/python3.10/dist-packages/ur_dashboard_msgs/srv/_get_safety_mode.py'...
[8.074s] Compiling '/dev_ws/install/local/lib/python3.10/dist-packages/ur_dashboard_msgs/srv/_is_program_running.py'...
[8.074s] Compiling '/dev_ws/install/local/lib/python3.10/dist-packages/ur_dashboard_msgs/srv/_is_program_saved.py'...
[8.074s] Compiling '/dev_ws/install/local/lib/python3.10/dist-packages/ur_dashboard_msgs/srv/_load.py'...
[8.074s] Compiling '/dev_ws/install/local/lib/python3.10/dist-packages/ur_dashboard_msgs/srv/_popup.py'...
[8.074s] Compiling '/dev_ws/install/local/lib/python3.10/dist-packages/ur_dashboard_msgs/srv/_raw_request.py'...
[8.076s] -- Installing: /dev_ws/install/local/lib/python3.10/dist-packages/ur_dashboard_msgs/ur_dashboard_msgs_s__rosidl_typesupport_fastrtps_c.cpython-310-x86_64-linux-gnu.so
[8.077s] -- Set runtime path of "/dev_ws/install/local/lib/python3.10/dist-packages/ur_dashboard_msgs/ur_dashboard_msgs_s__rosidl_typesupport_fastrtps_c.cpython-310-x86_64-linux-gnu.so" to ""
[8.077s] -- Installing: /dev_ws/install/local/lib/python3.10/dist-packages/ur_dashboard_msgs/ur_dashboard_msgs_s__rosidl_typesupport_introspection_c.cpython-310-x86_64-linux-gnu.so
[8.077s] -- Set runtime path of "/dev_ws/install/local/lib/python3.10/dist-packages/ur_dashboard_msgs/ur_dashboard_msgs_s__rosidl_typesupport_introspection_c.cpython-310-x86_64-linux-gnu.so" to ""
[8.077s] -- Installing: /dev_ws/install/local/lib/python3.10/dist-packages/ur_dashboard_msgs/ur_dashboard_msgs_s__rosidl_typesupport_c.cpython-310-x86_64-linux-gnu.so
[8.077s] -- Set runtime path of "/dev_ws/install/local/lib/python3.10/dist-packages/ur_dashboard_msgs/ur_dashboard_msgs_s__rosidl_typesupport_c.cpython-310-x86_64-linux-gnu.so" to ""
[8.077s] -- Installing: /dev_ws/install/lib/libur_dashboard_msgs__rosidl_generator_py.so
[8.077s] -- Set runtime path of "/dev_ws/install/lib/libur_dashboard_msgs__rosidl_generator_py.so" to ""
[8.077s] -- Installing: /dev_ws/install/share/ur_dashboard_msgs/msg/ProgramState.idl
[8.078s] -- Installing: /dev_ws/install/share/ur_dashboard_msgs/msg/RobotMode.idl
[8.078s] -- Installing: /dev_ws/install/share/ur_dashboard_msgs/msg/SafetyMode.idl
[8.078s] -- Installing: /dev_ws/install/share/ur_dashboard_msgs/srv/AddToLog.idl
[8.078s] -- Installing: /dev_ws/install/share/ur_dashboard_msgs/srv/GetLoadedProgram.idl
[8.078s] -- Installing: /dev_ws/install/share/ur_dashboard_msgs/srv/GetProgramState.idl
[8.078s] -- Installing: /dev_ws/install/share/ur_dashboard_msgs/srv/GetRobotMode.idl
[8.078s] -- Installing: /dev_ws/install/share/ur_dashboard_msgs/srv/GetSafetyMode.idl
[8.078s] -- Installing: /dev_ws/install/share/ur_dashboard_msgs/srv/IsProgramRunning.idl
[8.078s] -- Installing: /dev_ws/install/share/ur_dashboard_msgs/srv/IsProgramSaved.idl
[8.078s] -- Installing: /dev_ws/install/share/ur_dashboard_msgs/srv/Load.idl
[8.078s] -- Installing: /dev_ws/install/share/ur_dashboard_msgs/srv/Popup.idl
[8.078s] -- Installing: /dev_ws/install/share/ur_dashboard_msgs/srv/RawRequest.idl
[8.078s] -- Installing: /dev_ws/install/share/ur_dashboard_msgs/action/SetMode.idl
[8.078s] -- Installing: /dev_ws/install/share/ur_dashboard_msgs/msg/ProgramState.msg
[8.078s] -- Installing: /dev_ws/install/share/ur_dashboard_msgs/msg/RobotMode.msg
[8.078s] -- Installing: /dev_ws/install/share/ur_dashboard_msgs/msg/SafetyMode.msg
[8.079s] -- Installing: /dev_ws/install/share/ur_dashboard_msgs/srv/AddToLog.srv
[8.079s] -- Installing: /dev_ws/install/share/ur_dashboard_msgs/srv/AddToLog_Request.msg
[8.079s] -- Installing: /dev_ws/install/share/ur_dashboard_msgs/srv/AddToLog_Response.msg
[8.079s] -- Installing: /dev_ws/install/share/ur_dashboard_msgs/srv/GetLoadedProgram.srv
[8.079s] -- Installing: /dev_ws/install/share/ur_dashboard_msgs/srv/GetLoadedProgram_Request.msg
[8.079s] -- Installing: /dev_ws/install/share/ur_dashboard_msgs/srv/GetLoadedProgram_Response.msg
[8.079s] -- Installing: /dev_ws/install/share/ur_dashboard_msgs/srv/GetProgramState.srv
[8.079s] -- Installing: /dev_ws/install/share/ur_dashboard_msgs/srv/GetProgramState_Request.msg
[8.079s] -- Installing: /dev_ws/install/share/ur_dashboard_msgs/srv/GetProgramState_Response.msg
[8.079s] -- Installing: /dev_ws/install/share/ur_dashboard_msgs/srv/GetRobotMode.srv
[8.079s] -- Installing: /dev_ws/install/share/ur_dashboard_msgs/srv/GetRobotMode_Request.msg
[8.079s] -- Installing: /dev_ws/install/share/ur_dashboard_msgs/srv/GetRobotMode_Response.msg
[8.079s] -- Installing: /dev_ws/install/share/ur_dashboard_msgs/srv/GetSafetyMode.srv
[8.079s] -- Installing: /dev_ws/install/share/ur_dashboard_msgs/srv/GetSafetyMode_Request.msg
[8.080s] -- Installing: /dev_ws/install/share/ur_dashboard_msgs/srv/GetSafetyMode_Response.msg
[8.080s] -- Installing: /dev_ws/install/share/ur_dashboard_msgs/srv/IsProgramRunning.srv
[8.080s] -- Installing: /dev_ws/install/share/ur_dashboard_msgs/srv/IsProgramRunning_Request.msg
[8.080s] -- Installing: /dev_ws/install/share/ur_dashboard_msgs/srv/IsProgramRunning_Response.msg
[8.080s] -- Installing: /dev_ws/install/share/ur_dashboard_msgs/srv/IsProgramSaved.srv
[8.080s] -- Installing: /dev_ws/install/share/ur_dashboard_msgs/srv/IsProgramSaved_Request.msg
[8.080s] -- Installing: /dev_ws/install/share/ur_dashboard_msgs/srv/IsProgramSaved_Response.msg
[8.080s] -- Installing: /dev_ws/install/share/ur_dashboard_msgs/srv/Load.srv
[8.080s] -- Installing: /dev_ws/install/share/ur_dashboard_msgs/srv/Load_Request.msg
[8.080s] -- Installing: /dev_ws/install/share/ur_dashboard_msgs/srv/Load_Response.msg
[8.080s] -- Installing: /dev_ws/install/share/ur_dashboard_msgs/srv/Popup.srv
[8.080s] -- Installing: /dev_ws/install/share/ur_dashboard_msgs/srv/Popup_Request.msg
[8.080s] -- Installing: /dev_ws/install/share/ur_dashboard_msgs/srv/Popup_Response.msg
[8.080s] -- Installing: /dev_ws/install/share/ur_dashboard_msgs/srv/RawRequest.srv
[8.081s] -- Installing: /dev_ws/install/share/ur_dashboard_msgs/srv/RawRequest_Request.msg
[8.081s] -- Installing: /dev_ws/install/share/ur_dashboard_msgs/srv/RawRequest_Response.msg
[8.081s] -- Installing: /dev_ws/install/share/ur_dashboard_msgs/action/SetMode.action
[8.081s] -- Installing: /dev_ws/install/share/ament_index/resource_index/package_run_dependencies/ur_dashboard_msgs
[8.081s] -- Installing: /dev_ws/install/share/ament_index/resource_index/parent_prefix_path/ur_dashboard_msgs
[8.081s] -- Installing: /dev_ws/install/share/ur_dashboard_msgs/environment/ament_prefix_path.sh
[8.081s] -- Installing: /dev_ws/install/share/ur_dashboard_msgs/environment/ament_prefix_path.dsv
[8.081s] -- Installing: /dev_ws/install/share/ur_dashboard_msgs/environment/path.sh
[8.081s] -- Installing: /dev_ws/install/share/ur_dashboard_msgs/environment/path.dsv
[8.081s] -- Installing: /dev_ws/install/share/ur_dashboard_msgs/local_setup.bash
[8.081s] -- Installing: /dev_ws/install/share/ur_dashboard_msgs/local_setup.sh
[8.081s] -- Installing: /dev_ws/install/share/ur_dashboard_msgs/local_setup.zsh
[8.081s] -- Installing: /dev_ws/install/share/ur_dashboard_msgs/local_setup.dsv
[8.081s] -- Installing: /dev_ws/install/share/ur_dashboard_msgs/package.dsv
[8.082s] -- Installing: /dev_ws/install/share/ament_index/resource_index/packages/ur_dashboard_msgs
[8.082s] -- Installing: /dev_ws/install/share/ur_dashboard_msgs/cmake/export_ur_dashboard_msgs__rosidl_generator_cExport.cmake
[8.082s] -- Installing: /dev_ws/install/share/ur_dashboard_msgs/cmake/export_ur_dashboard_msgs__rosidl_generator_cExport-noconfig.cmake
[8.082s] -- Installing: /dev_ws/install/share/ur_dashboard_msgs/cmake/export_ur_dashboard_msgs__rosidl_typesupport_fastrtps_cExport.cmake
[8.082s] -- Installing: /dev_ws/install/share/ur_dashboard_msgs/cmake/export_ur_dashboard_msgs__rosidl_typesupport_fastrtps_cExport-noconfig.cmake
[8.082s] -- Installing: /dev_ws/install/share/ur_dashboard_msgs/cmake/ur_dashboard_msgs__rosidl_typesupport_introspection_cExport.cmake
[8.082s] -- Installing: /dev_ws/install/share/ur_dashboard_msgs/cmake/ur_dashboard_msgs__rosidl_typesupport_introspection_cExport-noconfig.cmake
[8.082s] -- Installing: /dev_ws/install/share/ur_dashboard_msgs/cmake/ur_dashboard_msgs__rosidl_typesupport_cExport.cmake
[8.082s] -- Installing: /dev_ws/install/share/ur_dashboard_msgs/cmake/ur_dashboard_msgs__rosidl_typesupport_cExport-noconfig.cmake
[8.082s] -- Installing: /dev_ws/install/share/ur_dashboard_msgs/cmake/export_ur_dashboard_msgs__rosidl_generator_cppExport.cmake
[8.082s] -- Installing: /dev_ws/install/share/ur_dashboard_msgs/cmake/export_ur_dashboard_msgs__rosidl_typesupport_fastrtps_cppExport.cmake
[8.082s] -- Installing: /dev_ws/install/share/ur_dashboard_msgs/cmake/export_ur_dashboard_msgs__rosidl_typesupport_fastrtps_cppExport-noconfig.cmake
[8.083s] -- Installing: /dev_ws/install/share/ur_dashboard_msgs/cmake/ur_dashboard_msgs__rosidl_typesupport_introspection_cppExport.cmake
[8.083s] -- Installing: /dev_ws/install/share/ur_dashboard_msgs/cmake/ur_dashboard_msgs__rosidl_typesupport_introspection_cppExport-noconfig.cmake
[8.083s] -- Installing: /dev_ws/install/share/ur_dashboard_msgs/cmake/ur_dashboard_msgs__rosidl_typesupport_cppExport.cmake
[8.083s] -- Installing: /dev_ws/install/share/ur_dashboard_msgs/cmake/ur_dashboard_msgs__rosidl_typesupport_cppExport-noconfig.cmake
[8.083s] -- Installing: /dev_ws/install/share/ur_dashboard_msgs/cmake/export_ur_dashboard_msgs__rosidl_generator_pyExport.cmake
[8.083s] -- Installing: /dev_ws/install/share/ur_dashboard_msgs/cmake/export_ur_dashboard_msgs__rosidl_generator_pyExport-noconfig.cmake
[8.083s] -- Installing: /dev_ws/install/share/ur_dashboard_msgs/cmake/rosidl_cmake-extras.cmake
[8.083s] -- Installing: /dev_ws/install/share/ur_dashboard_msgs/cmake/ament_cmake_export_dependencies-extras.cmake
[8.083s] -- Installing: /dev_ws/install/share/ur_dashboard_msgs/cmake/ament_cmake_export_include_directories-extras.cmake
[8.083s] -- Installing: /dev_ws/install/share/ur_dashboard_msgs/cmake/ament_cmake_export_libraries-extras.cmake
[8.083s] -- Installing: /dev_ws/install/share/ur_dashboard_msgs/cmake/ament_cmake_export_targets-extras.cmake
[8.083s] -- Installing: /dev_ws/install/share/ur_dashboard_msgs/cmake/rosidl_cmake_export_typesupport_targets-extras.cmake
[8.083s] -- Installing: /dev_ws/install/share/ur_dashboard_msgs/cmake/rosidl_cmake_export_typesupport_libraries-extras.cmake
[8.083s] -- Installing: /dev_ws/install/share/ur_dashboard_msgs/cmake/ur_dashboard_msgsConfig.cmake
[8.084s] -- Installing: /dev_ws/install/share/ur_dashboard_msgs/cmake/ur_dashboard_msgsConfig-version.cmake
[8.084s] -- Installing: /dev_ws/install/share/ur_dashboard_msgs/package.xml
[8.086s] Invoked command in '/dev_ws/build/ur_dashboard_msgs' returned '0': CMAKE_PREFIX_PATH=${CMAKE_PREFIX_PATH}:/opt/ros/humble /usr/bin/cmake --install /dev_ws/build/ur_dashboard_msgs
