/dev_ws/install/lib/python3.10/site-packages/easy_handeye2/handeye_calibration_backend_opencv.py
/dev_ws/install/lib/python3.10/site-packages/easy_handeye2/handeye_server.py
/dev_ws/install/lib/python3.10/site-packages/easy_handeye2/common_launch.py
/dev_ws/install/lib/python3.10/site-packages/easy_handeye2/handeye_rqt_calibrator.py
/dev_ws/install/lib/python3.10/site-packages/easy_handeye2/handeye_rqt_calibrator_widget.py
/dev_ws/install/lib/python3.10/site-packages/easy_handeye2/handeye_rqt_evaluator.py
/dev_ws/install/lib/python3.10/site-packages/easy_handeye2/handeye_client.py
/dev_ws/install/lib/python3.10/site-packages/easy_handeye2/handeye_rqt_evaluator_widget.py
/dev_ws/install/lib/python3.10/site-packages/easy_handeye2/handeye_sampler.py
/dev_ws/install/lib/python3.10/site-packages/easy_handeye2/handeye_robot.py
/dev_ws/install/lib/python3.10/site-packages/easy_handeye2/handeye_calibration_commander.py
/dev_ws/install/lib/python3.10/site-packages/easy_handeye2/__init__.py
/dev_ws/install/lib/python3.10/site-packages/easy_handeye2/handeye_calibration.py
/dev_ws/install/lib/python3.10/site-packages/easy_handeye2/handeye_server_robot.py
/dev_ws/install/lib/python3.10/site-packages/easy_handeye2/handeye_publisher.py
/dev_ws/install/lib/python3.10/site-packages/easy_handeye2/__pycache__/handeye_calibration_backend_opencv.cpython-310.pyc
/dev_ws/install/lib/python3.10/site-packages/easy_handeye2/__pycache__/handeye_server.cpython-310.pyc
/dev_ws/install/lib/python3.10/site-packages/easy_handeye2/__pycache__/common_launch.cpython-310.pyc
/dev_ws/install/lib/python3.10/site-packages/easy_handeye2/__pycache__/handeye_rqt_calibrator.cpython-310.pyc
/dev_ws/install/lib/python3.10/site-packages/easy_handeye2/__pycache__/handeye_rqt_calibrator_widget.cpython-310.pyc
/dev_ws/install/lib/python3.10/site-packages/easy_handeye2/__pycache__/handeye_rqt_evaluator.cpython-310.pyc
/dev_ws/install/lib/python3.10/site-packages/easy_handeye2/__pycache__/handeye_client.cpython-310.pyc
/dev_ws/install/lib/python3.10/site-packages/easy_handeye2/__pycache__/handeye_rqt_evaluator_widget.cpython-310.pyc
/dev_ws/install/lib/python3.10/site-packages/easy_handeye2/__pycache__/handeye_sampler.cpython-310.pyc
/dev_ws/install/lib/python3.10/site-packages/easy_handeye2/__pycache__/handeye_robot.cpython-310.pyc
/dev_ws/install/lib/python3.10/site-packages/easy_handeye2/__pycache__/handeye_calibration_commander.cpython-310.pyc
/dev_ws/install/lib/python3.10/site-packages/easy_handeye2/__pycache__/__init__.cpython-310.pyc
/dev_ws/install/lib/python3.10/site-packages/easy_handeye2/__pycache__/handeye_calibration.cpython-310.pyc
/dev_ws/install/lib/python3.10/site-packages/easy_handeye2/__pycache__/handeye_server_robot.cpython-310.pyc
/dev_ws/install/lib/python3.10/site-packages/easy_handeye2/__pycache__/handeye_publisher.cpython-310.pyc
/dev_ws/install/share/ament_index/resource_index/packages/easy_handeye2
/dev_ws/install/share/easy_handeye2/resource/rqt_handeye_info.ui
/dev_ws/install/share/easy_handeye2/resource/rqt_handeye_evaluator.ui
/dev_ws/install/share/easy_handeye2/resource/rqt_handeye.ui
/dev_ws/install/share/easy_handeye2/package.xml
/dev_ws/install/share/easy_handeye2/plugin_evaluator.xml
/dev_ws/install/share/easy_handeye2/plugin_calibrator.xml
/dev_ws/install/share/easy_handeye2/launch/calibrate.launch.py
/dev_ws/install/share/easy_handeye2/launch/publish.launch.py
/dev_ws/install/share/easy_handeye2/launch/evaluate.launch.py
/dev_ws/install/share/easy_handeye2/launch/handeye_calibrate.launch.py
/dev_ws/install/lib/python3.10/site-packages/easy_handeye2-0.5.0-py3.10.egg-info/SOURCES.txt
/dev_ws/install/lib/python3.10/site-packages/easy_handeye2-0.5.0-py3.10.egg-info/dependency_links.txt
/dev_ws/install/lib/python3.10/site-packages/easy_handeye2-0.5.0-py3.10.egg-info/top_level.txt
/dev_ws/install/lib/python3.10/site-packages/easy_handeye2-0.5.0-py3.10.egg-info/PKG-INFO
/dev_ws/install/lib/python3.10/site-packages/easy_handeye2-0.5.0-py3.10.egg-info/entry_points.txt
/dev_ws/install/lib/python3.10/site-packages/easy_handeye2-0.5.0-py3.10.egg-info/requires.txt
/dev_ws/install/lib/python3.10/site-packages/easy_handeye2-0.5.0-py3.10.egg-info/zip-safe
/dev_ws/install/lib/easy_handeye2/rqt_calibrator.py
/dev_ws/install/lib/easy_handeye2/rqt_evaluator.py
/dev_ws/install/lib/easy_handeye2/handeye_calibration_commander
/dev_ws/install/lib/easy_handeye2/handeye_publisher
/dev_ws/install/lib/easy_handeye2/handeye_server
/dev_ws/install/lib/easy_handeye2/handeye_server_robot
